******************************************************************************
                  TI ARM Linker PC v16.9.1                     
******************************************************************************
>> Linked Thu Nov 30 10:28:58 2017

OUTPUT FILE NAME:   <EGCP_450_Lab_7_Part_2.out>
ENTRY POINT SYMBOL: "_c_int00"  address: 000008a5


MEMORY CONFIGURATION

         name            origin    length      used     unused   attr    fill
----------------------  --------  ---------  --------  --------  ----  --------
  MAIN                  00000000   00040000  00000a1e  0003f5e2  R  X
  INFO                  00200000   00004000  00000000  00004000  R  X
  SRAM_CODE             01000000   00010000  00000000  00010000  RW X
  SRAM_DATA             20000000   00010000  00000226  0000fdda  RW  


SEGMENT ALLOCATION MAP

run origin  load origin   length   init length attrs members
----------  ----------- ---------- ----------- ----- -------
00000000    00000000    00000a20   00000a20    r-x
  00000000    00000000    00000144   00000144    r-- .intvecs
  00000144    00000144    000008a2   000008a2    r-x .text
  000009e8    000009e8    00000038   00000038    r-- .cinit
20000000    20000000    00000026   00000000    rw-
  20000000    20000000    00000018   00000000    rw- .data
  20000018    20000018    0000000e   00000000    rw- .bss
2000fe00    2000fe00    00000200   00000000    rw-
  2000fe00    2000fe00    00000200   00000000    rw- .stack


SECTION ALLOCATION MAP

 output                                  attributes/
section   page    origin      length       input sections
--------  ----  ----------  ----------   ----------------
.intvecs   0    00000000    00000144     
                  00000000    00000144     msp432_startup_ccs.obj (.intvecs)

.text      0    00000144    000008a2     
                  00000144    000002d0     LCD.obj (.text)
                  00000414    000000ec     SysTickInts.obj (.text)
                  00000500    000000b4     ADC14.obj (.text)
                  000005b4    0000009c     rtsv7M4_T_le_v4SPD16_eabi.lib : memcpy_t2.obj (.text)
                  00000650    0000009a     msp432_startup_ccs.obj (.text)
                  000006ea    0000007a     rtsv7M4_T_le_v4SPD16_eabi.lib : memset_t2.obj (.text)
                  00000764    00000070                                   : autoinit.obj (.text)
                  000007d4    00000068                                   : copy_decompress_lzss.obj (.text:decompress:lzss)
                  0000083c    00000068     main.obj (.text)
                  000008a4    00000054     rtsv7M4_T_le_v4SPD16_eabi.lib : boot.obj (.text)
                  000008f8    00000054                                   : exit.obj (.text)
                  0000094c    0000004c                                   : cpy_tbl.obj (.text)
                  00000998    00000018                                   : args_main.obj (.text)
                  000009b0    00000014                                   : _lock.obj (.text)
                  000009c4    0000000e                                   : copy_decompress_none.obj (.text:decompress:none)
                  000009d2    0000000c                                   : copy_zero_init.obj (.text:decompress:ZI)
                  000009de    00000004                                   : pre_init.obj (.text)
                  000009e2    00000002                                   : mpu_init.obj (.text)
                  000009e4    00000002                                   : startup.obj (.text)

.cinit     0    000009e8    00000038     
                  000009e8    00000011     (.cinit..data.load) [load image, compression = lzss]
                  000009f9    00000003     --HOLE-- [fill = 0]
                  000009fc    0000000c     (__TI_handler_table)
                  00000a08    00000008     (.cinit..bss.load) [load image, compression = zero_init]
                  00000a10    00000010     (__TI_cinit_table)

.data      0    20000000    00000018     UNINITIALIZED
                  20000000    0000000c     rtsv7M4_T_le_v4SPD16_eabi.lib : exit.obj (.data:$O1$$)
                  2000000c    00000008                                   : _lock.obj (.data:$O1$$)
                  20000014    00000004                                   : stkdepth_vars.obj (.data)

.bss       0    20000018    0000000e     UNINITIALIZED
                  20000018    00000004     (.common:ADCvalue)
                  2000001c    00000004     (.common:Counts)
                  20000020    00000004     (.common:wait_per)
                  20000024    00000001     (.common:LCD_E)
                  20000025    00000001     (.common:LCD_RS)

.stack     0    2000fe00    00000200     UNINITIALIZED
                  2000fe00    00000200     --HOLE--

MODULE SUMMARY

       Module                     code   ro data   rw data
       ------                     ----   -------   -------
    .\
       LCD.obj                    720    0         2      
       msp432_startup_ccs.obj     154    324       0      
       SysTickInts.obj            236    0         12     
       ADC14.obj                  180    0         0      
       main.obj                   104    0         0      
    +--+--------------------------+------+---------+---------+
       Total:                     1394   324       14     
                                                          
    C:\ti\ccsv7\tools\compiler\ti-cgt-arm_16.9.1.LTS\lib\rtsv7M4_T_le_v4SPD16_eabi.lib
       memcpy_t2.obj              156    0         0      
       memset_t2.obj              122    0         0      
       autoinit.obj               112    0         0      
       copy_decompress_lzss.obj   104    0         0      
       exit.obj                   84     0         12     
       boot.obj                   84     0         0      
       cpy_tbl.obj                76     0         0      
       _lock.obj                  20     0         8      
       args_main.obj              24     0         0      
       copy_decompress_none.obj   14     0         0      
       copy_zero_init.obj         12     0         0      
       pre_init.obj               4      0         0      
       stkdepth_vars.obj          0      0         4      
       mpu_init.obj               2      0         0      
       startup.obj                2      0         0      
    +--+--------------------------+------+---------+---------+
       Total:                     816    0         24     
                                                          
       Stack:                     0      0         512    
       Linker Generated:          0      53        0      
    +--+--------------------------+------+---------+---------+
       Grand Total:               2210   377       550    


LINKER GENERATED COPY TABLES

__TI_cinit_table @ 00000a10 records: 2, size/record: 8, table size: 16
	.data: load addr=000009e8, load size=00000011 bytes, run addr=20000000, run size=00000018 bytes, compression=lzss
	.bss: load addr=00000a08, load size=00000008 bytes, run addr=20000018, run size=0000000e bytes, compression=zero_init


LINKER GENERATED HANDLER TABLE

__TI_handler_table @ 000009fc records: 3, size/record: 4, table size: 12
	index: 0, handler: __TI_decompress_lzss
	index: 1, handler: __TI_decompress_none
	index: 2, handler: __TI_zero_init


GLOBAL SYMBOLS: SORTED ALPHABETICALLY BY Name 

address   name                           
-------   ----                           
00000501  ADC0_InitSWTriggerCh0          
000006a5  ADC14_IRQHandler               
00000569  ADC_In                         
20000018  ADCvalue                       
000006ad  AES256_IRQHandler              
000008f9  C$$EXIT                        
00000681  COMP_E0_IRQHandler             
00000683  COMP_E1_IRQHandler             
00000677  CS_IRQHandler                  
2000001c  Counts                         
000006b1  DMA_ERR_IRQHandler             
000006b9  DMA_INT0_IRQHandler            
000006b7  DMA_INT1_IRQHandler            
000006b5  DMA_INT2_IRQHandler            
000006b3  DMA_INT3_IRQHandler            
0000066f  DebugMon_Handler               
000006c7  DisableInterrupts              
00000695  EUSCIA0_IRQHandler             
00000697  EUSCIA1_IRQHandler             
00000699  EUSCIA2_IRQHandler             
0000069b  EUSCIA3_IRQHandler             
0000069d  EUSCIB0_IRQHandler             
0000069f  EUSCIB1_IRQHandler             
000006a1  EUSCIB2_IRQHandler             
000006a3  EUSCIB3_IRQHandler             
000006cd  EnableInterrupts               
000006dd  EndCritical                    
0000067f  FLCTL_IRQHandler               
0000067d  FPU_IRQHandler                 
000001b7  LCD_Clear                      
20000024  LCD_E                          
000001c7  LCD_Init                       
0000025d  LCD_OutChar                    
0000029f  LCD_OutCmd                     
000002e1  LCD_OutString                  
000002ff  LCD_OutUDec                    
0000036b  LCD_OutUFix                    
0000032f  LCD_OutUHex                    
20000025  LCD_RS                         
00000145  OutPort6                       
00000679  PCM_IRQHandler                 
000006bb  PORT1_IRQHandler               
000006bd  PORT2_IRQHandler               
000006bf  PORT3_IRQHandler               
000006c1  PORT4_IRQHandler               
000006c3  PORT5_IRQHandler               
000006c5  PORT6_IRQHandler               
00000675  PSS_IRQHandler                 
00000671  PendSV_Handler                 
000006af  RTC_C_IRQHandler               
UNDEFED   SHT$$INIT_ARRAY$$Base          
UNDEFED   SHT$$INIT_ARRAY$$Limit         
0000066d  SVC_Handler                    
00000181  SendChar                       
0000019d  SendCmd                        
00000159  SendPulse                      
000006d3  StartCritical                  
00000465  SysTick_Handler                
00000415  SysTick_Init                   
00000471  SysTick_Mailbox                
00000477  SysTick_Wait                   
000004af  SysTick_Wait10ms               
000006a7  T32_INT1_IRQHandler            
000006a9  T32_INT2_IRQHandler            
000006ab  T32_INTC_IRQHandler            
00000685  TA0_0_IRQHandler               
00000687  TA0_N_IRQHandler               
00000689  TA1_0_IRQHandler               
0000068b  TA1_N_IRQHandler               
0000068d  TA2_0_IRQHandler               
0000068f  TA2_N_IRQHandler               
00000691  TA3_0_IRQHandler               
00000693  TA3_N_IRQHandler               
4000480c  WDTCTL_SYM                     
0000067b  WDT_A_IRQHandler               
000006e5  WaitForInterrupt               
20010000  __STACK_END                    
00000200  __STACK_SIZE                   
00000a10  __TI_CINIT_Base                
00000a20  __TI_CINIT_Limit               
000009fc  __TI_Handler_Table_Base        
00000a08  __TI_Handler_Table_Limit       
00000765  __TI_auto_init                 
20000000  __TI_cleanup_ptr               
000007d5  __TI_decompress_lzss           
000009c5  __TI_decompress_none           
20000004  __TI_dtors_ptr                 
20000008  __TI_enable_exit_profile_output
ffffffff  __TI_pprof_out_hndl            
ffffffff  __TI_prof_data_size            
ffffffff  __TI_prof_data_start           
00000000  __TI_static_base__             
000009d3  __TI_zero_init                 
000006eb  __aeabi_memclr                 
000006eb  __aeabi_memclr4                
000006eb  __aeabi_memclr8                
000005b5  __aeabi_memcpy                 
000005b5  __aeabi_memcpy4                
000005b5  __aeabi_memcpy8                
000006ed  __aeabi_memset                 
000006ed  __aeabi_memset4                
000006ed  __aeabi_memset8                
ffffffff  __binit__                      
ffffffff  __c_args__                     
000009e3  __mpu_init                     
2000fe00  __stack                        
00000999  _args_main                     
000008a5  _c_int00                       
2000000c  _lock                          
000009bf  _nop                           
000009b7  _register_lock                 
000009b1  _register_unlock               
000009e5  _system_post_cinit             
000009df  _system_pre_init               
20000010  _unlock                        
000008fd  abort                          
ffffffff  binit                          
0000094d  copy_in                        
00000905  exit                           
00000000  interruptVectors               
0000083d  main                           
20000014  main_func_sp                   
000005b5  memcpy                         
000006f3  memset                         
20000020  wait_per                       


GLOBAL SYMBOLS: SORTED BY Symbol Address 

address   name                           
-------   ----                           
00000000  __TI_static_base__             
00000000  interruptVectors               
00000145  OutPort6                       
00000159  SendPulse                      
00000181  SendChar                       
0000019d  SendCmd                        
000001b7  LCD_Clear                      
000001c7  LCD_Init                       
00000200  __STACK_SIZE                   
0000025d  LCD_OutChar                    
0000029f  LCD_OutCmd                     
000002e1  LCD_OutString                  
000002ff  LCD_OutUDec                    
0000032f  LCD_OutUHex                    
0000036b  LCD_OutUFix                    
00000415  SysTick_Init                   
00000465  SysTick_Handler                
00000471  SysTick_Mailbox                
00000477  SysTick_Wait                   
000004af  SysTick_Wait10ms               
00000501  ADC0_InitSWTriggerCh0          
00000569  ADC_In                         
000005b5  __aeabi_memcpy                 
000005b5  __aeabi_memcpy4                
000005b5  __aeabi_memcpy8                
000005b5  memcpy                         
0000066d  SVC_Handler                    
0000066f  DebugMon_Handler               
00000671  PendSV_Handler                 
00000675  PSS_IRQHandler                 
00000677  CS_IRQHandler                  
00000679  PCM_IRQHandler                 
0000067b  WDT_A_IRQHandler               
0000067d  FPU_IRQHandler                 
0000067f  FLCTL_IRQHandler               
00000681  COMP_E0_IRQHandler             
00000683  COMP_E1_IRQHandler             
00000685  TA0_0_IRQHandler               
00000687  TA0_N_IRQHandler               
00000689  TA1_0_IRQHandler               
0000068b  TA1_N_IRQHandler               
0000068d  TA2_0_IRQHandler               
0000068f  TA2_N_IRQHandler               
00000691  TA3_0_IRQHandler               
00000693  TA3_N_IRQHandler               
00000695  EUSCIA0_IRQHandler             
00000697  EUSCIA1_IRQHandler             
00000699  EUSCIA2_IRQHandler             
0000069b  EUSCIA3_IRQHandler             
0000069d  EUSCIB0_IRQHandler             
0000069f  EUSCIB1_IRQHandler             
000006a1  EUSCIB2_IRQHandler             
000006a3  EUSCIB3_IRQHandler             
000006a5  ADC14_IRQHandler               
000006a7  T32_INT1_IRQHandler            
000006a9  T32_INT2_IRQHandler            
000006ab  T32_INTC_IRQHandler            
000006ad  AES256_IRQHandler              
000006af  RTC_C_IRQHandler               
000006b1  DMA_ERR_IRQHandler             
000006b3  DMA_INT3_IRQHandler            
000006b5  DMA_INT2_IRQHandler            
000006b7  DMA_INT1_IRQHandler            
000006b9  DMA_INT0_IRQHandler            
000006bb  PORT1_IRQHandler               
000006bd  PORT2_IRQHandler               
000006bf  PORT3_IRQHandler               
000006c1  PORT4_IRQHandler               
000006c3  PORT5_IRQHandler               
000006c5  PORT6_IRQHandler               
000006c7  DisableInterrupts              
000006cd  EnableInterrupts               
000006d3  StartCritical                  
000006dd  EndCritical                    
000006e5  WaitForInterrupt               
000006eb  __aeabi_memclr                 
000006eb  __aeabi_memclr4                
000006eb  __aeabi_memclr8                
000006ed  __aeabi_memset                 
000006ed  __aeabi_memset4                
000006ed  __aeabi_memset8                
000006f3  memset                         
00000765  __TI_auto_init                 
000007d5  __TI_decompress_lzss           
0000083d  main                           
000008a5  _c_int00                       
000008f9  C$$EXIT                        
000008fd  abort                          
00000905  exit                           
0000094d  copy_in                        
00000999  _args_main                     
000009b1  _register_unlock               
000009b7  _register_lock                 
000009bf  _nop                           
000009c5  __TI_decompress_none           
000009d3  __TI_zero_init                 
000009df  _system_pre_init               
000009e3  __mpu_init                     
000009e5  _system_post_cinit             
000009fc  __TI_Handler_Table_Base        
00000a08  __TI_Handler_Table_Limit       
00000a10  __TI_CINIT_Base                
00000a20  __TI_CINIT_Limit               
20000000  __TI_cleanup_ptr               
20000004  __TI_dtors_ptr                 
20000008  __TI_enable_exit_profile_output
2000000c  _lock                          
20000010  _unlock                        
20000014  main_func_sp                   
20000018  ADCvalue                       
2000001c  Counts                         
20000020  wait_per                       
20000024  LCD_E                          
20000025  LCD_RS                         
2000fe00  __stack                        
20010000  __STACK_END                    
4000480c  WDTCTL_SYM                     
ffffffff  __TI_pprof_out_hndl            
ffffffff  __TI_prof_data_size            
ffffffff  __TI_prof_data_start           
ffffffff  __binit__                      
ffffffff  __c_args__                     
ffffffff  binit                          
UNDEFED   SHT$$INIT_ARRAY$$Base          
UNDEFED   SHT$$INIT_ARRAY$$Limit         

[125 symbols]
