<?xml version="1.0"?>
<link_info>
   <banner>TI ARM Linker PC v5.2.7</banner>
   <copyright>Copyright (c) 1996-2015 Texas Instruments Incorporated</copyright>
   <link_time>0x57b781b8</link_time>
   <link_errors>0x0</link_errors>
   <output_file>EGCP_450_Lab_7.out</output_file>
   <entry_point>
      <name>_c_int00</name>
      <address>0xaf1</address>
   </entry_point>
   <input_file_list>
      <input_file id="fl-2">
         <path>.\</path>
         <kind>object</kind>
         <file>ClockSystem.obj</file>
         <name>ClockSystem.obj</name>
      </input_file>
      <input_file id="fl-3">
         <path>.\</path>
         <kind>object</kind>
         <file>LCD.obj</file>
         <name>LCD.obj</name>
      </input_file>
      <input_file id="fl-4">
         <path>.\</path>
         <kind>object</kind>
         <file>SysTick.obj</file>
         <name>SysTick.obj</name>
      </input_file>
      <input_file id="fl-5">
         <path>.\</path>
         <kind>object</kind>
         <file>main.obj</file>
         <name>main.obj</name>
      </input_file>
      <input_file id="fl-6">
         <path>.\</path>
         <kind>object</kind>
         <file>msp432_startup_ccs.obj</file>
         <name>msp432_startup_ccs.obj</name>
      </input_file>
      <input_file id="fl-12c">
         <path>C:\ti\ccsv6\tools\compiler\ti-cgt-arm_5.2.7\lib\</path>
         <kind>archive</kind>
         <file>rtsv7M4_T_le_v4SPD16_eabi.lib</file>
         <name>boot.obj</name>
      </input_file>
      <input_file id="fl-12d">
         <path>C:\ti\ccsv6\tools\compiler\ti-cgt-arm_5.2.7\lib\</path>
         <kind>archive</kind>
         <file>rtsv7M4_T_le_v4SPD16_eabi.lib</file>
         <name>copy_decompress_none.obj</name>
      </input_file>
      <input_file id="fl-12e">
         <path>C:\ti\ccsv6\tools\compiler\ti-cgt-arm_5.2.7\lib\</path>
         <kind>archive</kind>
         <file>rtsv7M4_T_le_v4SPD16_eabi.lib</file>
         <name>copy_decompress_rle.obj</name>
      </input_file>
      <input_file id="fl-12f">
         <path>C:\ti\ccsv6\tools\compiler\ti-cgt-arm_5.2.7\lib\</path>
         <kind>archive</kind>
         <file>rtsv7M4_T_le_v4SPD16_eabi.lib</file>
         <name>copy_zero_init.obj</name>
      </input_file>
      <input_file id="fl-130">
         <path>C:\ti\ccsv6\tools\compiler\ti-cgt-arm_5.2.7\lib\</path>
         <kind>archive</kind>
         <file>rtsv7M4_T_le_v4SPD16_eabi.lib</file>
         <name>exit.obj</name>
      </input_file>
      <input_file id="fl-131">
         <path>C:\ti\ccsv6\tools\compiler\ti-cgt-arm_5.2.7\lib\</path>
         <kind>archive</kind>
         <file>rtsv7M4_T_le_v4SPD16_eabi.lib</file>
         <name>memcpy_t2.obj</name>
      </input_file>
      <input_file id="fl-132">
         <path>C:\ti\ccsv6\tools\compiler\ti-cgt-arm_5.2.7\lib\</path>
         <kind>archive</kind>
         <file>rtsv7M4_T_le_v4SPD16_eabi.lib</file>
         <name>memset_t2.obj</name>
      </input_file>
      <input_file id="fl-133">
         <path>C:\ti\ccsv6\tools\compiler\ti-cgt-arm_5.2.7\lib\</path>
         <kind>archive</kind>
         <file>rtsv7M4_T_le_v4SPD16_eabi.lib</file>
         <name>pre_init.obj</name>
      </input_file>
      <input_file id="fl-134">
         <path>C:\ti\ccsv6\tools\compiler\ti-cgt-arm_5.2.7\lib\</path>
         <kind>archive</kind>
         <file>rtsv7M4_T_le_v4SPD16_eabi.lib</file>
         <name>stkdepth_vars.obj</name>
      </input_file>
      <input_file id="fl-135">
         <path>C:\ti\ccsv6\tools\compiler\ti-cgt-arm_5.2.7\lib\</path>
         <kind>archive</kind>
         <file>rtsv7M4_T_le_v4SPD16_eabi.lib</file>
         <name>_lock.obj</name>
      </input_file>
      <input_file id="fl-136">
         <path>C:\ti\ccsv6\tools\compiler\ti-cgt-arm_5.2.7\lib\</path>
         <kind>archive</kind>
         <file>rtsv7M4_T_le_v4SPD16_eabi.lib</file>
         <name>args_main.obj</name>
      </input_file>
      <input_file id="fl-137">
         <path>C:\ti\ccsv6\tools\compiler\ti-cgt-arm_5.2.7\lib\</path>
         <kind>archive</kind>
         <file>rtsv7M4_T_le_v4SPD16_eabi.lib</file>
         <name>autoinit.obj</name>
      </input_file>
      <input_file id="fl-138">
         <path>C:\ti\ccsv6\tools\compiler\ti-cgt-arm_5.2.7\lib\</path>
         <kind>archive</kind>
         <file>rtsv7M4_T_le_v4SPD16_eabi.lib</file>
         <name>cpy_tbl.obj</name>
      </input_file>
   </input_file_list>
   <object_component_list>
      <object_component id="oc-10">
         <name>.intvecs</name>
         <load_address>0x0</load_address>
         <run_address>0x0</run_address>
         <size>0x144</size>
         <input_file_ref idref="fl-6"/>
      </object_component>
      <object_component id="oc-e8">
         <name>.text</name>
         <load_address>0x144</load_address>
         <run_address>0x144</run_address>
         <size>0x330</size>
         <input_file_ref idref="fl-2"/>
      </object_component>
      <object_component id="oc-ba">
         <name>.text</name>
         <load_address>0x474</load_address>
         <run_address>0x474</run_address>
         <size>0x2d8</size>
         <input_file_ref idref="fl-3"/>
      </object_component>
      <object_component id="oc-99">
         <name>.text</name>
         <load_address>0x74c</load_address>
         <run_address>0x74c</run_address>
         <size>0xa4</size>
         <input_file_ref idref="fl-5"/>
      </object_component>
      <object_component id="oc-34">
         <name>.text</name>
         <load_address>0x7f0</load_address>
         <run_address>0x7f0</run_address>
         <size>0x9c</size>
         <input_file_ref idref="fl-131"/>
      </object_component>
      <object_component id="oc-2b">
         <name>.text</name>
         <load_address>0x88c</load_address>
         <run_address>0x88c</run_address>
         <size>0x9a</size>
         <input_file_ref idref="fl-6"/>
      </object_component>
      <object_component id="oc-4d">
         <name>.text</name>
         <load_address>0x926</load_address>
         <run_address>0x926</run_address>
         <size>0x7a</size>
         <input_file_ref idref="fl-132"/>
      </object_component>
      <object_component id="oc-c0">
         <name>.text</name>
         <load_address>0x9a0</load_address>
         <run_address>0x9a0</run_address>
         <size>0x78</size>
         <input_file_ref idref="fl-4"/>
      </object_component>
      <object_component id="oc-5f">
         <name>.text</name>
         <load_address>0xa18</load_address>
         <run_address>0xa18</run_address>
         <size>0x6c</size>
         <input_file_ref idref="fl-137"/>
      </object_component>
      <object_component id="oc-40">
         <name>.text</name>
         <load_address>0xa84</load_address>
         <run_address>0xa84</run_address>
         <size>0x6a</size>
         <input_file_ref idref="fl-12e"/>
      </object_component>
      <object_component id="oc-25">
         <name>.text</name>
         <load_address>0xaf0</load_address>
         <run_address>0xaf0</run_address>
         <size>0x50</size>
         <input_file_ref idref="fl-12c"/>
      </object_component>
      <object_component id="oc-91">
         <name>.text</name>
         <load_address>0xb40</load_address>
         <run_address>0xb40</run_address>
         <size>0x4c</size>
         <input_file_ref idref="fl-138"/>
      </object_component>
      <object_component id="oc-6b">
         <name>.text</name>
         <load_address>0xb8c</load_address>
         <run_address>0xb8c</run_address>
         <size>0x44</size>
         <input_file_ref idref="fl-130"/>
      </object_component>
      <object_component id="oc-65">
         <name>.text</name>
         <load_address>0xbd0</load_address>
         <run_address>0xbd0</run_address>
         <size>0x18</size>
         <input_file_ref idref="fl-136"/>
      </object_component>
      <object_component id="oc-d3">
         <name>.text</name>
         <load_address>0xbe8</load_address>
         <run_address>0xbe8</run_address>
         <size>0x14</size>
         <input_file_ref idref="fl-135"/>
      </object_component>
      <object_component id="oc-13">
         <name>.text:decompress:none</name>
         <load_address>0xbfc</load_address>
         <run_address>0xbfc</run_address>
         <size>0xe</size>
         <input_file_ref idref="fl-12d"/>
      </object_component>
      <object_component id="oc-1f">
         <name>.text:decompress:ZI</name>
         <load_address>0xc0a</load_address>
         <run_address>0xc0a</run_address>
         <size>0xc</size>
         <input_file_ref idref="fl-12f"/>
      </object_component>
      <object_component id="oc-19">
         <name>.text:decompress:rle24</name>
         <load_address>0xc16</load_address>
         <run_address>0xc16</run_address>
         <size>0x6</size>
         <input_file_ref idref="fl-12e"/>
      </object_component>
      <object_component id="oc-59">
         <name>.text</name>
         <load_address>0xc1c</load_address>
         <run_address>0xc1c</run_address>
         <size>0x4</size>
         <input_file_ref idref="fl-133"/>
      </object_component>
      <object_component id="oc-134">
         <name>.cinit..data.load</name>
         <load_address>0xc20</load_address>
         <run_address>0xc20</run_address>
         <size>0x12</size>
      </object_component>
      <object_component id="oc-132">
         <name>__TI_handler_table</name>
         <load_address>0xc34</load_address>
         <run_address>0xc34</run_address>
         <size>0xc</size>
      </object_component>
      <object_component id="oc-135">
         <name>.cinit..bss.load</name>
         <load_address>0xc40</load_address>
         <run_address>0xc40</run_address>
         <size>0x8</size>
      </object_component>
      <object_component id="oc-133">
         <name>__TI_cinit_table</name>
         <load_address>0xc48</load_address>
         <run_address>0xc48</run_address>
         <size>0x10</size>
      </object_component>
      <object_component id="oc-2a">
         <name>.stack</name>
         <uninitialized>true</uninitialized>
         <run_address>0x2000fe00</run_address>
         <size>0x0</size>
         <input_file_ref idref="fl-12c"/>
      </object_component>
      <object_component id="oc-136">
         <name>.stack</name>
         <uninitialized>true</uninitialized>
         <run_address>0x2000fe00</run_address>
         <size>0x0</size>
      </object_component>
      <object_component id="oc-ee">
         <name>.common:LCD_RS</name>
         <uninitialized>true</uninitialized>
         <run_address>0x20000029</run_address>
         <size>0x1</size>
      </object_component>
      <object_component id="oc-f1">
         <name>.common:LCD_E</name>
         <uninitialized>true</uninitialized>
         <run_address>0x20000028</run_address>
         <size>0x1</size>
      </object_component>
      <object_component id="oc-f7">
         <name>.data</name>
         <load_address>0x20000000</load_address>
         <run_address>0x20000000</run_address>
         <size>0x14</size>
         <input_file_ref idref="fl-2"/>
      </object_component>
      <object_component id="oc-a4">
         <name>.data</name>
         <load_address>0x2000001c</load_address>
         <run_address>0x2000001c</run_address>
         <size>0x8</size>
         <input_file_ref idref="fl-130"/>
      </object_component>
      <object_component id="oc-71">
         <name>.data</name>
         <load_address>0x20000024</load_address>
         <run_address>0x20000024</run_address>
         <size>0x4</size>
         <input_file_ref idref="fl-134"/>
      </object_component>
      <object_component id="oc-a1">
         <name>.data</name>
         <load_address>0x20000014</load_address>
         <run_address>0x20000014</run_address>
         <size>0x8</size>
         <input_file_ref idref="fl-135"/>
      </object_component>
      <object_component id="oc-10e">
         <name>.debug_info</name>
         <load_address>0x0</load_address>
         <run_address>0x0</run_address>
         <size>0x384</size>
         <input_file_ref idref="fl-2"/>
      </object_component>
      <object_component id="oc-f8">
         <name>.debug_info</name>
         <load_address>0x384</load_address>
         <run_address>0x384</run_address>
         <size>0x159</size>
         <input_file_ref idref="fl-2"/>
      </object_component>
      <object_component id="oc-e9">
         <name>.debug_info</name>
         <load_address>0x4dd</load_address>
         <run_address>0x4dd</run_address>
         <size>0x25a</size>
         <input_file_ref idref="fl-2"/>
      </object_component>
      <object_component id="oc-102">
         <name>.debug_info</name>
         <load_address>0x737</load_address>
         <run_address>0x737</run_address>
         <size>0x36f2</size>
         <input_file_ref idref="fl-2"/>
      </object_component>
      <object_component id="oc-107">
         <name>.debug_info</name>
         <load_address>0x3e29</load_address>
         <run_address>0x3e29</run_address>
         <size>0x103e</size>
         <input_file_ref idref="fl-2"/>
      </object_component>
      <object_component id="oc-78">
         <name>.debug_info</name>
         <load_address>0x4e67</load_address>
         <run_address>0x4e67</run_address>
         <size>0x84</size>
         <input_file_ref idref="fl-2"/>
      </object_component>
      <object_component id="oc-c7">
         <name>.debug_info</name>
         <load_address>0x4eeb</load_address>
         <run_address>0x4eeb</run_address>
         <size>0x18b</size>
         <input_file_ref idref="fl-2"/>
      </object_component>
      <object_component id="oc-fb">
         <name>.debug_info</name>
         <load_address>0x5076</load_address>
         <run_address>0x5076</run_address>
         <size>0x57</size>
         <input_file_ref idref="fl-2"/>
      </object_component>
      <object_component id="oc-ef">
         <name>.debug_info</name>
         <load_address>0x50cd</load_address>
         <run_address>0x50cd</run_address>
         <size>0x424</size>
         <input_file_ref idref="fl-3"/>
      </object_component>
      <object_component id="oc-bb">
         <name>.debug_info</name>
         <load_address>0x54f1</load_address>
         <run_address>0x54f1</run_address>
         <size>0x81a</size>
         <input_file_ref idref="fl-3"/>
      </object_component>
      <object_component id="oc-c1">
         <name>.debug_info</name>
         <load_address>0x5d0b</load_address>
         <run_address>0x5d0b</run_address>
         <size>0x21e</size>
         <input_file_ref idref="fl-4"/>
      </object_component>
      <object_component id="oc-9a">
         <name>.debug_info</name>
         <load_address>0x5f29</load_address>
         <run_address>0x5f29</run_address>
         <size>0x1b3</size>
         <input_file_ref idref="fl-5"/>
      </object_component>
      <object_component id="oc-33">
         <name>.debug_info</name>
         <load_address>0x60dc</load_address>
         <run_address>0x60dc</run_address>
         <size>0xfd</size>
         <input_file_ref idref="fl-6"/>
      </object_component>
      <object_component id="oc-11">
         <name>.debug_info</name>
         <load_address>0x61d9</load_address>
         <run_address>0x61d9</run_address>
         <size>0xea</size>
         <input_file_ref idref="fl-6"/>
      </object_component>
      <object_component id="oc-2c">
         <name>.debug_info</name>
         <load_address>0x62c3</load_address>
         <run_address>0x62c3</run_address>
         <size>0x1696</size>
         <input_file_ref idref="fl-6"/>
      </object_component>
      <object_component id="oc-26">
         <name>.debug_info</name>
         <load_address>0x7959</load_address>
         <run_address>0x7959</run_address>
         <size>0x169</size>
         <input_file_ref idref="fl-12c"/>
      </object_component>
      <object_component id="oc-3f">
         <name>.debug_info</name>
         <load_address>0x7ac2</load_address>
         <run_address>0x7ac2</run_address>
         <size>0x156</size>
         <input_file_ref idref="fl-12d"/>
      </object_component>
      <object_component id="oc-17">
         <name>.debug_info</name>
         <load_address>0x7c18</load_address>
         <run_address>0x7c18</run_address>
         <size>0x1f5</size>
         <input_file_ref idref="fl-12d"/>
      </object_component>
      <object_component id="oc-3a">
         <name>.debug_info</name>
         <load_address>0x7e0d</load_address>
         <run_address>0x7e0d</run_address>
         <size>0x46</size>
         <input_file_ref idref="fl-12d"/>
      </object_component>
      <object_component id="oc-7e">
         <name>.debug_info</name>
         <load_address>0x7e53</load_address>
         <run_address>0x7e53</run_address>
         <size>0x2c</size>
         <input_file_ref idref="fl-12d"/>
      </object_component>
      <object_component id="oc-47">
         <name>.debug_info</name>
         <load_address>0x7e7f</load_address>
         <run_address>0x7e7f</run_address>
         <size>0x14a</size>
         <input_file_ref idref="fl-12e"/>
      </object_component>
      <object_component id="oc-43">
         <name>.debug_info</name>
         <load_address>0x7fc9</load_address>
         <run_address>0x7fc9</run_address>
         <size>0x25d</size>
         <input_file_ref idref="fl-12e"/>
      </object_component>
      <object_component id="oc-1c">
         <name>.debug_info</name>
         <load_address>0x8226</load_address>
         <run_address>0x8226</run_address>
         <size>0x1c7</size>
         <input_file_ref idref="fl-12e"/>
      </object_component>
      <object_component id="oc-48">
         <name>.debug_info</name>
         <load_address>0x83ed</load_address>
         <run_address>0x83ed</run_address>
         <size>0x39</size>
         <input_file_ref idref="fl-12e"/>
      </object_component>
      <object_component id="oc-88">
         <name>.debug_info</name>
         <load_address>0x8426</load_address>
         <run_address>0x8426</run_address>
         <size>0x2c</size>
         <input_file_ref idref="fl-12e"/>
      </object_component>
      <object_component id="oc-58">
         <name>.debug_info</name>
         <load_address>0x8452</load_address>
         <run_address>0x8452</run_address>
         <size>0x145</size>
         <input_file_ref idref="fl-12f"/>
      </object_component>
      <object_component id="oc-20">
         <name>.debug_info</name>
         <load_address>0x8597</load_address>
         <run_address>0x8597</run_address>
         <size>0x1c0</size>
         <input_file_ref idref="fl-12f"/>
      </object_component>
      <object_component id="oc-53">
         <name>.debug_info</name>
         <load_address>0x8757</load_address>
         <run_address>0x8757</run_address>
         <size>0x46</size>
         <input_file_ref idref="fl-12f"/>
      </object_component>
      <object_component id="oc-a8">
         <name>.debug_info</name>
         <load_address>0x879d</load_address>
         <run_address>0x879d</run_address>
         <size>0x1a7</size>
         <input_file_ref idref="fl-130"/>
      </object_component>
      <object_component id="oc-a5">
         <name>.debug_info</name>
         <load_address>0x8944</load_address>
         <run_address>0x8944</run_address>
         <size>0x14c</size>
         <input_file_ref idref="fl-130"/>
      </object_component>
      <object_component id="oc-6d">
         <name>.debug_info</name>
         <load_address>0x8a90</load_address>
         <run_address>0x8a90</run_address>
         <size>0x223</size>
         <input_file_ref idref="fl-130"/>
      </object_component>
      <object_component id="oc-36">
         <name>.debug_info</name>
         <load_address>0x8cb3</load_address>
         <run_address>0x8cb3</run_address>
         <size>0x12b</size>
         <input_file_ref idref="fl-131"/>
      </object_component>
      <object_component id="oc-4e">
         <name>.debug_info</name>
         <load_address>0x8dde</load_address>
         <run_address>0x8dde</run_address>
         <size>0x159</size>
         <input_file_ref idref="fl-132"/>
      </object_component>
      <object_component id="oc-5a">
         <name>.debug_info</name>
         <load_address>0x8f37</load_address>
         <run_address>0x8f37</run_address>
         <size>0x15e</size>
         <input_file_ref idref="fl-133"/>
      </object_component>
      <object_component id="oc-72">
         <name>.debug_info</name>
         <load_address>0x9095</load_address>
         <run_address>0x9095</run_address>
         <size>0x11f</size>
         <input_file_ref idref="fl-134"/>
      </object_component>
      <object_component id="oc-db">
         <name>.debug_info</name>
         <load_address>0x91b4</load_address>
         <run_address>0x91b4</run_address>
         <size>0x13a</size>
         <input_file_ref idref="fl-135"/>
      </object_component>
      <object_component id="oc-a2">
         <name>.debug_info</name>
         <load_address>0x92ee</load_address>
         <run_address>0x92ee</run_address>
         <size>0x129</size>
         <input_file_ref idref="fl-135"/>
      </object_component>
      <object_component id="oc-d4">
         <name>.debug_info</name>
         <load_address>0x9417</load_address>
         <run_address>0x9417</run_address>
         <size>0x235</size>
         <input_file_ref idref="fl-135"/>
      </object_component>
      <object_component id="oc-a0">
         <name>.debug_info</name>
         <load_address>0x964c</load_address>
         <run_address>0x964c</run_address>
         <size>0x17c</size>
         <input_file_ref idref="fl-136"/>
      </object_component>
      <object_component id="oc-66">
         <name>.debug_info</name>
         <load_address>0x97c8</load_address>
         <run_address>0x97c8</run_address>
         <size>0x17d</size>
         <input_file_ref idref="fl-136"/>
      </object_component>
      <object_component id="oc-ce">
         <name>.debug_info</name>
         <load_address>0x9945</load_address>
         <run_address>0x9945</run_address>
         <size>0x5e</size>
         <input_file_ref idref="fl-136"/>
      </object_component>
      <object_component id="oc-98">
         <name>.debug_info</name>
         <load_address>0x99a3</load_address>
         <run_address>0x99a3</run_address>
         <size>0x2d3</size>
         <input_file_ref idref="fl-137"/>
      </object_component>
      <object_component id="oc-60">
         <name>.debug_info</name>
         <load_address>0x9c76</load_address>
         <run_address>0x9c76</run_address>
         <size>0x18d</size>
         <input_file_ref idref="fl-137"/>
      </object_component>
      <object_component id="oc-b0">
         <name>.debug_info</name>
         <load_address>0x9e03</load_address>
         <run_address>0x9e03</run_address>
         <size>0x39</size>
         <input_file_ref idref="fl-137"/>
      </object_component>
      <object_component id="oc-b5">
         <name>.debug_info</name>
         <load_address>0x9e3c</load_address>
         <run_address>0x9e3c</run_address>
         <size>0xcd</size>
         <input_file_ref idref="fl-137"/>
      </object_component>
      <object_component id="oc-ad">
         <name>.debug_info</name>
         <load_address>0x9f09</load_address>
         <run_address>0x9f09</run_address>
         <size>0x1f6</size>
         <input_file_ref idref="fl-138"/>
      </object_component>
      <object_component id="oc-92">
         <name>.debug_info</name>
         <load_address>0xa0ff</load_address>
         <run_address>0xa0ff</run_address>
         <size>0x199</size>
         <input_file_ref idref="fl-138"/>
      </object_component>
      <object_component id="oc-e3">
         <name>.debug_info</name>
         <load_address>0xa298</load_address>
         <run_address>0xa298</run_address>
         <size>0x2c</size>
         <input_file_ref idref="fl-138"/>
      </object_component>
      <object_component id="oc-137">
         <name>.debug_info</name>
         <load_address>0xa2c4</load_address>
         <run_address>0xa2c4</run_address>
         <size>0xa2</size>
      </object_component>
      <object_component id="oc-110">
         <name>.debug_line</name>
         <load_address>0x0</load_address>
         <run_address>0x0</run_address>
         <size>0x20</size>
         <input_file_ref idref="fl-2"/>
      </object_component>
      <object_component id="oc-10d">
         <name>.debug_line</name>
         <load_address>0x20</load_address>
         <run_address>0x20</run_address>
         <size>0x34</size>
         <input_file_ref idref="fl-2"/>
      </object_component>
      <object_component id="oc-ec">
         <name>.debug_line</name>
         <load_address>0x54</load_address>
         <run_address>0x54</run_address>
         <size>0x138</size>
         <input_file_ref idref="fl-2"/>
      </object_component>
      <object_component id="oc-105">
         <name>.debug_line</name>
         <load_address>0x18c</load_address>
         <run_address>0x18c</run_address>
         <size>0x52</size>
         <input_file_ref idref="fl-2"/>
      </object_component>
      <object_component id="oc-10a">
         <name>.debug_line</name>
         <load_address>0x1de</load_address>
         <run_address>0x1de</run_address>
         <size>0x55</size>
         <input_file_ref idref="fl-2"/>
      </object_component>
      <object_component id="oc-7b">
         <name>.debug_line</name>
         <load_address>0x233</load_address>
         <run_address>0x233</run_address>
         <size>0x20</size>
         <input_file_ref idref="fl-2"/>
      </object_component>
      <object_component id="oc-ca">
         <name>.debug_line</name>
         <load_address>0x253</load_address>
         <run_address>0x253</run_address>
         <size>0x60</size>
         <input_file_ref idref="fl-2"/>
      </object_component>
      <object_component id="oc-fe">
         <name>.debug_line</name>
         <load_address>0x2b3</load_address>
         <run_address>0x2b3</run_address>
         <size>0x34</size>
         <input_file_ref idref="fl-2"/>
      </object_component>
      <object_component id="oc-101">
         <name>.debug_line</name>
         <load_address>0x2e7</load_address>
         <run_address>0x2e7</run_address>
         <size>0x50</size>
         <input_file_ref idref="fl-3"/>
      </object_component>
      <object_component id="oc-be">
         <name>.debug_line</name>
         <load_address>0x337</load_address>
         <run_address>0x337</run_address>
         <size>0x1cf</size>
         <input_file_ref idref="fl-3"/>
      </object_component>
      <object_component id="oc-c4">
         <name>.debug_line</name>
         <load_address>0x506</load_address>
         <run_address>0x506</run_address>
         <size>0x92</size>
         <input_file_ref idref="fl-4"/>
      </object_component>
      <object_component id="oc-9d">
         <name>.debug_line</name>
         <load_address>0x598</load_address>
         <run_address>0x598</run_address>
         <size>0x77</size>
         <input_file_ref idref="fl-5"/>
      </object_component>
      <object_component id="oc-77">
         <name>.debug_line</name>
         <load_address>0x60f</load_address>
         <run_address>0x60f</run_address>
         <size>0x3b</size>
         <input_file_ref idref="fl-6"/>
      </object_component>
      <object_component id="oc-32">
         <name>.debug_line</name>
         <load_address>0x64a</load_address>
         <run_address>0x64a</run_address>
         <size>0x3b</size>
         <input_file_ref idref="fl-6"/>
      </object_component>
      <object_component id="oc-2f">
         <name>.debug_line</name>
         <load_address>0x685</load_address>
         <run_address>0x685</run_address>
         <size>0x55a</size>
         <input_file_ref idref="fl-6"/>
      </object_component>
      <object_component id="oc-29">
         <name>.debug_line</name>
         <load_address>0xbdf</load_address>
         <run_address>0xbdf</run_address>
         <size>0x52</size>
         <input_file_ref idref="fl-12c"/>
      </object_component>
      <object_component id="oc-84">
         <name>.debug_line</name>
         <load_address>0xc31</load_address>
         <run_address>0xc31</run_address>
         <size>0xa5</size>
         <input_file_ref idref="fl-12d"/>
      </object_component>
      <object_component id="oc-16">
         <name>.debug_line</name>
         <load_address>0xcd6</load_address>
         <run_address>0xcd6</run_address>
         <size>0x55</size>
         <input_file_ref idref="fl-12d"/>
      </object_component>
      <object_component id="oc-3d">
         <name>.debug_line</name>
         <load_address>0xd2b</load_address>
         <run_address>0xd2b</run_address>
         <size>0x3a</size>
         <input_file_ref idref="fl-12d"/>
      </object_component>
      <object_component id="oc-81">
         <name>.debug_line</name>
         <load_address>0xd65</load_address>
         <run_address>0xd65</run_address>
         <size>0xa5</size>
         <input_file_ref idref="fl-12d"/>
      </object_component>
      <object_component id="oc-87">
         <name>.debug_line</name>
         <load_address>0xe0a</load_address>
         <run_address>0xe0a</run_address>
         <size>0xa5</size>
         <input_file_ref idref="fl-12e"/>
      </object_component>
      <object_component id="oc-42">
         <name>.debug_line</name>
         <load_address>0xeaf</load_address>
         <run_address>0xeaf</run_address>
         <size>0x98</size>
         <input_file_ref idref="fl-12e"/>
      </object_component>
      <object_component id="oc-1a">
         <name>.debug_line</name>
         <load_address>0xf47</load_address>
         <run_address>0xf47</run_address>
         <size>0x4b</size>
         <input_file_ref idref="fl-12e"/>
      </object_component>
      <object_component id="oc-4b">
         <name>.debug_line</name>
         <load_address>0xf92</load_address>
         <run_address>0xf92</run_address>
         <size>0x39</size>
         <input_file_ref idref="fl-12e"/>
      </object_component>
      <object_component id="oc-8b">
         <name>.debug_line</name>
         <load_address>0xfcb</load_address>
         <run_address>0xfcb</run_address>
         <size>0xa5</size>
         <input_file_ref idref="fl-12e"/>
      </object_component>
      <object_component id="oc-8f">
         <name>.debug_line</name>
         <load_address>0x1070</load_address>
         <run_address>0x1070</run_address>
         <size>0xa5</size>
         <input_file_ref idref="fl-12f"/>
      </object_component>
      <object_component id="oc-23">
         <name>.debug_line</name>
         <load_address>0x1115</load_address>
         <run_address>0x1115</run_address>
         <size>0x4f</size>
         <input_file_ref idref="fl-12f"/>
      </object_component>
      <object_component id="oc-56">
         <name>.debug_line</name>
         <load_address>0x1164</load_address>
         <run_address>0x1164</run_address>
         <size>0x34</size>
         <input_file_ref idref="fl-12f"/>
      </object_component>
      <object_component id="oc-e0">
         <name>.debug_line</name>
         <load_address>0x1198</load_address>
         <run_address>0x1198</run_address>
         <size>0xa4</size>
         <input_file_ref idref="fl-130"/>
      </object_component>
      <object_component id="oc-de">
         <name>.debug_line</name>
         <load_address>0x123c</load_address>
         <run_address>0x123c</run_address>
         <size>0x2a</size>
         <input_file_ref idref="fl-130"/>
      </object_component>
      <object_component id="oc-6c">
         <name>.debug_line</name>
         <load_address>0x1266</load_address>
         <run_address>0x1266</run_address>
         <size>0x7a</size>
         <input_file_ref idref="fl-130"/>
      </object_component>
      <object_component id="oc-35">
         <name>.debug_line</name>
         <load_address>0x12e0</load_address>
         <run_address>0x12e0</run_address>
         <size>0x88</size>
         <input_file_ref idref="fl-131"/>
      </object_component>
      <object_component id="oc-51">
         <name>.debug_line</name>
         <load_address>0x1368</load_address>
         <run_address>0x1368</run_address>
         <size>0x79</size>
         <input_file_ref idref="fl-132"/>
      </object_component>
      <object_component id="oc-5d">
         <name>.debug_line</name>
         <load_address>0x13e1</load_address>
         <run_address>0x13e1</run_address>
         <size>0x40</size>
         <input_file_ref idref="fl-133"/>
      </object_component>
      <object_component id="oc-ab">
         <name>.debug_line</name>
         <load_address>0x1421</load_address>
         <run_address>0x1421</run_address>
         <size>0x33</size>
         <input_file_ref idref="fl-134"/>
      </object_component>
      <object_component id="oc-f6">
         <name>.debug_line</name>
         <load_address>0x1454</load_address>
         <run_address>0x1454</run_address>
         <size>0x20</size>
         <input_file_ref idref="fl-135"/>
      </object_component>
      <object_component id="oc-da">
         <name>.debug_line</name>
         <load_address>0x1474</load_address>
         <run_address>0x1474</run_address>
         <size>0x2b</size>
         <input_file_ref idref="fl-135"/>
      </object_component>
      <object_component id="oc-d7">
         <name>.debug_line</name>
         <load_address>0x149f</load_address>
         <run_address>0x149f</run_address>
         <size>0x68</size>
         <input_file_ref idref="fl-135"/>
      </object_component>
      <object_component id="oc-cd">
         <name>.debug_line</name>
         <load_address>0x1507</load_address>
         <run_address>0x1507</run_address>
         <size>0x2b</size>
         <input_file_ref idref="fl-136"/>
      </object_component>
      <object_component id="oc-69">
         <name>.debug_line</name>
         <load_address>0x1532</load_address>
         <run_address>0x1532</run_address>
         <size>0x50</size>
         <input_file_ref idref="fl-136"/>
      </object_component>
      <object_component id="oc-d1">
         <name>.debug_line</name>
         <load_address>0x1582</load_address>
         <run_address>0x1582</run_address>
         <size>0x2b</size>
         <input_file_ref idref="fl-136"/>
      </object_component>
      <object_component id="oc-af">
         <name>.debug_line</name>
         <load_address>0x15ad</load_address>
         <run_address>0x15ad</run_address>
         <size>0xb4</size>
         <input_file_ref idref="fl-137"/>
      </object_component>
      <object_component id="oc-63">
         <name>.debug_line</name>
         <load_address>0x1661</load_address>
         <run_address>0x1661</run_address>
         <size>0x79</size>
         <input_file_ref idref="fl-137"/>
      </object_component>
      <object_component id="oc-b3">
         <name>.debug_line</name>
         <load_address>0x16da</load_address>
         <run_address>0x16da</run_address>
         <size>0x2e</size>
         <input_file_ref idref="fl-137"/>
      </object_component>
      <object_component id="oc-b8">
         <name>.debug_line</name>
         <load_address>0x1708</load_address>
         <run_address>0x1708</run_address>
         <size>0xa6</size>
         <input_file_ref idref="fl-137"/>
      </object_component>
      <object_component id="oc-e2">
         <name>.debug_line</name>
         <load_address>0x17ae</load_address>
         <run_address>0x17ae</run_address>
         <size>0xb3</size>
         <input_file_ref idref="fl-138"/>
      </object_component>
      <object_component id="oc-95">
         <name>.debug_line</name>
         <load_address>0x1861</load_address>
         <run_address>0x1861</run_address>
         <size>0x68</size>
         <input_file_ref idref="fl-138"/>
      </object_component>
      <object_component id="oc-e6">
         <name>.debug_line</name>
         <load_address>0x18c9</load_address>
         <run_address>0x18c9</run_address>
         <size>0x2e</size>
         <input_file_ref idref="fl-138"/>
      </object_component>
      <object_component id="oc-ed">
         <name>.debug_frame</name>
         <load_address>0x0</load_address>
         <run_address>0x0</run_address>
         <size>0xb8</size>
         <input_file_ref idref="fl-2"/>
      </object_component>
      <object_component id="oc-bf">
         <name>.debug_frame</name>
         <load_address>0xb8</load_address>
         <run_address>0xb8</run_address>
         <size>0x188</size>
         <input_file_ref idref="fl-3"/>
      </object_component>
      <object_component id="oc-c5">
         <name>.debug_frame</name>
         <load_address>0x240</load_address>
         <run_address>0x240</run_address>
         <size>0xb2</size>
         <input_file_ref idref="fl-4"/>
      </object_component>
      <object_component id="oc-9e">
         <name>.debug_frame</name>
         <load_address>0x2f2</load_address>
         <run_address>0x2f2</run_address>
         <size>0x8b</size>
         <input_file_ref idref="fl-5"/>
      </object_component>
      <object_component id="oc-30">
         <name>.debug_frame</name>
         <load_address>0x37d</load_address>
         <run_address>0x37d</run_address>
         <size>0x404</size>
         <input_file_ref idref="fl-6"/>
      </object_component>
      <object_component id="oc-15">
         <name>.debug_frame</name>
         <load_address>0x781</load_address>
         <run_address>0x781</run_address>
         <size>0x7f</size>
         <input_file_ref idref="fl-12d"/>
      </object_component>
      <object_component id="oc-41">
         <name>.debug_frame</name>
         <load_address>0x800</load_address>
         <run_address>0x800</run_address>
         <size>0x8e</size>
         <input_file_ref idref="fl-12e"/>
      </object_component>
      <object_component id="oc-1b">
         <name>.debug_frame</name>
         <load_address>0x88e</load_address>
         <run_address>0x88e</run_address>
         <size>0x7f</size>
         <input_file_ref idref="fl-12e"/>
      </object_component>
      <object_component id="oc-24">
         <name>.debug_frame</name>
         <load_address>0x90d</load_address>
         <run_address>0x90d</run_address>
         <size>0x7f</size>
         <input_file_ref idref="fl-12f"/>
      </object_component>
      <object_component id="oc-70">
         <name>.debug_frame</name>
         <load_address>0x98c</load_address>
         <run_address>0x98c</run_address>
         <size>0xb3</size>
         <input_file_ref idref="fl-130"/>
      </object_component>
      <object_component id="oc-5e">
         <name>.debug_frame</name>
         <load_address>0xa3f</load_address>
         <run_address>0xa3f</run_address>
         <size>0x7f</size>
         <input_file_ref idref="fl-133"/>
      </object_component>
      <object_component id="oc-d8">
         <name>.debug_frame</name>
         <load_address>0xabe</load_address>
         <run_address>0xabe</run_address>
         <size>0xa1</size>
         <input_file_ref idref="fl-135"/>
      </object_component>
      <object_component id="oc-6a">
         <name>.debug_frame</name>
         <load_address>0xb5f</load_address>
         <run_address>0xb5f</run_address>
         <size>0x7f</size>
         <input_file_ref idref="fl-136"/>
      </object_component>
      <object_component id="oc-64">
         <name>.debug_frame</name>
         <load_address>0xbde</load_address>
         <run_address>0xbde</run_address>
         <size>0x8a</size>
         <input_file_ref idref="fl-137"/>
      </object_component>
      <object_component id="oc-96">
         <name>.debug_frame</name>
         <load_address>0xc68</load_address>
         <run_address>0xc68</run_address>
         <size>0x8e</size>
         <input_file_ref idref="fl-138"/>
      </object_component>
      <object_component id="oc-10f">
         <name>.debug_abbrev</name>
         <load_address>0x0</load_address>
         <run_address>0x0</run_address>
         <size>0x66</size>
         <input_file_ref idref="fl-2"/>
      </object_component>
      <object_component id="oc-10c">
         <name>.debug_abbrev</name>
         <load_address>0x66</load_address>
         <run_address>0x66</run_address>
         <size>0x29</size>
         <input_file_ref idref="fl-2"/>
      </object_component>
      <object_component id="oc-fa">
         <name>.debug_abbrev</name>
         <load_address>0x8f</load_address>
         <run_address>0x8f</run_address>
         <size>0x99</size>
         <input_file_ref idref="fl-2"/>
      </object_component>
      <object_component id="oc-104">
         <name>.debug_abbrev</name>
         <load_address>0x128</load_address>
         <run_address>0x128</run_address>
         <size>0xbd</size>
         <input_file_ref idref="fl-2"/>
      </object_component>
      <object_component id="oc-109">
         <name>.debug_abbrev</name>
         <load_address>0x1e5</load_address>
         <run_address>0x1e5</run_address>
         <size>0x97</size>
         <input_file_ref idref="fl-2"/>
      </object_component>
      <object_component id="oc-7a">
         <name>.debug_abbrev</name>
         <load_address>0x27c</load_address>
         <run_address>0x27c</run_address>
         <size>0x1f</size>
         <input_file_ref idref="fl-2"/>
      </object_component>
      <object_component id="oc-c9">
         <name>.debug_abbrev</name>
         <load_address>0x29b</load_address>
         <run_address>0x29b</run_address>
         <size>0x35</size>
         <input_file_ref idref="fl-2"/>
      </object_component>
      <object_component id="oc-fd">
         <name>.debug_abbrev</name>
         <load_address>0x2d0</load_address>
         <run_address>0x2d0</run_address>
         <size>0x42</size>
         <input_file_ref idref="fl-2"/>
      </object_component>
      <object_component id="oc-100">
         <name>.debug_abbrev</name>
         <load_address>0x312</load_address>
         <run_address>0x312</run_address>
         <size>0xad</size>
         <input_file_ref idref="fl-3"/>
      </object_component>
      <object_component id="oc-f2">
         <name>.debug_abbrev</name>
         <load_address>0x3bf</load_address>
         <run_address>0x3bf</run_address>
         <size>0x7a</size>
         <input_file_ref idref="fl-3"/>
      </object_component>
      <object_component id="oc-f3">
         <name>.debug_abbrev</name>
         <load_address>0x439</load_address>
         <run_address>0x439</run_address>
         <size>0x7a</size>
         <input_file_ref idref="fl-4"/>
      </object_component>
      <object_component id="oc-c6">
         <name>.debug_abbrev</name>
         <load_address>0x4b3</load_address>
         <run_address>0x4b3</run_address>
         <size>0x60</size>
         <input_file_ref idref="fl-5"/>
      </object_component>
      <object_component id="oc-76">
         <name>.debug_abbrev</name>
         <load_address>0x513</load_address>
         <run_address>0x513</run_address>
         <size>0x5d</size>
         <input_file_ref idref="fl-6"/>
      </object_component>
      <object_component id="oc-31">
         <name>.debug_abbrev</name>
         <load_address>0x570</load_address>
         <run_address>0x570</run_address>
         <size>0x29</size>
         <input_file_ref idref="fl-6"/>
      </object_component>
      <object_component id="oc-75">
         <name>.debug_abbrev</name>
         <load_address>0x599</load_address>
         <run_address>0x599</run_address>
         <size>0xf8</size>
         <input_file_ref idref="fl-6"/>
      </object_component>
      <object_component id="oc-74">
         <name>.debug_abbrev</name>
         <load_address>0x691</load_address>
         <run_address>0x691</run_address>
         <size>0x3e</size>
         <input_file_ref idref="fl-12c"/>
      </object_component>
      <object_component id="oc-83">
         <name>.debug_abbrev</name>
         <load_address>0x6cf</load_address>
         <run_address>0x6cf</run_address>
         <size>0x52</size>
         <input_file_ref idref="fl-12d"/>
      </object_component>
      <object_component id="oc-39">
         <name>.debug_abbrev</name>
         <load_address>0x721</load_address>
         <run_address>0x721</run_address>
         <size>0x74</size>
         <input_file_ref idref="fl-12d"/>
      </object_component>
      <object_component id="oc-3c">
         <name>.debug_abbrev</name>
         <load_address>0x795</load_address>
         <run_address>0x795</run_address>
         <size>0x24</size>
         <input_file_ref idref="fl-12d"/>
      </object_component>
      <object_component id="oc-80">
         <name>.debug_abbrev</name>
         <load_address>0x7b9</load_address>
         <run_address>0x7b9</run_address>
         <size>0x24</size>
         <input_file_ref idref="fl-12d"/>
      </object_component>
      <object_component id="oc-86">
         <name>.debug_abbrev</name>
         <load_address>0x7dd</load_address>
         <run_address>0x7dd</run_address>
         <size>0x52</size>
         <input_file_ref idref="fl-12e"/>
      </object_component>
      <object_component id="oc-85">
         <name>.debug_abbrev</name>
         <load_address>0x82f</load_address>
         <run_address>0x82f</run_address>
         <size>0x7b</size>
         <input_file_ref idref="fl-12e"/>
      </object_component>
      <object_component id="oc-46">
         <name>.debug_abbrev</name>
         <load_address>0x8aa</load_address>
         <run_address>0x8aa</run_address>
         <size>0x66</size>
         <input_file_ref idref="fl-12e"/>
      </object_component>
      <object_component id="oc-4a">
         <name>.debug_abbrev</name>
         <load_address>0x910</load_address>
         <run_address>0x910</run_address>
         <size>0x24</size>
         <input_file_ref idref="fl-12e"/>
      </object_component>
      <object_component id="oc-8a">
         <name>.debug_abbrev</name>
         <load_address>0x934</load_address>
         <run_address>0x934</run_address>
         <size>0x24</size>
         <input_file_ref idref="fl-12e"/>
      </object_component>
      <object_component id="oc-8e">
         <name>.debug_abbrev</name>
         <load_address>0x958</load_address>
         <run_address>0x958</run_address>
         <size>0x52</size>
         <input_file_ref idref="fl-12f"/>
      </object_component>
      <object_component id="oc-52">
         <name>.debug_abbrev</name>
         <load_address>0x9aa</load_address>
         <run_address>0x9aa</run_address>
         <size>0x74</size>
         <input_file_ref idref="fl-12f"/>
      </object_component>
      <object_component id="oc-55">
         <name>.debug_abbrev</name>
         <load_address>0xa1e</load_address>
         <run_address>0xa1e</run_address>
         <size>0x24</size>
         <input_file_ref idref="fl-12f"/>
      </object_component>
      <object_component id="oc-df">
         <name>.debug_abbrev</name>
         <load_address>0xa42</load_address>
         <run_address>0xa42</run_address>
         <size>0x6b</size>
         <input_file_ref idref="fl-130"/>
      </object_component>
      <object_component id="oc-dd">
         <name>.debug_abbrev</name>
         <load_address>0xaad</load_address>
         <run_address>0xaad</run_address>
         <size>0x29</size>
         <input_file_ref idref="fl-130"/>
      </object_component>
      <object_component id="oc-a7">
         <name>.debug_abbrev</name>
         <load_address>0xad6</load_address>
         <run_address>0xad6</run_address>
         <size>0xba</size>
         <input_file_ref idref="fl-130"/>
      </object_component>
      <object_component id="oc-7d">
         <name>.debug_abbrev</name>
         <load_address>0xb90</load_address>
         <run_address>0xb90</run_address>
         <size>0x3e</size>
         <input_file_ref idref="fl-131"/>
      </object_component>
      <object_component id="oc-8d">
         <name>.debug_abbrev</name>
         <load_address>0xbce</load_address>
         <run_address>0xbce</run_address>
         <size>0x4f</size>
         <input_file_ref idref="fl-132"/>
      </object_component>
      <object_component id="oc-90">
         <name>.debug_abbrev</name>
         <load_address>0xc1d</load_address>
         <run_address>0xc1d</run_address>
         <size>0x55</size>
         <input_file_ref idref="fl-133"/>
      </object_component>
      <object_component id="oc-aa">
         <name>.debug_abbrev</name>
         <load_address>0xc72</load_address>
         <run_address>0xc72</run_address>
         <size>0x27</size>
         <input_file_ref idref="fl-134"/>
      </object_component>
      <object_component id="oc-f5">
         <name>.debug_abbrev</name>
         <load_address>0xc99</load_address>
         <run_address>0xc99</run_address>
         <size>0x45</size>
         <input_file_ref idref="fl-135"/>
      </object_component>
      <object_component id="oc-d9">
         <name>.debug_abbrev</name>
         <load_address>0xcde</load_address>
         <run_address>0xcde</run_address>
         <size>0x29</size>
         <input_file_ref idref="fl-135"/>
      </object_component>
      <object_component id="oc-f4">
         <name>.debug_abbrev</name>
         <load_address>0xd07</load_address>
         <run_address>0xd07</run_address>
         <size>0x6f</size>
         <input_file_ref idref="fl-135"/>
      </object_component>
      <object_component id="oc-cc">
         <name>.debug_abbrev</name>
         <load_address>0xd76</load_address>
         <run_address>0xd76</run_address>
         <size>0x8e</size>
         <input_file_ref idref="fl-136"/>
      </object_component>
      <object_component id="oc-9f">
         <name>.debug_abbrev</name>
         <load_address>0xe04</load_address>
         <run_address>0xe04</run_address>
         <size>0x68</size>
         <input_file_ref idref="fl-136"/>
      </object_component>
      <object_component id="oc-d0">
         <name>.debug_abbrev</name>
         <load_address>0xe6c</load_address>
         <run_address>0xe6c</run_address>
         <size>0x49</size>
         <input_file_ref idref="fl-136"/>
      </object_component>
      <object_component id="oc-ae">
         <name>.debug_abbrev</name>
         <load_address>0xeb5</load_address>
         <run_address>0xeb5</run_address>
         <size>0x9a</size>
         <input_file_ref idref="fl-137"/>
      </object_component>
      <object_component id="oc-97">
         <name>.debug_abbrev</name>
         <load_address>0xf4f</load_address>
         <run_address>0xf4f</run_address>
         <size>0x7e</size>
         <input_file_ref idref="fl-137"/>
      </object_component>
      <object_component id="oc-b2">
         <name>.debug_abbrev</name>
         <load_address>0xfcd</load_address>
         <run_address>0xfcd</run_address>
         <size>0x24</size>
         <input_file_ref idref="fl-137"/>
      </object_component>
      <object_component id="oc-b7">
         <name>.debug_abbrev</name>
         <load_address>0xff1</load_address>
         <run_address>0xff1</run_address>
         <size>0x4b</size>
         <input_file_ref idref="fl-137"/>
      </object_component>
      <object_component id="oc-e1">
         <name>.debug_abbrev</name>
         <load_address>0x103c</load_address>
         <run_address>0x103c</run_address>
         <size>0x9c</size>
         <input_file_ref idref="fl-138"/>
      </object_component>
      <object_component id="oc-ac">
         <name>.debug_abbrev</name>
         <load_address>0x10d8</load_address>
         <run_address>0x10d8</run_address>
         <size>0x8c</size>
         <input_file_ref idref="fl-138"/>
      </object_component>
      <object_component id="oc-e5">
         <name>.debug_abbrev</name>
         <load_address>0x1164</load_address>
         <run_address>0x1164</run_address>
         <size>0x24</size>
         <input_file_ref idref="fl-138"/>
      </object_component>
      <object_component id="oc-138">
         <name>.debug_abbrev</name>
         <load_address>0x1188</load_address>
         <run_address>0x1188</run_address>
         <size>0xf</size>
      </object_component>
      <object_component id="oc-106">
         <name>.debug_str</name>
         <load_address>0x0</load_address>
         <run_address>0x0</run_address>
         <size>0x1737</size>
         <input_file_ref idref="fl-2"/>
      </object_component>
      <object_component id="oc-10b">
         <name>.debug_str</name>
         <load_address>0x1737</load_address>
         <run_address>0x1737</run_address>
         <size>0x46c</size>
         <input_file_ref idref="fl-2"/>
      </object_component>
      <object_component id="oc-7c">
         <name>.debug_str</name>
         <load_address>0x1ba3</load_address>
         <run_address>0x1ba3</run_address>
         <size>0xf5</size>
         <input_file_ref idref="fl-2"/>
      </object_component>
      <object_component id="oc-cb">
         <name>.debug_str</name>
         <load_address>0x1c98</load_address>
         <run_address>0x1c98</run_address>
         <size>0x210</size>
         <input_file_ref idref="fl-2"/>
      </object_component>
      <object_component id="oc-ff">
         <name>.debug_str</name>
         <load_address>0x1ea8</load_address>
         <run_address>0x1ea8</run_address>
         <size>0xd0</size>
         <input_file_ref idref="fl-2"/>
      </object_component>
      <object_component id="oc-3e">
         <name>.debug_str</name>
         <load_address>0x1f78</load_address>
         <run_address>0x1f78</run_address>
         <size>0x116</size>
         <input_file_ref idref="fl-12d"/>
      </object_component>
      <object_component id="oc-82">
         <name>.debug_str</name>
         <load_address>0x208e</load_address>
         <run_address>0x208e</run_address>
         <size>0x15e</size>
         <input_file_ref idref="fl-12d"/>
      </object_component>
      <object_component id="oc-4c">
         <name>.debug_str</name>
         <load_address>0x21ec</load_address>
         <run_address>0x21ec</run_address>
         <size>0x108</size>
         <input_file_ref idref="fl-12e"/>
      </object_component>
      <object_component id="oc-8c">
         <name>.debug_str</name>
         <load_address>0x22f4</load_address>
         <run_address>0x22f4</run_address>
         <size>0x15e</size>
         <input_file_ref idref="fl-12e"/>
      </object_component>
      <object_component id="oc-57">
         <name>.debug_str</name>
         <load_address>0x2452</load_address>
         <run_address>0x2452</run_address>
         <size>0x110</size>
         <input_file_ref idref="fl-12f"/>
      </object_component>
      <object_component id="oc-d2">
         <name>.debug_str</name>
         <load_address>0x2562</load_address>
         <run_address>0x2562</run_address>
         <size>0xec</size>
         <input_file_ref idref="fl-136"/>
      </object_component>
      <object_component id="oc-b4">
         <name>.debug_str</name>
         <load_address>0x264e</load_address>
         <run_address>0x264e</run_address>
         <size>0xf8</size>
         <input_file_ref idref="fl-137"/>
      </object_component>
      <object_component id="oc-b9">
         <name>.debug_str</name>
         <load_address>0x2746</load_address>
         <run_address>0x2746</run_address>
         <size>0x1b5</size>
         <input_file_ref idref="fl-137"/>
      </object_component>
      <object_component id="oc-e7">
         <name>.debug_str</name>
         <load_address>0x28fb</load_address>
         <run_address>0x28fb</run_address>
         <size>0xed</size>
         <input_file_ref idref="fl-138"/>
      </object_component>
      <object_component id="oc-ea">
         <name>.debug_aranges</name>
         <load_address>0x0</load_address>
         <run_address>0x0</run_address>
         <size>0x38</size>
         <input_file_ref idref="fl-2"/>
      </object_component>
      <object_component id="oc-bc">
         <name>.debug_aranges</name>
         <load_address>0x38</load_address>
         <run_address>0x38</run_address>
         <size>0x78</size>
         <input_file_ref idref="fl-3"/>
      </object_component>
      <object_component id="oc-c2">
         <name>.debug_aranges</name>
         <load_address>0xb0</load_address>
         <run_address>0xb0</run_address>
         <size>0x30</size>
         <input_file_ref idref="fl-4"/>
      </object_component>
      <object_component id="oc-9b">
         <name>.debug_aranges</name>
         <load_address>0xe0</load_address>
         <run_address>0xe0</run_address>
         <size>0x20</size>
         <input_file_ref idref="fl-5"/>
      </object_component>
      <object_component id="oc-2d">
         <name>.debug_aranges</name>
         <load_address>0x100</load_address>
         <run_address>0x100</run_address>
         <size>0x1c8</size>
         <input_file_ref idref="fl-6"/>
      </object_component>
      <object_component id="oc-28">
         <name>.debug_aranges</name>
         <load_address>0x2c8</load_address>
         <run_address>0x2c8</run_address>
         <size>0x20</size>
         <input_file_ref idref="fl-12c"/>
      </object_component>
      <object_component id="oc-14">
         <name>.debug_aranges</name>
         <load_address>0x2e8</load_address>
         <run_address>0x2e8</run_address>
         <size>0x20</size>
         <input_file_ref idref="fl-12d"/>
      </object_component>
      <object_component id="oc-45">
         <name>.debug_aranges</name>
         <load_address>0x308</load_address>
         <run_address>0x308</run_address>
         <size>0x20</size>
         <input_file_ref idref="fl-12e"/>
      </object_component>
      <object_component id="oc-1d">
         <name>.debug_aranges</name>
         <load_address>0x328</load_address>
         <run_address>0x328</run_address>
         <size>0x20</size>
         <input_file_ref idref="fl-12e"/>
      </object_component>
      <object_component id="oc-21">
         <name>.debug_aranges</name>
         <load_address>0x348</load_address>
         <run_address>0x348</run_address>
         <size>0x20</size>
         <input_file_ref idref="fl-12f"/>
      </object_component>
      <object_component id="oc-6e">
         <name>.debug_aranges</name>
         <load_address>0x368</load_address>
         <run_address>0x368</run_address>
         <size>0x30</size>
         <input_file_ref idref="fl-130"/>
      </object_component>
      <object_component id="oc-37">
         <name>.debug_aranges</name>
         <load_address>0x398</load_address>
         <run_address>0x398</run_address>
         <size>0x20</size>
         <input_file_ref idref="fl-131"/>
      </object_component>
      <object_component id="oc-4f">
         <name>.debug_aranges</name>
         <load_address>0x3b8</load_address>
         <run_address>0x3b8</run_address>
         <size>0x28</size>
         <input_file_ref idref="fl-132"/>
      </object_component>
      <object_component id="oc-5b">
         <name>.debug_aranges</name>
         <load_address>0x3e0</load_address>
         <run_address>0x3e0</run_address>
         <size>0x20</size>
         <input_file_ref idref="fl-133"/>
      </object_component>
      <object_component id="oc-d5">
         <name>.debug_aranges</name>
         <load_address>0x400</load_address>
         <run_address>0x400</run_address>
         <size>0x30</size>
         <input_file_ref idref="fl-135"/>
      </object_component>
      <object_component id="oc-67">
         <name>.debug_aranges</name>
         <load_address>0x430</load_address>
         <run_address>0x430</run_address>
         <size>0x20</size>
         <input_file_ref idref="fl-136"/>
      </object_component>
      <object_component id="oc-61">
         <name>.debug_aranges</name>
         <load_address>0x450</load_address>
         <run_address>0x450</run_address>
         <size>0x20</size>
         <input_file_ref idref="fl-137"/>
      </object_component>
      <object_component id="oc-93">
         <name>.debug_aranges</name>
         <load_address>0x470</load_address>
         <run_address>0x470</run_address>
         <size>0x20</size>
         <input_file_ref idref="fl-138"/>
      </object_component>
      <object_component id="oc-f9">
         <name>.debug_pubnames</name>
         <load_address>0x0</load_address>
         <run_address>0x0</run_address>
         <size>0x54</size>
         <input_file_ref idref="fl-2"/>
      </object_component>
      <object_component id="oc-eb">
         <name>.debug_pubnames</name>
         <load_address>0x54</load_address>
         <run_address>0x54</run_address>
         <size>0x60</size>
         <input_file_ref idref="fl-2"/>
      </object_component>
      <object_component id="oc-f0">
         <name>.debug_pubnames</name>
         <load_address>0xb4</load_address>
         <run_address>0xb4</run_address>
         <size>0x27</size>
         <input_file_ref idref="fl-3"/>
      </object_component>
      <object_component id="oc-bd">
         <name>.debug_pubnames</name>
         <load_address>0xdb</load_address>
         <run_address>0xdb</run_address>
         <size>0xc2</size>
         <input_file_ref idref="fl-3"/>
      </object_component>
      <object_component id="oc-c3">
         <name>.debug_pubnames</name>
         <load_address>0x19d</load_address>
         <run_address>0x19d</run_address>
         <size>0x49</size>
         <input_file_ref idref="fl-4"/>
      </object_component>
      <object_component id="oc-9c">
         <name>.debug_pubnames</name>
         <load_address>0x1e6</load_address>
         <run_address>0x1e6</run_address>
         <size>0x1b</size>
         <input_file_ref idref="fl-5"/>
      </object_component>
      <object_component id="oc-12">
         <name>.debug_pubnames</name>
         <load_address>0x201</load_address>
         <run_address>0x201</run_address>
         <size>0x27</size>
         <input_file_ref idref="fl-6"/>
      </object_component>
      <object_component id="oc-2e">
         <name>.debug_pubnames</name>
         <load_address>0x228</load_address>
         <run_address>0x228</run_address>
         <size>0x474</size>
         <input_file_ref idref="fl-6"/>
      </object_component>
      <object_component id="oc-27">
         <name>.debug_pubnames</name>
         <load_address>0x69c</load_address>
         <run_address>0x69c</run_address>
         <size>0x1f</size>
         <input_file_ref idref="fl-12c"/>
      </object_component>
      <object_component id="oc-18">
         <name>.debug_pubnames</name>
         <load_address>0x6bb</load_address>
         <run_address>0x6bb</run_address>
         <size>0x2b</size>
         <input_file_ref idref="fl-12d"/>
      </object_component>
      <object_component id="oc-44">
         <name>.debug_pubnames</name>
         <load_address>0x6e6</load_address>
         <run_address>0x6e6</run_address>
         <size>0x2f</size>
         <input_file_ref idref="fl-12e"/>
      </object_component>
      <object_component id="oc-1e">
         <name>.debug_pubnames</name>
         <load_address>0x715</load_address>
         <run_address>0x715</run_address>
         <size>0x2c</size>
         <input_file_ref idref="fl-12e"/>
      </object_component>
      <object_component id="oc-22">
         <name>.debug_pubnames</name>
         <load_address>0x741</load_address>
         <run_address>0x741</run_address>
         <size>0x25</size>
         <input_file_ref idref="fl-12f"/>
      </object_component>
      <object_component id="oc-a6">
         <name>.debug_pubnames</name>
         <load_address>0x766</load_address>
         <run_address>0x766</run_address>
         <size>0x3a</size>
         <input_file_ref idref="fl-130"/>
      </object_component>
      <object_component id="oc-6f">
         <name>.debug_pubnames</name>
         <load_address>0x7a0</load_address>
         <run_address>0x7a0</run_address>
         <size>0x35</size>
         <input_file_ref idref="fl-130"/>
      </object_component>
      <object_component id="oc-38">
         <name>.debug_pubnames</name>
         <load_address>0x7d5</load_address>
         <run_address>0x7d5</run_address>
         <size>0x1d</size>
         <input_file_ref idref="fl-131"/>
      </object_component>
      <object_component id="oc-50">
         <name>.debug_pubnames</name>
         <load_address>0x7f2</load_address>
         <run_address>0x7f2</run_address>
         <size>0x37</size>
         <input_file_ref idref="fl-132"/>
      </object_component>
      <object_component id="oc-5c">
         <name>.debug_pubnames</name>
         <load_address>0x829</load_address>
         <run_address>0x829</run_address>
         <size>0x27</size>
         <input_file_ref idref="fl-133"/>
      </object_component>
      <object_component id="oc-73">
         <name>.debug_pubnames</name>
         <load_address>0x850</load_address>
         <run_address>0x850</run_address>
         <size>0x23</size>
         <input_file_ref idref="fl-134"/>
      </object_component>
      <object_component id="oc-a3">
         <name>.debug_pubnames</name>
         <load_address>0x873</load_address>
         <run_address>0x873</run_address>
         <size>0x28</size>
         <input_file_ref idref="fl-135"/>
      </object_component>
      <object_component id="oc-d6">
         <name>.debug_pubnames</name>
         <load_address>0x89b</load_address>
         <run_address>0x89b</run_address>
         <size>0x43</size>
         <input_file_ref idref="fl-135"/>
      </object_component>
      <object_component id="oc-68">
         <name>.debug_pubnames</name>
         <load_address>0x8de</load_address>
         <run_address>0x8de</run_address>
         <size>0x21</size>
         <input_file_ref idref="fl-136"/>
      </object_component>
      <object_component id="oc-62">
         <name>.debug_pubnames</name>
         <load_address>0x8ff</load_address>
         <run_address>0x8ff</run_address>
         <size>0x25</size>
         <input_file_ref idref="fl-137"/>
      </object_component>
      <object_component id="oc-94">
         <name>.debug_pubnames</name>
         <load_address>0x924</load_address>
         <run_address>0x924</run_address>
         <size>0x1e</size>
         <input_file_ref idref="fl-138"/>
      </object_component>
      <object_component id="oc-103">
         <name>.debug_pubtypes</name>
         <load_address>0x0</load_address>
         <run_address>0x0</run_address>
         <size>0x2c8</size>
         <input_file_ref idref="fl-2"/>
      </object_component>
      <object_component id="oc-108">
         <name>.debug_pubtypes</name>
         <load_address>0x2c8</load_address>
         <run_address>0x2c8</run_address>
         <size>0xdd</size>
         <input_file_ref idref="fl-2"/>
      </object_component>
      <object_component id="oc-79">
         <name>.debug_pubtypes</name>
         <load_address>0x3a5</load_address>
         <run_address>0x3a5</run_address>
         <size>0xed</size>
         <input_file_ref idref="fl-2"/>
      </object_component>
      <object_component id="oc-c8">
         <name>.debug_pubtypes</name>
         <load_address>0x492</load_address>
         <run_address>0x492</run_address>
         <size>0x1c6</size>
         <input_file_ref idref="fl-2"/>
      </object_component>
      <object_component id="oc-fc">
         <name>.debug_pubtypes</name>
         <load_address>0x658</load_address>
         <run_address>0x658</run_address>
         <size>0x23</size>
         <input_file_ref idref="fl-2"/>
      </object_component>
      <object_component id="oc-3b">
         <name>.debug_pubtypes</name>
         <load_address>0x67b</load_address>
         <run_address>0x67b</run_address>
         <size>0x48</size>
         <input_file_ref idref="fl-12d"/>
      </object_component>
      <object_component id="oc-7f">
         <name>.debug_pubtypes</name>
         <load_address>0x6c3</load_address>
         <run_address>0x6c3</run_address>
         <size>0x1d</size>
         <input_file_ref idref="fl-12d"/>
      </object_component>
      <object_component id="oc-49">
         <name>.debug_pubtypes</name>
         <load_address>0x6e0</load_address>
         <run_address>0x6e0</run_address>
         <size>0x37</size>
         <input_file_ref idref="fl-12e"/>
      </object_component>
      <object_component id="oc-89">
         <name>.debug_pubtypes</name>
         <load_address>0x717</load_address>
         <run_address>0x717</run_address>
         <size>0x1d</size>
         <input_file_ref idref="fl-12e"/>
      </object_component>
      <object_component id="oc-54">
         <name>.debug_pubtypes</name>
         <load_address>0x734</load_address>
         <run_address>0x734</run_address>
         <size>0x48</size>
         <input_file_ref idref="fl-12f"/>
      </object_component>
      <object_component id="oc-a9">
         <name>.debug_pubtypes</name>
         <load_address>0x77c</load_address>
         <run_address>0x77c</run_address>
         <size>0x1f</size>
         <input_file_ref idref="fl-130"/>
      </object_component>
      <object_component id="oc-dc">
         <name>.debug_pubtypes</name>
         <load_address>0x79b</load_address>
         <run_address>0x79b</run_address>
         <size>0x1f</size>
         <input_file_ref idref="fl-135"/>
      </object_component>
      <object_component id="oc-cf">
         <name>.debug_pubtypes</name>
         <load_address>0x7ba</load_address>
         <run_address>0x7ba</run_address>
         <size>0x1b</size>
         <input_file_ref idref="fl-136"/>
      </object_component>
      <object_component id="oc-b1">
         <name>.debug_pubtypes</name>
         <load_address>0x7d5</load_address>
         <run_address>0x7d5</run_address>
         <size>0x32</size>
         <input_file_ref idref="fl-137"/>
      </object_component>
      <object_component id="oc-b6">
         <name>.debug_pubtypes</name>
         <load_address>0x807</load_address>
         <run_address>0x807</run_address>
         <size>0x50</size>
         <input_file_ref idref="fl-137"/>
      </object_component>
      <object_component id="oc-e4">
         <name>.debug_pubtypes</name>
         <load_address>0x857</load_address>
         <run_address>0x857</run_address>
         <size>0x23</size>
         <input_file_ref idref="fl-138"/>
      </object_component>
   </object_component_list>
   <logical_group_list>
      <logical_group id="lg-4" display="no" color="cyan">
         <name>.intvecs</name>
         <load_address>0x0</load_address>
         <run_address>0x0</run_address>
         <size>0x144</size>
         <contents>
            <object_component_ref idref="oc-10"/>
         </contents>
      </logical_group>
      <logical_group id="lg-5" display="no" color="cyan">
         <name>.text</name>
         <load_address>0x144</load_address>
         <run_address>0x144</run_address>
         <size>0xadc</size>
         <contents>
            <object_component_ref idref="oc-e8"/>
            <object_component_ref idref="oc-ba"/>
            <object_component_ref idref="oc-99"/>
            <object_component_ref idref="oc-34"/>
            <object_component_ref idref="oc-2b"/>
            <object_component_ref idref="oc-4d"/>
            <object_component_ref idref="oc-c0"/>
            <object_component_ref idref="oc-5f"/>
            <object_component_ref idref="oc-40"/>
            <object_component_ref idref="oc-25"/>
            <object_component_ref idref="oc-91"/>
            <object_component_ref idref="oc-6b"/>
            <object_component_ref idref="oc-65"/>
            <object_component_ref idref="oc-d3"/>
            <object_component_ref idref="oc-13"/>
            <object_component_ref idref="oc-1f"/>
            <object_component_ref idref="oc-19"/>
            <object_component_ref idref="oc-59"/>
         </contents>
      </logical_group>
      <logical_group id="lg-6" display="no" color="cyan">
         <name>.const</name>
         <run_address>0x0</run_address>
         <size>0x0</size>
         <contents>
         </contents>
      </logical_group>
      <logical_group id="lg-7" display="no" color="cyan">
         <name>.cinit</name>
         <load_address>0xc20</load_address>
         <run_address>0xc20</run_address>
         <size>0x38</size>
         <contents>
            <object_component_ref idref="oc-134"/>
            <object_component_ref idref="oc-132"/>
            <object_component_ref idref="oc-135"/>
            <object_component_ref idref="oc-133"/>
         </contents>
      </logical_group>
      <logical_group id="lg-8" display="no" color="cyan">
         <name>.pinit</name>
         <run_address>0x0</run_address>
         <size>0x0</size>
         <contents>
         </contents>
      </logical_group>
      <logical_group id="lg-9" display="no" color="cyan">
         <name>.flashMailbox</name>
         <run_address>0x0</run_address>
         <size>0x0</size>
         <contents>
         </contents>
      </logical_group>
      <logical_group id="lg-a" display="no" color="cyan">
         <name>.vtable</name>
         <run_address>0x0</run_address>
         <size>0x0</size>
         <contents>
         </contents>
      </logical_group>
      <logical_group id="lg-d" display="no" color="cyan">
         <name>.sysmem</name>
         <run_address>0x0</run_address>
         <size>0x0</size>
         <contents>
         </contents>
      </logical_group>
      <logical_group id="lg-e" display="no" color="cyan">
         <name>.stack</name>
         <run_address>0x2000fe00</run_address>
         <size>0x200</size>
         <contents>
            <object_component_ref idref="oc-2a"/>
            <object_component_ref idref="oc-136"/>
         </contents>
      </logical_group>
      <logical_group id="lg-112" display="no" color="cyan">
         <name>.TI.noinit</name>
         <run_address>0x20000028</run_address>
         <size>0x0</size>
         <contents>
         </contents>
      </logical_group>
      <logical_group id="lg-c" display="no" color="cyan">
         <name>.bss</name>
         <run_address>0x20000028</run_address>
         <size>0x2</size>
         <contents>
            <object_component_ref idref="oc-ee"/>
            <object_component_ref idref="oc-f1"/>
         </contents>
      </logical_group>
      <logical_group id="lg-111" display="no" color="cyan">
         <name>BSS_GROUP</name>
         <run_address>0x20000028</run_address>
         <size>0x2</size>
         <contents>
            <logical_group_ref idref="lg-112"/>
            <logical_group_ref idref="lg-c"/>
         </contents>
      </logical_group>
      <logical_group id="lg-114" display="no" color="cyan">
         <name>.TI.persistent</name>
         <run_address>0x20000000</run_address>
         <size>0x0</size>
         <contents>
         </contents>
      </logical_group>
      <logical_group id="lg-b" display="no" color="cyan">
         <name>.data</name>
         <run_address>0x20000000</run_address>
         <size>0x28</size>
         <contents>
            <object_component_ref idref="oc-f7"/>
            <object_component_ref idref="oc-a4"/>
            <object_component_ref idref="oc-71"/>
            <object_component_ref idref="oc-a1"/>
         </contents>
      </logical_group>
      <logical_group id="lg-113" display="no" color="cyan">
         <name>DATA_GROUP</name>
         <load_address>0x20000000</load_address>
         <run_address>0x20000000</run_address>
         <size>0x28</size>
         <contents>
            <logical_group_ref idref="lg-114"/>
            <logical_group_ref idref="lg-b"/>
         </contents>
      </logical_group>
      <logical_group id="lg-122" display="never" color="cyan">
         <name>.debug_info</name>
         <load_address>0x0</load_address>
         <run_address>0x0</run_address>
         <size>0xa366</size>
         <contents>
            <object_component_ref idref="oc-10e"/>
            <object_component_ref idref="oc-f8"/>
            <object_component_ref idref="oc-e9"/>
            <object_component_ref idref="oc-102"/>
            <object_component_ref idref="oc-107"/>
            <object_component_ref idref="oc-78"/>
            <object_component_ref idref="oc-c7"/>
            <object_component_ref idref="oc-fb"/>
            <object_component_ref idref="oc-ef"/>
            <object_component_ref idref="oc-bb"/>
            <object_component_ref idref="oc-c1"/>
            <object_component_ref idref="oc-9a"/>
            <object_component_ref idref="oc-33"/>
            <object_component_ref idref="oc-11"/>
            <object_component_ref idref="oc-2c"/>
            <object_component_ref idref="oc-26"/>
            <object_component_ref idref="oc-3f"/>
            <object_component_ref idref="oc-17"/>
            <object_component_ref idref="oc-3a"/>
            <object_component_ref idref="oc-7e"/>
            <object_component_ref idref="oc-47"/>
            <object_component_ref idref="oc-43"/>
            <object_component_ref idref="oc-1c"/>
            <object_component_ref idref="oc-48"/>
            <object_component_ref idref="oc-88"/>
            <object_component_ref idref="oc-58"/>
            <object_component_ref idref="oc-20"/>
            <object_component_ref idref="oc-53"/>
            <object_component_ref idref="oc-a8"/>
            <object_component_ref idref="oc-a5"/>
            <object_component_ref idref="oc-6d"/>
            <object_component_ref idref="oc-36"/>
            <object_component_ref idref="oc-4e"/>
            <object_component_ref idref="oc-5a"/>
            <object_component_ref idref="oc-72"/>
            <object_component_ref idref="oc-db"/>
            <object_component_ref idref="oc-a2"/>
            <object_component_ref idref="oc-d4"/>
            <object_component_ref idref="oc-a0"/>
            <object_component_ref idref="oc-66"/>
            <object_component_ref idref="oc-ce"/>
            <object_component_ref idref="oc-98"/>
            <object_component_ref idref="oc-60"/>
            <object_component_ref idref="oc-b0"/>
            <object_component_ref idref="oc-b5"/>
            <object_component_ref idref="oc-ad"/>
            <object_component_ref idref="oc-92"/>
            <object_component_ref idref="oc-e3"/>
            <object_component_ref idref="oc-137"/>
         </contents>
      </logical_group>
      <logical_group id="lg-124" display="never" color="cyan">
         <name>.debug_line</name>
         <load_address>0x0</load_address>
         <run_address>0x0</run_address>
         <size>0x18f7</size>
         <contents>
            <object_component_ref idref="oc-110"/>
            <object_component_ref idref="oc-10d"/>
            <object_component_ref idref="oc-ec"/>
            <object_component_ref idref="oc-105"/>
            <object_component_ref idref="oc-10a"/>
            <object_component_ref idref="oc-7b"/>
            <object_component_ref idref="oc-ca"/>
            <object_component_ref idref="oc-fe"/>
            <object_component_ref idref="oc-101"/>
            <object_component_ref idref="oc-be"/>
            <object_component_ref idref="oc-c4"/>
            <object_component_ref idref="oc-9d"/>
            <object_component_ref idref="oc-77"/>
            <object_component_ref idref="oc-32"/>
            <object_component_ref idref="oc-2f"/>
            <object_component_ref idref="oc-29"/>
            <object_component_ref idref="oc-84"/>
            <object_component_ref idref="oc-16"/>
            <object_component_ref idref="oc-3d"/>
            <object_component_ref idref="oc-81"/>
            <object_component_ref idref="oc-87"/>
[...]
               <size>0xfdd6</size>
            </available_space>
            <allocated_space>
               <start_address>0x2000fe00</start_address>
               <size>0x200</size>
               <logical_group_ref idref="lg-e"/>
            </allocated_space>
         </usage_details>
      </memory_area>
   </placement_map>
   <cptbl_list>
      <cptbl>
         <name>__TI_cinit_table</name>
         <cprec>
            <name>.data</name>
            <load_address>0xc20</load_address>
            <load_size>0x12</load_size>
            <run_address>0x20000000</run_address>
            <run_size>0x28</run_size>
            <compression>rle</compression>
         </cprec>
         <cprec>
            <name>.bss</name>
            <load_address>0xc40</load_address>
            <load_size>0x8</load_size>
            <run_address>0x20000028</run_address>
            <run_size>0x2</run_size>
            <compression>zero_init</compression>
         </cprec>
      </cptbl>
   </cptbl_list>
   <handler_table>
      <handler_table_name>__TI_handler_table</handler_table_name>
      <handler>
         <index>0x0</index>
         <name>__TI_decompress_rle24</name>
      </handler>
      <handler>
         <index>0x1</index>
         <name>__TI_decompress_none</name>
      </handler>
      <handler>
         <index>0x2</index>
         <name>__TI_zero_init</name>
      </handler>
   </handler_table>
   <symbol_table>
      <symbol id="sm-1">
         <name>WDTCTL_SYM</name>
         <value>0x4000480c</value>
      </symbol>
      <symbol id="sm-2">
         <name>__TI_CINIT_Base</name>
         <value>0xc48</value>
      </symbol>
      <symbol id="sm-3">
         <name>__TI_CINIT_Limit</name>
         <value>0xc58</value>
      </symbol>
      <symbol id="sm-4">
         <name>__TI_Handler_Table_Base</name>
         <value>0xc34</value>
      </symbol>
      <symbol id="sm-5">
         <name>__TI_Handler_Table_Limit</name>
         <value>0xc40</value>
      </symbol>
      <symbol id="sm-6">
         <name>binit</name>
         <value>0xffffffff</value>
      </symbol>
      <symbol id="sm-7">
         <name>__binit__</name>
         <value>0xffffffff</value>
      </symbol>
      <symbol id="sm-8">
         <name>__STACK_SIZE</name>
         <value>0x200</value>
      </symbol>
      <symbol id="sm-9">
         <name>__STACK_END</name>
         <value>0x20010000</value>
      </symbol>
      <symbol id="sm-a">
         <name>__c_args__</name>
         <value>0xffffffff</value>
      </symbol>
      <symbol id="sm-85">
         <name>Crystalstable</name>
         <value>0x20000010</value>
         <object_component_ref idref="oc-f7"/>
      </symbol>
      <symbol id="sm-86">
         <name>Clock_InitLowPower</name>
         <value>0x371</value>
         <object_component_ref idref="oc-e8"/>
      </symbol>
      <symbol id="sm-87">
         <name>Prewait</name>
         <value>0x20000000</value>
         <object_component_ref idref="oc-f7"/>
      </symbol>
      <symbol id="sm-88">
         <name>Clock_Init32kHz</name>
         <value>0x27f</value>
         <object_component_ref idref="oc-e8"/>
      </symbol>
      <symbol id="sm-89">
         <name>IFlags</name>
         <value>0x2000000c</value>
         <object_component_ref idref="oc-f7"/>
      </symbol>
      <symbol id="sm-8a">
         <name>Postwait</name>
         <value>0x20000008</value>
         <object_component_ref idref="oc-f7"/>
      </symbol>
      <symbol id="sm-8b">
         <name>Clock_Init</name>
         <value>0x145</value>
         <object_component_ref idref="oc-e8"/>
      </symbol>
      <symbol id="sm-8c">
         <name>CPMwait</name>
         <value>0x20000004</value>
         <object_component_ref idref="oc-f7"/>
      </symbol>
      <symbol id="sm-8d">
         <name>Clock_Init48MHz</name>
         <value>0x18f</value>
         <object_component_ref idref="oc-e8"/>
      </symbol>
      <symbol id="sm-bc">
         <name>LCD_RS</name>
         <value>0x20000029</value>
      </symbol>
      <symbol id="sm-bd">
         <name>LCD_E</name>
         <value>0x20000028</value>
      </symbol>
      <symbol id="sm-be">
         <name>LCD_OutString</name>
         <value>0x617</value>
         <object_component_ref idref="oc-ba"/>
      </symbol>
      <symbol id="sm-bf">
         <name>LCD_OutUDec</name>
         <value>0x635</value>
         <object_component_ref idref="oc-ba"/>
      </symbol>
      <symbol id="sm-c0">
         <name>LCD_OutUHex</name>
         <value>0x665</value>
         <object_component_ref idref="oc-ba"/>
      </symbol>
      <symbol id="sm-c1">
         <name>OutPort6</name>
         <value>0x475</value>
         <object_component_ref idref="oc-ba"/>
      </symbol>
      <symbol id="sm-c2">
         <name>LCD_Init</name>
         <value>0x4fd</value>
         <object_component_ref idref="oc-ba"/>
      </symbol>
      <symbol id="sm-c3">
         <name>LCD_OutCmd</name>
         <value>0x5d5</value>
         <object_component_ref idref="oc-ba"/>
      </symbol>
      <symbol id="sm-c4">
         <name>SendPulse</name>
         <value>0x489</value>
         <object_component_ref idref="oc-ba"/>
      </symbol>
      <symbol id="sm-c5">
         <name>LCD_Clear</name>
         <value>0x4ed</value>
         <object_component_ref idref="oc-ba"/>
      </symbol>
      <symbol id="sm-c6">
         <name>SendCmd</name>
         <value>0x4d1</value>
         <object_component_ref idref="oc-ba"/>
      </symbol>
      <symbol id="sm-c7">
         <name>SendChar</name>
         <value>0x4b5</value>
         <object_component_ref idref="oc-ba"/>
      </symbol>
      <symbol id="sm-c8">
         <name>LCD_OutUFix</name>
         <value>0x6a1</value>
         <object_component_ref idref="oc-ba"/>
      </symbol>
      <symbol id="sm-c9">
         <name>LCD_OutChar</name>
         <value>0x593</value>
         <object_component_ref idref="oc-ba"/>
      </symbol>
      <symbol id="sm-dd">
         <name>SysTick_Wait</name>
         <value>0x9bd</value>
         <object_component_ref idref="oc-c0"/>
      </symbol>
      <symbol id="sm-de">
         <name>SysTick_Wait10ms</name>
         <value>0x9e3</value>
         <object_component_ref idref="oc-c0"/>
      </symbol>
      <symbol id="sm-df">
         <name>SysTick_Init</name>
         <value>0x9a1</value>
         <object_component_ref idref="oc-c0"/>
      </symbol>
      <symbol id="sm-f5">
         <name>main</name>
         <value>0x74d</value>
         <object_component_ref idref="oc-99"/>
      </symbol>
      <symbol id="sm-175">
         <name>T32_INT2_IRQHandler</name>
         <value>0x8e5</value>
         <object_component_ref idref="oc-2b"/>
      </symbol>
      <symbol id="sm-176">
         <name>PendSV_Handler</name>
         <value>0x8ad</value>
         <object_component_ref idref="oc-2b"/>
      </symbol>
      <symbol id="sm-177">
         <name>SysTick_Handler</name>
         <value>0x8af</value>
         <object_component_ref idref="oc-2b"/>
      </symbol>
      <symbol id="sm-178">
         <name>EUSCIA3_IRQHandler</name>
         <value>0x8d7</value>
         <object_component_ref idref="oc-2b"/>
      </symbol>
      <symbol id="sm-179">
         <name>SVC_Handler</name>
         <value>0x8a9</value>
         <object_component_ref idref="oc-2b"/>
      </symbol>
      <symbol id="sm-17a">
         <name>EUSCIB1_IRQHandler</name>
         <value>0x8db</value>
         <object_component_ref idref="oc-2b"/>
      </symbol>
      <symbol id="sm-17b">
         <name>PORT4_IRQHandler</name>
         <value>0x8fd</value>
         <object_component_ref idref="oc-2b"/>
      </symbol>
      <symbol id="sm-17c">
         <name>AES256_IRQHandler</name>
         <value>0x8e9</value>
         <object_component_ref idref="oc-2b"/>
      </symbol>
      <symbol id="sm-17d">
         <name>FPU_IRQHandler</name>
         <value>0x8b9</value>
         <object_component_ref idref="oc-2b"/>
      </symbol>
      <symbol id="sm-17e">
         <name>EUSCIB2_IRQHandler</name>
         <value>0x8dd</value>
         <object_component_ref idref="oc-2b"/>
      </symbol>
      <symbol id="sm-17f">
         <name>PORT1_IRQHandler</name>
         <value>0x8f7</value>
         <object_component_ref idref="oc-2b"/>
      </symbol>
      <symbol id="sm-180">
         <name>RTC_C_IRQHandler</name>
         <value>0x8eb</value>
         <object_component_ref idref="oc-2b"/>
      </symbol>
      <symbol id="sm-181">
         <name>TA2_0_IRQHandler</name>
         <value>0x8c9</value>
         <object_component_ref idref="oc-2b"/>
      </symbol>
      <symbol id="sm-182">
         <name>TA3_N_IRQHandler</name>
         <value>0x8cf</value>
         <object_component_ref idref="oc-2b"/>
      </symbol>
      <symbol id="sm-183">
         <name>DMA_INT3_IRQHandler</name>
         <value>0x8ef</value>
         <object_component_ref idref="oc-2b"/>
      </symbol>
      <symbol id="sm-184">
         <name>PORT2_IRQHandler</name>
         <value>0x8f9</value>
         <object_component_ref idref="oc-2b"/>
      </symbol>
      <symbol id="sm-185">
         <name>StartCritical</name>
         <value>0x90f</value>
         <object_component_ref idref="oc-2b"/>
      </symbol>
      <symbol id="sm-186">
         <name>TA0_0_IRQHandler</name>
         <value>0x8c1</value>
         <object_component_ref idref="oc-2b"/>
      </symbol>
      <symbol id="sm-187">
         <name>PSS_IRQHandler</name>
         <value>0x8b1</value>
         <object_component_ref idref="oc-2b"/>
      </symbol>
      <symbol id="sm-188">
         <name>TA1_N_IRQHandler</name>
         <value>0x8c7</value>
         <object_component_ref idref="oc-2b"/>
      </symbol>
      <symbol id="sm-189">
         <name>EUSCIA1_IRQHandler</name>
         <value>0x8d3</value>
         <object_component_ref idref="oc-2b"/>
      </symbol>
      <symbol id="sm-18a">
         <name>EUSCIA2_IRQHandler</name>
         <value>0x8d5</value>
         <object_component_ref idref="oc-2b"/>
      </symbol>
      <symbol id="sm-18b">
         <name>COMP_E0_IRQHandler</name>
         <value>0x8bd</value>
         <object_component_ref idref="oc-2b"/>
      </symbol>
      <symbol id="sm-18c">
         <name>WDT_A_IRQHandler</name>
         <value>0x8b7</value>
         <object_component_ref idref="oc-2b"/>
      </symbol>
      <symbol id="sm-18d">
         <name>EUSCIB0_IRQHandler</name>
         <value>0x8d9</value>
         <object_component_ref idref="oc-2b"/>
      </symbol>
      <symbol id="sm-18e">
         <name>FLCTL_IRQHandler</name>
         <value>0x8bb</value>
         <object_component_ref idref="oc-2b"/>
      </symbol>
      <symbol id="sm-18f">
         <name>EndCritical</name>
         <value>0x919</value>
         <object_component_ref idref="oc-2b"/>
      </symbol>
      <symbol id="sm-190">
         <name>DMA_INT1_IRQHandler</name>
         <value>0x8f3</value>
         <object_component_ref idref="oc-2b"/>
      </symbol>
      <symbol id="sm-191">
         <name>PCM_IRQHandler</name>
         <value>0x8b5</value>
         <object_component_ref idref="oc-2b"/>
      </symbol>
      <symbol id="sm-192">
         <name>ADC14_IRQHandler</name>
         <value>0x8e1</value>
         <object_component_ref idref="oc-2b"/>
      </symbol>
      <symbol id="sm-193">
         <name>T32_INTC_IRQHandler</name>
         <value>0x8e7</value>
         <object_component_ref idref="oc-2b"/>
      </symbol>
      <symbol id="sm-194">
         <name>DMA_INT2_IRQHandler</name>
         <value>0x8f1</value>
         <object_component_ref idref="oc-2b"/>
      </symbol>
      <symbol id="sm-195">
         <name>TA3_0_IRQHandler</name>
         <value>0x8cd</value>
         <object_component_ref idref="oc-2b"/>
      </symbol>
      <symbol id="sm-196">
         <name>EUSCIA0_IRQHandler</name>
         <value>0x8d1</value>
         <object_component_ref idref="oc-2b"/>
      </symbol>
      <symbol id="sm-197">
         <name>DMA_ERR_IRQHandler</name>
         <value>0x8ed</value>
         <object_component_ref idref="oc-2b"/>
      </symbol>
      <symbol id="sm-198">
         <name>DisableInterrupts</name>
         <value>0x903</value>
         <object_component_ref idref="oc-2b"/>
      </symbol>
      <symbol id="sm-199">
         <name>PORT5_IRQHandler</name>
         <value>0x8ff</value>
         <object_component_ref idref="oc-2b"/>
      </symbol>
      <symbol id="sm-19a">
         <name>TA1_0_IRQHandler</name>
         <value>0x8c5</value>
         <object_component_ref idref="oc-2b"/>
      </symbol>
      <symbol id="sm-19b">
         <name>TA2_N_IRQHandler</name>
         <value>0x8cb</value>
         <object_component_ref idref="oc-2b"/>
      </symbol>
      <symbol id="sm-19c">
         <name>COMP_E1_IRQHandler</name>
         <value>0x8bf</value>
         <object_component_ref idref="oc-2b"/>
      </symbol>
      <symbol id="sm-19d">
         <name>EUSCIB3_IRQHandler</name>
         <value>0x8df</value>
         <object_component_ref idref="oc-2b"/>
      </symbol>
      <symbol id="sm-19e">
         <name>WaitForInterrupt</name>
         <value>0x921</value>
         <object_component_ref idref="oc-2b"/>
      </symbol>
      <symbol id="sm-19f">
         <name>interruptVectors</name>
         <value>0x0</value>
         <object_component_ref idref="oc-10"/>
      </symbol>
      <symbol id="sm-1a0">
         <name>EnableInterrupts</name>
         <value>0x909</value>
         <object_component_ref idref="oc-2b"/>
      </symbol>
      <symbol id="sm-1a1">
         <name>PORT6_IRQHandler</name>
         <value>0x901</value>
         <object_component_ref idref="oc-2b"/>
      </symbol>
      <symbol id="sm-1a2">
         <name>TA0_N_IRQHandler</name>
         <value>0x8c3</value>
         <object_component_ref idref="oc-2b"/>
      </symbol>
      <symbol id="sm-1a3">
         <name>T32_INT1_IRQHandler</name>
         <value>0x8e3</value>
         <object_component_ref idref="oc-2b"/>
      </symbol>
      <symbol id="sm-1a4">
         <name>DebugMon_Handler</name>
         <value>0x8ab</value>
         <object_component_ref idref="oc-2b"/>
      </symbol>
      <symbol id="sm-1a5">
         <name>DMA_INT0_IRQHandler</name>
         <value>0x8f5</value>
         <object_component_ref idref="oc-2b"/>
      </symbol>
      <symbol id="sm-1a6">
         <name>PORT3_IRQHandler</name>
         <value>0x8fb</value>
         <object_component_ref idref="oc-2b"/>
      </symbol>
      <symbol id="sm-1a7">
         <name>CS_IRQHandler</name>
         <value>0x8b3</value>
         <object_component_ref idref="oc-2b"/>
      </symbol>
      <symbol id="sm-1b9">
         <name>_c_int00</name>
         <value>0xaf1</value>
         <object_component_ref idref="oc-25"/>
      </symbol>
      <symbol id="sm-1ba">
         <name>__stack</name>
         <value>0x2000fe00</value>
         <object_component_ref idref="oc-2a"/>
      </symbol>
      <symbol id="sm-1d1">
         <name>__TI_decompress_none</name>
         <value>0xbfd</value>
         <object_component_ref idref="oc-13"/>
      </symbol>
      <symbol id="sm-1f9">
         <name>__TI_decompress_rle24</name>
         <value>0xc17</value>
         <object_component_ref idref="oc-19"/>
      </symbol>
      <symbol id="sm-20b">
         <name>__TI_zero_init</name>
         <value>0xc0b</value>
         <object_component_ref idref="oc-1f"/>
      </symbol>
      <symbol id="sm-22a">
         <name>C$$EXIT</name>
         <value>0xb8d</value>
         <object_component_ref idref="oc-6b"/>
      </symbol>
      <symbol id="sm-22b">
         <name>abort</name>
         <value>0xb91</value>
         <object_component_ref idref="oc-6b"/>
      </symbol>
      <symbol id="sm-22c">
         <name>exit</name>
         <value>0xb99</value>
         <object_component_ref idref="oc-6b"/>
      </symbol>
      <symbol id="sm-22d">
         <name>__TI_dtors_ptr</name>
         <value>0x20000020</value>
         <object_component_ref idref="oc-a4"/>
      </symbol>
      <symbol id="sm-22e">
         <name>__TI_cleanup_ptr</name>
         <value>0x2000001c</value>
         <object_component_ref idref="oc-a4"/>
      </symbol>
      <symbol id="sm-249">
         <name>memcpy</name>
         <value>0x7f1</value>
         <object_component_ref idref="oc-34"/>
      </symbol>
      <symbol id="sm-24a">
         <name>__aeabi_memcpy</name>
         <value>0x7f1</value>
         <object_component_ref idref="oc-34"/>
      </symbol>
      <symbol id="sm-24b">
         <name>__aeabi_memcpy8</name>
         <value>0x7f1</value>
         <object_component_ref idref="oc-34"/>
      </symbol>
      <symbol id="sm-24c">
         <name>__aeabi_memcpy4</name>
         <value>0x7f1</value>
         <object_component_ref idref="oc-34"/>
      </symbol>
      <symbol id="sm-25b">
         <name>__aeabi_memset</name>
         <value>0x929</value>
         <object_component_ref idref="oc-4d"/>
      </symbol>
      <symbol id="sm-25c">
         <name>memset</name>
         <value>0x92f</value>
         <object_component_ref idref="oc-4d"/>
      </symbol>
      <symbol id="sm-25d">
         <name>__aeabi_memset8</name>
         <value>0x929</value>
         <object_component_ref idref="oc-4d"/>
      </symbol>
      <symbol id="sm-25e">
         <name>__aeabi_memset4</name>
         <value>0x929</value>
         <object_component_ref idref="oc-4d"/>
      </symbol>
      <symbol id="sm-25f">
         <name>__aeabi_memclr8</name>
         <value>0x927</value>
         <object_component_ref idref="oc-4d"/>
      </symbol>
      <symbol id="sm-260">
         <name>__aeabi_memclr4</name>
         <value>0x927</value>
         <object_component_ref idref="oc-4d"/>
      </symbol>
      <symbol id="sm-261">
         <name>__aeabi_memclr</name>
         <value>0x927</value>
         <object_component_ref idref="oc-4d"/>
      </symbol>
      <symbol id="sm-26b">
         <name>_system_pre_init</name>
         <value>0xc1d</value>
         <object_component_ref idref="oc-59"/>
      </symbol>
      <symbol id="sm-273">
         <name>main_func_sp</name>
         <value>0x20000024</value>
         <object_component_ref idref="oc-71"/>
      </symbol>
      <symbol id="sm-28c">
         <name>_nop</name>
         <value>0xbf7</value>
         <object_component_ref idref="oc-d3"/>
      </symbol>
      <symbol id="sm-28d">
         <name>_lock</name>
         <value>0x20000014</value>
         <object_component_ref idref="oc-a1"/>
      </symbol>
      <symbol id="sm-28e">
         <name>_unlock</name>
         <value>0x20000018</value>
         <object_component_ref idref="oc-a1"/>
      </symbol>
      <symbol id="sm-28f">
         <name>_register_lock</name>
         <value>0xbef</value>
         <object_component_ref idref="oc-d3"/>
      </symbol>
      <symbol id="sm-290">
         <name>_register_unlock</name>
         <value>0xbe9</value>
         <object_component_ref idref="oc-d3"/>
      </symbol>
      <symbol id="sm-2a5">
         <name>_args_main</name>
         <value>0xbd1</value>
         <object_component_ref idref="oc-65"/>
      </symbol>
      <symbol id="sm-2cb">
         <name>__TI_auto_init</name>
         <value>0xa19</value>
         <object_component_ref idref="oc-5f"/>
      </symbol>
      <symbol id="sm-2e5">
         <name>copy_in</name>
         <value>0xb41</value>
         <object_component_ref idref="oc-91"/>
      </symbol>
      <symbol id="sm-2e6">
         <name>__TI_static_base__</name>
         <value>0x0</value>
      </symbol>
      <symbol id="sm-2e9">
         <name>SHT$$INIT_ARRAY$$Limit</name>
         <value>0x0</value>
      </symbol>
      <symbol id="sm-2ea">
         <name>SHT$$INIT_ARRAY$$Base</name>
         <value>0x0</value>
      </symbol>
   </symbol_table>
   <title>Link successful</title>
</link_info>
