<?xml version="1.0"?>
<link_info>
   <banner>TI ARM Linker PC v16.9.1.LTS</banner>
   <copyright>Copyright (c) 1996-2015 Texas Instruments Incorporated</copyright>
   <link_time>0x5a204dea</link_time>
   <link_errors>0x0</link_errors>
   <output_file>EGCP_450_Lab_7_Part_2.out</output_file>
   <entry_point>
      <name>_c_int00</name>
      <address>0x8a5</address>
   </entry_point>
   <input_file_list>
      <input_file id="fl-2">
         <path>.\</path>
         <kind>object</kind>
         <file>ADC14.obj</file>
         <name>ADC14.obj</name>
      </input_file>
      <input_file id="fl-3">
         <path>.\</path>
         <kind>object</kind>
         <file>LCD.obj</file>
         <name>LCD.obj</name>
      </input_file>
      <input_file id="fl-4">
         <path>.\</path>
         <kind>object</kind>
         <file>SysTickInts.obj</file>
         <name>SysTickInts.obj</name>
      </input_file>
      <input_file id="fl-5">
         <path>.\</path>
         <kind>object</kind>
         <file>main.obj</file>
         <name>main.obj</name>
      </input_file>
      <input_file id="fl-6">
         <path>.\</path>
         <kind>object</kind>
         <file>msp432_startup_ccs.obj</file>
         <name>msp432_startup_ccs.obj</name>
      </input_file>
      <input_file id="fl-c0">
         <path>C:\ti\ccsv7\tools\compiler\ti-cgt-arm_16.9.1.LTS\lib\</path>
         <kind>archive</kind>
         <file>rtsv7M4_T_le_v4SPD16_eabi.lib</file>
         <name>boot.obj</name>
      </input_file>
      <input_file id="fl-c1">
         <path>C:\ti\ccsv7\tools\compiler\ti-cgt-arm_16.9.1.LTS\lib\</path>
         <kind>archive</kind>
         <file>rtsv7M4_T_le_v4SPD16_eabi.lib</file>
         <name>copy_decompress_lzss.obj</name>
      </input_file>
      <input_file id="fl-c2">
         <path>C:\ti\ccsv7\tools\compiler\ti-cgt-arm_16.9.1.LTS\lib\</path>
         <kind>archive</kind>
         <file>rtsv7M4_T_le_v4SPD16_eabi.lib</file>
         <name>copy_decompress_none.obj</name>
      </input_file>
      <input_file id="fl-c3">
         <path>C:\ti\ccsv7\tools\compiler\ti-cgt-arm_16.9.1.LTS\lib\</path>
         <kind>archive</kind>
         <file>rtsv7M4_T_le_v4SPD16_eabi.lib</file>
         <name>copy_zero_init.obj</name>
      </input_file>
      <input_file id="fl-c4">
         <path>C:\ti\ccsv7\tools\compiler\ti-cgt-arm_16.9.1.LTS\lib\</path>
         <kind>archive</kind>
         <file>rtsv7M4_T_le_v4SPD16_eabi.lib</file>
         <name>exit.obj</name>
      </input_file>
      <input_file id="fl-c5">
         <path>C:\ti\ccsv7\tools\compiler\ti-cgt-arm_16.9.1.LTS\lib\</path>
         <kind>archive</kind>
         <file>rtsv7M4_T_le_v4SPD16_eabi.lib</file>
         <name>memcpy_t2.obj</name>
      </input_file>
      <input_file id="fl-c6">
         <path>C:\ti\ccsv7\tools\compiler\ti-cgt-arm_16.9.1.LTS\lib\</path>
         <kind>archive</kind>
         <file>rtsv7M4_T_le_v4SPD16_eabi.lib</file>
         <name>memset_t2.obj</name>
      </input_file>
      <input_file id="fl-c7">
         <path>C:\ti\ccsv7\tools\compiler\ti-cgt-arm_16.9.1.LTS\lib\</path>
         <kind>archive</kind>
         <file>rtsv7M4_T_le_v4SPD16_eabi.lib</file>
         <name>mpu_init.obj</name>
      </input_file>
      <input_file id="fl-c8">
         <path>C:\ti\ccsv7\tools\compiler\ti-cgt-arm_16.9.1.LTS\lib\</path>
         <kind>archive</kind>
         <file>rtsv7M4_T_le_v4SPD16_eabi.lib</file>
         <name>pre_init.obj</name>
      </input_file>
      <input_file id="fl-c9">
         <path>C:\ti\ccsv7\tools\compiler\ti-cgt-arm_16.9.1.LTS\lib\</path>
         <kind>archive</kind>
         <file>rtsv7M4_T_le_v4SPD16_eabi.lib</file>
         <name>stkdepth_vars.obj</name>
      </input_file>
      <input_file id="fl-ca">
         <path>C:\ti\ccsv7\tools\compiler\ti-cgt-arm_16.9.1.LTS\lib\</path>
         <kind>archive</kind>
         <file>rtsv7M4_T_le_v4SPD16_eabi.lib</file>
         <name>_lock.obj</name>
      </input_file>
      <input_file id="fl-cb">
         <path>C:\ti\ccsv7\tools\compiler\ti-cgt-arm_16.9.1.LTS\lib\</path>
         <kind>archive</kind>
         <file>rtsv7M4_T_le_v4SPD16_eabi.lib</file>
         <name>args_main.obj</name>
      </input_file>
      <input_file id="fl-cc">
         <path>C:\ti\ccsv7\tools\compiler\ti-cgt-arm_16.9.1.LTS\lib\</path>
         <kind>archive</kind>
         <file>rtsv7M4_T_le_v4SPD16_eabi.lib</file>
         <name>autoinit.obj</name>
      </input_file>
      <input_file id="fl-cd">
         <path>C:\ti\ccsv7\tools\compiler\ti-cgt-arm_16.9.1.LTS\lib\</path>
         <kind>archive</kind>
         <file>rtsv7M4_T_le_v4SPD16_eabi.lib</file>
         <name>cpy_tbl.obj</name>
      </input_file>
      <input_file id="fl-ce">
         <path>C:\ti\ccsv7\tools\compiler\ti-cgt-arm_16.9.1.LTS\lib\</path>
         <kind>archive</kind>
         <file>rtsv7M4_T_le_v4SPD16_eabi.lib</file>
         <name>startup.obj</name>
      </input_file>
   </input_file_list>
   <object_component_list>
      <object_component id="oc-10">
         <name>.intvecs</name>
         <load_address>0x0</load_address>
         <run_address>0x0</run_address>
         <size>0x144</size>
         <input_file_ref idref="fl-6"/>
      </object_component>
      <object_component id="oc-ef">
         <name>.text</name>
         <load_address>0x144</load_address>
         <run_address>0x144</run_address>
         <size>0x2d0</size>
         <input_file_ref idref="fl-3"/>
      </object_component>
      <object_component id="oc-32">
         <name>.text</name>
         <load_address>0x414</load_address>
         <run_address>0x414</run_address>
         <size>0xec</size>
         <input_file_ref idref="fl-4"/>
      </object_component>
      <object_component id="oc-81">
         <name>.text</name>
         <load_address>0x500</load_address>
         <run_address>0x500</run_address>
         <size>0xb4</size>
         <input_file_ref idref="fl-2"/>
      </object_component>
      <object_component id="oc-46">
         <name>.text</name>
         <load_address>0x5b4</load_address>
         <run_address>0x5b4</run_address>
         <size>0x9c</size>
         <input_file_ref idref="fl-c5"/>
      </object_component>
      <object_component id="oc-2c">
         <name>.text</name>
         <load_address>0x650</load_address>
         <run_address>0x650</run_address>
         <size>0x9a</size>
         <input_file_ref idref="fl-6"/>
      </object_component>
      <object_component id="oc-52">
         <name>.text</name>
         <load_address>0x6ea</load_address>
         <run_address>0x6ea</run_address>
         <size>0x7a</size>
         <input_file_ref idref="fl-c6"/>
      </object_component>
      <object_component id="oc-6a">
         <name>.text</name>
         <load_address>0x764</load_address>
         <run_address>0x764</run_address>
         <size>0x70</size>
         <input_file_ref idref="fl-cc"/>
      </object_component>
      <object_component id="oc-13">
         <name>.text:decompress:lzss</name>
         <load_address>0x7d4</load_address>
         <run_address>0x7d4</run_address>
         <size>0x68</size>
         <input_file_ref idref="fl-c1"/>
      </object_component>
      <object_component id="oc-bc">
         <name>.text</name>
         <load_address>0x83c</load_address>
         <run_address>0x83c</run_address>
         <size>0x68</size>
         <input_file_ref idref="fl-5"/>
      </object_component>
      <object_component id="oc-25">
         <name>.text</name>
         <load_address>0x8a4</load_address>
         <run_address>0x8a4</run_address>
         <size>0x54</size>
         <input_file_ref idref="fl-c0"/>
      </object_component>
      <object_component id="oc-76">
         <name>.text</name>
         <load_address>0x8f8</load_address>
         <run_address>0x8f8</run_address>
         <size>0x54</size>
         <input_file_ref idref="fl-c4"/>
      </object_component>
      <object_component id="oc-ae">
         <name>.text</name>
         <load_address>0x94c</load_address>
         <run_address>0x94c</run_address>
         <size>0x4c</size>
         <input_file_ref idref="fl-cd"/>
      </object_component>
      <object_component id="oc-70">
         <name>.text</name>
         <load_address>0x998</load_address>
         <run_address>0x998</run_address>
         <size>0x18</size>
         <input_file_ref idref="fl-cb"/>
      </object_component>
      <object_component id="oc-ff">
         <name>.text</name>
         <load_address>0x9b0</load_address>
         <run_address>0x9b0</run_address>
         <size>0x14</size>
         <input_file_ref idref="fl-ca"/>
      </object_component>
      <object_component id="oc-19">
         <name>.text:decompress:none</name>
         <load_address>0x9c4</load_address>
         <run_address>0x9c4</run_address>
         <size>0xe</size>
         <input_file_ref idref="fl-c2"/>
      </object_component>
      <object_component id="oc-1f">
         <name>.text:decompress:ZI</name>
         <load_address>0x9d2</load_address>
         <run_address>0x9d2</run_address>
         <size>0xc</size>
         <input_file_ref idref="fl-c3"/>
      </object_component>
      <object_component id="oc-64">
         <name>.text</name>
         <load_address>0x9de</load_address>
         <run_address>0x9de</run_address>
         <size>0x4</size>
         <input_file_ref idref="fl-c8"/>
      </object_component>
      <object_component id="oc-5e">
         <name>.text</name>
         <load_address>0x9e2</load_address>
         <run_address>0x9e2</run_address>
         <size>0x2</size>
         <input_file_ref idref="fl-c7"/>
      </object_component>
      <object_component id="oc-b4">
         <name>.text</name>
         <load_address>0x9e4</load_address>
         <run_address>0x9e4</run_address>
         <size>0x2</size>
         <input_file_ref idref="fl-ce"/>
      </object_component>
      <object_component id="oc-145">
         <name>.cinit..data.load</name>
         <load_address>0x9e8</load_address>
         <run_address>0x9e8</run_address>
         <size>0x11</size>
      </object_component>
      <object_component id="oc-143">
         <name>__TI_handler_table</name>
         <load_address>0x9fc</load_address>
         <run_address>0x9fc</run_address>
         <size>0xc</size>
      </object_component>
      <object_component id="oc-146">
         <name>.cinit..bss.load</name>
         <load_address>0xa08</load_address>
         <run_address>0xa08</run_address>
         <size>0x8</size>
      </object_component>
      <object_component id="oc-144">
         <name>__TI_cinit_table</name>
         <load_address>0xa10</load_address>
         <run_address>0xa10</run_address>
         <size>0x10</size>
      </object_component>
      <object_component id="oc-c4">
         <name>.data:$O1$$</name>
         <load_address>0x20000000</load_address>
         <run_address>0x20000000</run_address>
         <size>0xc</size>
         <input_file_ref idref="fl-c4"/>
      </object_component>
      <object_component id="oc-7c">
         <name>.data</name>
         <load_address>0x20000014</load_address>
         <run_address>0x20000014</run_address>
         <size>0x4</size>
         <input_file_ref idref="fl-c9"/>
      </object_component>
      <object_component id="oc-c7">
         <name>.data:$O1$$</name>
         <load_address>0x2000000c</load_address>
         <run_address>0x2000000c</run_address>
         <size>0x8</size>
         <input_file_ref idref="fl-ca"/>
      </object_component>
      <object_component id="oc-118">
         <name>.common:LCD_RS</name>
         <uninitialized>true</uninitialized>
         <run_address>0x20000025</run_address>
         <size>0x1</size>
      </object_component>
      <object_component id="oc-11b">
         <name>.common:LCD_E</name>
         <uninitialized>true</uninitialized>
         <run_address>0x20000024</run_address>
         <size>0x1</size>
      </object_component>
      <object_component id="oc-8b">
         <name>.common:ADCvalue</name>
         <uninitialized>true</uninitialized>
         <run_address>0x20000018</run_address>
         <size>0x4</size>
      </object_component>
      <object_component id="oc-8a">
         <name>.common:Counts</name>
         <uninitialized>true</uninitialized>
         <run_address>0x2000001c</run_address>
         <size>0x4</size>
      </object_component>
      <object_component id="oc-87">
         <name>.common:wait_per</name>
         <uninitialized>true</uninitialized>
         <run_address>0x20000020</run_address>
         <size>0x4</size>
      </object_component>
      <object_component id="oc-2b">
         <name>.stack</name>
         <uninitialized>true</uninitialized>
         <run_address>0x2000fe00</run_address>
         <size>0x0</size>
         <input_file_ref idref="fl-c0"/>
      </object_component>
      <object_component id="oc-147">
         <name>.stack</name>
         <uninitialized>true</uninitialized>
         <run_address>0x2000fe00</run_address>
         <size>0x0</size>
      </object_component>
      <object_component id="oc-10b">
         <name>.debug_info</name>
         <load_address>0x0</load_address>
         <run_address>0x0</run_address>
         <size>0x382</size>
         <input_file_ref idref="fl-2"/>
      </object_component>
      <object_component id="oc-82">
         <name>.debug_info</name>
         <load_address>0x382</load_address>
         <run_address>0x382</run_address>
         <size>0x162</size>
         <input_file_ref idref="fl-2"/>
      </object_component>
      <object_component id="oc-d2">
         <name>.debug_info</name>
         <load_address>0x4e4</load_address>
         <run_address>0x4e4</run_address>
         <size>0x37e2</size>
         <input_file_ref idref="fl-2"/>
      </object_component>
      <object_component id="oc-d7">
         <name>.debug_info</name>
         <load_address>0x3cc6</load_address>
         <run_address>0x3cc6</run_address>
         <size>0x1055</size>
         <input_file_ref idref="fl-2"/>
      </object_component>
      <object_component id="oc-41">
         <name>.debug_info</name>
         <load_address>0x4d1b</load_address>
         <run_address>0x4d1b</run_address>
         <size>0x84</size>
         <input_file_ref idref="fl-2"/>
      </object_component>
      <object_component id="oc-8f">
         <name>.debug_info</name>
         <load_address>0x4d9f</load_address>
         <run_address>0x4d9f</run_address>
         <size>0x18b</size>
         <input_file_ref idref="fl-2"/>
      </object_component>
      <object_component id="oc-119">
         <name>.debug_info</name>
         <load_address>0x4f2a</load_address>
         <run_address>0x4f2a</run_address>
         <size>0x412</size>
         <input_file_ref idref="fl-3"/>
      </object_component>
      <object_component id="oc-f0">
         <name>.debug_info</name>
         <load_address>0x533c</load_address>
         <run_address>0x533c</run_address>
         <size>0x80e</size>
         <input_file_ref idref="fl-3"/>
      </object_component>
      <object_component id="oc-88">
         <name>.debug_info</name>
         <load_address>0x5b4a</load_address>
         <run_address>0x5b4a</run_address>
         <size>0x4a7</size>
         <input_file_ref idref="fl-4"/>
      </object_component>
      <object_component id="oc-33">
         <name>.debug_info</name>
         <load_address>0x5ff1</load_address>
         <run_address>0x5ff1</run_address>
         <size>0x40d</size>
         <input_file_ref idref="fl-4"/>
      </object_component>
      <object_component id="oc-8c">
         <name>.debug_info</name>
         <load_address>0x63fe</load_address>
         <run_address>0x63fe</run_address>
         <size>0x48e</size>
         <input_file_ref idref="fl-5"/>
      </object_component>
      <object_component id="oc-bf">
         <name>.debug_info</name>
         <load_address>0x688c</load_address>
         <run_address>0x688c</run_address>
         <size>0x186</size>
         <input_file_ref idref="fl-5"/>
      </object_component>
      <object_component id="oc-3a">
         <name>.debug_info</name>
         <load_address>0x6a12</load_address>
         <run_address>0x6a12</run_address>
         <size>0x101</size>
         <input_file_ref idref="fl-6"/>
      </object_component>
      <object_component id="oc-11">
         <name>.debug_info</name>
         <load_address>0x6b13</load_address>
         <run_address>0x6b13</run_address>
         <size>0xf4</size>
         <input_file_ref idref="fl-6"/>
      </object_component>
      <object_component id="oc-2e">
         <name>.debug_info</name>
         <load_address>0x6c07</load_address>
         <run_address>0x6c07</run_address>
         <size>0x16a0</size>
         <input_file_ref idref="fl-6"/>
      </object_component>
      <object_component id="oc-26">
         <name>.debug_info</name>
         <load_address>0x82a7</load_address>
         <run_address>0x82a7</run_address>
         <size>0x160</size>
         <input_file_ref idref="fl-c0"/>
      </object_component>
      <object_component id="oc-9b">
         <name>.debug_info</name>
         <load_address>0x8407</load_address>
         <run_address>0x8407</run_address>
         <size>0xf9</size>
         <input_file_ref idref="fl-c1"/>
      </object_component>
      <object_component id="oc-16">
         <name>.debug_info</name>
         <load_address>0x8500</load_address>
         <run_address>0x8500</run_address>
         <size>0x245</size>
         <input_file_ref idref="fl-c1"/>
      </object_component>
      <object_component id="oc-3c">
         <name>.debug_info</name>
         <load_address>0x8745</load_address>
         <run_address>0x8745</run_address>
         <size>0x60</size>
         <input_file_ref idref="fl-c1"/>
      </object_component>
      <object_component id="oc-96">
         <name>.debug_info</name>
         <load_address>0x87a5</load_address>
         <run_address>0x87a5</run_address>
         <size>0x46</size>
         <input_file_ref idref="fl-c1"/>
      </object_component>
      <object_component id="oc-51">
         <name>.debug_info</name>
         <load_address>0x87eb</load_address>
         <run_address>0x87eb</run_address>
         <size>0x140</size>
         <input_file_ref idref="fl-c2"/>
      </object_component>
      <object_component id="oc-1a">
         <name>.debug_info</name>
         <load_address>0x892b</load_address>
         <run_address>0x892b</run_address>
         <size>0x1df</size>
         <input_file_ref idref="fl-c2"/>
      </object_component>
      <object_component id="oc-4c">
         <name>.debug_info</name>
         <load_address>0x8b0a</load_address>
         <run_address>0x8b0a</run_address>
         <size>0x46</size>
         <input_file_ref idref="fl-c2"/>
      </object_component>
      <object_component id="oc-9d">
         <name>.debug_info</name>
         <load_address>0x8b50</load_address>
         <run_address>0x8b50</run_address>
         <size>0x2c</size>
         <input_file_ref idref="fl-c2"/>
      </object_component>
      <object_component id="oc-5d">
         <name>.debug_info</name>
         <load_address>0x8b7c</load_address>
         <run_address>0x8b7c</run_address>
         <size>0x12f</size>
         <input_file_ref idref="fl-c3"/>
      </object_component>
      <object_component id="oc-20">
         <name>.debug_info</name>
         <load_address>0x8cab</load_address>
         <run_address>0x8cab</run_address>
         <size>0x1aa</size>
         <input_file_ref idref="fl-c3"/>
      </object_component>
      <object_component id="oc-58">
         <name>.debug_info</name>
         <load_address>0x8e55</load_address>
         <run_address>0x8e55</run_address>
         <size>0x46</size>
         <input_file_ref idref="fl-c3"/>
      </object_component>
      <object_component id="oc-a5">
         <name>.debug_info</name>
         <load_address>0x8e9b</load_address>
         <run_address>0x8e9b</run_address>
         <size>0x2c</size>
         <input_file_ref idref="fl-c3"/>
      </object_component>
      <object_component id="oc-cb">
         <name>.debug_info</name>
         <load_address>0x8ec7</load_address>
         <run_address>0x8ec7</run_address>
         <size>0x234</size>
         <input_file_ref idref="fl-c4"/>
      </object_component>
      <object_component id="oc-c5">
         <name>.debug_info</name>
         <load_address>0x90fb</load_address>
         <run_address>0x90fb</run_address>
         <size>0x185</size>
         <input_file_ref idref="fl-c4"/>
      </object_component>
      <object_component id="oc-77">
         <name>.debug_info</name>
         <load_address>0x9280</load_address>
         <run_address>0x9280</run_address>
         <size>0x214</size>
         <input_file_ref idref="fl-c4"/>
      </object_component>
      <object_component id="oc-47">
         <name>.debug_info</name>
         <load_address>0x9494</load_address>
         <run_address>0x9494</run_address>
         <size>0x111</size>
         <input_file_ref idref="fl-c5"/>
      </object_component>
      <object_component id="oc-53">
         <name>.debug_info</name>
         <load_address>0x95a5</load_address>
         <run_address>0x95a5</run_address>
         <size>0x13f</size>
         <input_file_ref idref="fl-c6"/>
      </object_component>
      <object_component id="oc-61">
         <name>.debug_info</name>
         <load_address>0x96e4</load_address>
         <run_address>0x96e4</run_address>
         <size>0x138</size>
         <input_file_ref idref="fl-c7"/>
      </object_component>
      <object_component id="oc-65">
         <name>.debug_info</name>
         <load_address>0x981c</load_address>
         <run_address>0x981c</run_address>
         <size>0x148</size>
         <input_file_ref idref="fl-c8"/>
      </object_component>
      <object_component id="oc-7d">
         <name>.debug_info</name>
         <load_address>0x9964</load_address>
         <run_address>0x9964</run_address>
         <size>0x109</size>
         <input_file_ref idref="fl-c9"/>
      </object_component>
      <object_component id="oc-107">
         <name>.debug_info</name>
         <load_address>0x9a6d</load_address>
         <run_address>0x9a6d</run_address>
         <size>0x124</size>
         <input_file_ref idref="fl-ca"/>
      </object_component>
      <object_component id="oc-c8">
         <name>.debug_info</name>
         <load_address>0x9b91</load_address>
         <run_address>0x9b91</run_address>
         <size>0x113</size>
         <input_file_ref idref="fl-ca"/>
      </object_component>
      <object_component id="oc-102">
         <name>.debug_info</name>
         <load_address>0x9ca4</load_address>
         <run_address>0x9ca4</run_address>
         <size>0x21f</size>
         <input_file_ref idref="fl-ca"/>
      </object_component>
      <object_component id="oc-c3">
         <name>.debug_info</name>
         <load_address>0x9ec3</load_address>
         <run_address>0x9ec3</run_address>
         <size>0x166</size>
         <input_file_ref idref="fl-cb"/>
      </object_component>
      <object_component id="oc-72">
         <name>.debug_info</name>
         <load_address>0xa029</load_address>
         <run_address>0xa029</run_address>
         <size>0x167</size>
         <input_file_ref idref="fl-cb"/>
      </object_component>
      <object_component id="oc-f8">
         <name>.debug_info</name>
         <load_address>0xa190</load_address>
         <run_address>0xa190</run_address>
         <size>0x5e</size>
         <input_file_ref idref="fl-cb"/>
      </object_component>
      <object_component id="oc-bb">
         <name>.debug_info</name>
         <load_address>0xa1ee</load_address>
         <run_address>0xa1ee</run_address>
         <size>0x2e9</size>
         <input_file_ref idref="fl-cc"/>
      </object_component>
      <object_component id="oc-6d">
         <name>.debug_info</name>
         <load_address>0xa4d7</load_address>
         <run_address>0xa4d7</run_address>
         <size>0x190</size>
         <input_file_ref idref="fl-cc"/>
      </object_component>
      <object_component id="oc-e5">
         <name>.debug_info</name>
         <load_address>0xa667</load_address>
         <run_address>0xa667</run_address>
         <size>0x39</size>
         <input_file_ref idref="fl-cc"/>
      </object_component>
      <object_component id="oc-113">
         <name>.debug_info</name>
         <load_address>0xa6a0</load_address>
         <run_address>0xa6a0</run_address>
         <size>0x39</size>
         <input_file_ref idref="fl-cc"/>
      </object_component>
      <object_component id="oc-ea">
         <name>.debug_info</name>
         <load_address>0xa6d9</load_address>
         <run_address>0xa6d9</run_address>
         <size>0xcd</size>
         <input_file_ref idref="fl-cc"/>
      </object_component>
      <object_component id="oc-e1">
         <name>.debug_info</name>
         <load_address>0xa7a6</load_address>
         <run_address>0xa7a6</run_address>
         <size>0x1e0</size>
         <input_file_ref idref="fl-cd"/>
      </object_component>
      <object_component id="oc-b0">
         <name>.debug_info</name>
         <load_address>0xa986</load_address>
         <run_address>0xa986</run_address>
         <size>0x183</size>
         <input_file_ref idref="fl-cd"/>
      </object_component>
      <object_component id="oc-10e">
         <name>.debug_info</name>
         <load_address>0xab09</load_address>
         <run_address>0xab09</run_address>
         <size>0x2c</size>
         <input_file_ref idref="fl-cd"/>
      </object_component>
      <object_component id="oc-b6">
         <name>.debug_info</name>
         <load_address>0xab35</load_address>
         <run_address>0xab35</run_address>
         <size>0x145</size>
         <input_file_ref idref="fl-ce"/>
      </object_component>
      <object_component id="oc-148">
         <name>.debug_info</name>
         <load_address>0xac7a</load_address>
         <run_address>0xac7a</run_address>
         <size>0xa8</size>
      </object_component>
      <object_component id="oc-121">
         <name>.debug_line</name>
         <load_address>0x0</load_address>
         <run_address>0x0</run_address>
         <size>0x20</size>
         <input_file_ref idref="fl-2"/>
      </object_component>
      <object_component id="oc-85">
         <name>.debug_line</name>
         <load_address>0x20</load_address>
         <run_address>0x20</run_address>
         <size>0x77</size>
         <input_file_ref idref="fl-2"/>
      </object_component>
      <object_component id="oc-d5">
         <name>.debug_line</name>
         <load_address>0x97</load_address>
         <run_address>0x97</run_address>
         <size>0x52</size>
         <input_file_ref idref="fl-2"/>
      </object_component>
      <object_component id="oc-da">
         <name>.debug_line</name>
         <load_address>0xe9</load_address>
         <run_address>0xe9</run_address>
         <size>0x55</size>
         <input_file_ref idref="fl-2"/>
      </object_component>
      <object_component id="oc-44">
         <name>.debug_line</name>
         <load_address>0x13e</load_address>
         <run_address>0x13e</run_address>
         <size>0x20</size>
         <input_file_ref idref="fl-2"/>
      </object_component>
      <object_component id="oc-92">
         <name>.debug_line</name>
         <load_address>0x15e</load_address>
         <run_address>0x15e</run_address>
         <size>0x65</size>
         <input_file_ref idref="fl-2"/>
      </object_component>
      <object_component id="oc-123">
         <name>.debug_line</name>
         <load_address>0x1c3</load_address>
         <run_address>0x1c3</run_address>
         <size>0x40</size>
         <input_file_ref idref="fl-3"/>
      </object_component>
      <object_component id="oc-f3">
         <name>.debug_line</name>
         <load_address>0x203</load_address>
         <run_address>0x203</run_address>
         <size>0x1ce</size>
         <input_file_ref idref="fl-3"/>
      </object_component>
      <object_component id="oc-d1">
         <name>.debug_line</name>
         <load_address>0x3d1</load_address>
         <run_address>0x3d1</run_address>
         <size>0x42</size>
         <input_file_ref idref="fl-4"/>
      </object_component>
      <object_component id="oc-36">
         <name>.debug_line</name>
         <load_address>0x413</load_address>
         <run_address>0x413</run_address>
         <size>0xe7</size>
         <input_file_ref idref="fl-4"/>
      </object_component>
      <object_component id="oc-dd">
         <name>.debug_line</name>
         <load_address>0x4fa</load_address>
         <run_address>0x4fa</run_address>
         <size>0x4d</size>
         <input_file_ref idref="fl-5"/>
      </object_component>
      <object_component id="oc-bd">
         <name>.debug_line</name>
         <load_address>0x547</load_address>
         <run_address>0x547</run_address>
         <size>0x4f</size>
         <input_file_ref idref="fl-5"/>
      </object_component>
      <object_component id="oc-95">
         <name>.debug_line</name>
         <load_address>0x596</load_address>
         <run_address>0x596</run_address>
         <size>0x3b</size>
         <input_file_ref idref="fl-6"/>
      </object_component>
      <object_component id="oc-39">
         <name>.debug_line</name>
         <load_address>0x5d1</load_address>
         <run_address>0x5d1</run_address>
         <size>0x3b</size>
         <input_file_ref idref="fl-6"/>
      </object_component>
      <object_component id="oc-31">
         <name>.debug_line</name>
         <load_address>0x60c</load_address>
         <run_address>0x60c</run_address>
         <size>0x55a</size>
         <input_file_ref idref="fl-6"/>
      </object_component>
      <object_component id="oc-29">
         <name>.debug_line</name>
         <load_address>0xb66</load_address>
         <run_address>0xb66</run_address>
         <size>0x53</size>
         <input_file_ref idref="fl-c0"/>
      </object_component>
      <object_component id="oc-df">
         <name>.debug_line</name>
         <load_address>0xbb9</load_address>
         <run_address>0xbb9</run_address>
         <size>0x20</size>
         <input_file_ref idref="fl-c1"/>
      </object_component>
      <object_component id="oc-18">
         <name>.debug_line</name>
         <load_address>0xbd9</load_address>
         <run_address>0xbd9</run_address>
         <size>0xa9</size>
         <input_file_ref idref="fl-c1"/>
      </object_component>
      <object_component id="oc-3f">
         <name>.debug_line</name>
         <load_address>0xc82</load_address>
         <run_address>0xc82</run_address>
         <size>0x3a</size>
         <input_file_ref idref="fl-c1"/>
      </object_component>
      <object_component id="oc-99">
         <name>.debug_line</name>
         <load_address>0xcbc</load_address>
         <run_address>0xcbc</run_address>
         <size>0x8a</size>
         <input_file_ref idref="fl-c1"/>
      </object_component>
      <object_component id="oc-a3">
         <name>.debug_line</name>
         <load_address>0xd46</load_address>
         <run_address>0xd46</run_address>
         <size>0x8a</size>
         <input_file_ref idref="fl-c2"/>
      </object_component>
      <object_component id="oc-1d">
         <name>.debug_line</name>
         <load_address>0xdd0</load_address>
         <run_address>0xdd0</run_address>
         <size>0x55</size>
         <input_file_ref idref="fl-c2"/>
      </object_component>
      <object_component id="oc-4f">
         <name>.debug_line</name>
         <load_address>0xe25</load_address>
         <run_address>0xe25</run_address>
         <size>0x3a</size>
         <input_file_ref idref="fl-c2"/>
      </object_component>
      <object_component id="oc-a0">
         <name>.debug_line</name>
         <load_address>0xe5f</load_address>
         <run_address>0xe5f</run_address>
         <size>0x8a</size>
         <input_file_ref idref="fl-c2"/>
      </object_component>
      <object_component id="oc-ab">
         <name>.debug_line</name>
         <load_address>0xee9</load_address>
         <run_address>0xee9</run_address>
         <size>0x8a</size>
         <input_file_ref idref="fl-c3"/>
      </object_component>
      <object_component id="oc-23">
         <name>.debug_line</name>
         <load_address>0xf73</load_address>
         <run_address>0xf73</run_address>
         <size>0x4f</size>
         <input_file_ref idref="fl-c3"/>
      </object_component>
      <object_component id="oc-5b">
         <name>.debug_line</name>
         <load_address>0xfc2</load_address>
         <run_address>0xfc2</run_address>
         <size>0x34</size>
         <input_file_ref idref="fl-c3"/>
      </object_component>
      <object_component id="oc-a8">
         <name>.debug_line</name>
         <load_address>0xff6</load_address>
         <run_address>0xff6</run_address>
         <size>0x8a</size>
         <input_file_ref idref="fl-c3"/>
      </object_component>
      <object_component id="oc-10a">
         <name>.debug_line</name>
         <load_address>0x1080</load_address>
         <run_address>0x1080</run_address>
         <size>0xf2</size>
         <input_file_ref idref="fl-c4"/>
      </object_component>
      <object_component id="oc-fe">
         <name>.debug_line</name>
         <load_address>0x1172</load_address>
         <run_address>0x1172</run_address>
         <size>0x2a</size>
         <input_file_ref idref="fl-c4"/>
      </object_component>
      <object_component id="oc-7a">
         <name>.debug_line</name>
         <load_address>0x119c</load_address>
         <run_address>0x119c</run_address>
         <size>0x86</size>
         <input_file_ref idref="fl-c4"/>
      </object_component>
      <object_component id="oc-4a">
         <name>.debug_line</name>
         <load_address>0x1222</load_address>
         <run_address>0x1222</run_address>
         <size>0x88</size>
         <input_file_ref idref="fl-c5"/>
      </object_component>
      <object_component id="oc-56">
         <name>.debug_line</name>
         <load_address>0x12aa</load_address>
         <run_address>0x12aa</run_address>
         <size>0x79</size>
         <input_file_ref idref="fl-c6"/>
      </object_component>
      <object_component id="oc-63">
         <name>.debug_line</name>
         <load_address>0x1323</load_address>
         <run_address>0x1323</run_address>
         <size>0x3d</size>
         <input_file_ref idref="fl-c7"/>
      </object_component>
      <object_component id="oc-68">
         <name>.debug_line</name>
         <load_address>0x1360</load_address>
         <run_address>0x1360</run_address>
         <size>0x40</size>
         <input_file_ref idref="fl-c8"/>
      </object_component>
      <object_component id="oc-ce">
         <name>.debug_line</name>
         <load_address>0x13a0</load_address>
         <run_address>0x13a0</run_address>
         <size>0x33</size>
         <input_file_ref idref="fl-c9"/>
      </object_component>
      <object_component id="oc-11f">
         <name>.debug_line</name>
         <load_address>0x13d3</load_address>
         <run_address>0x13d3</run_address>
         <size>0x20</size>
         <input_file_ref idref="fl-ca"/>
      </object_component>
      <object_component id="oc-106">
         <name>.debug_line</name>
         <load_address>0x13f3</load_address>
         <run_address>0x13f3</run_address>
         <size>0x2b</size>
         <input_file_ref idref="fl-ca"/>
      </object_component>
      <object_component id="oc-100">
         <name>.debug_line</name>
         <load_address>0x141e</load_address>
         <run_address>0x141e</run_address>
         <size>0x68</size>
         <input_file_ref idref="fl-ca"/>
      </object_component>
      <object_component id="oc-f7">
         <name>.debug_line</name>
         <load_address>0x1486</load_address>
         <run_address>0x1486</run_address>
         <size>0x2b</size>
         <input_file_ref idref="fl-cb"/>
      </object_component>
      <object_component id="oc-71">
         <name>.debug_line</name>
         <load_address>0x14b1</load_address>
         <run_address>0x14b1</run_address>
         <size>0x4a</size>
         <input_file_ref idref="fl-cb"/>
      </object_component>
      <object_component id="oc-fb">
         <name>.debug_line</name>
         <load_address>0x14fb</load_address>
         <run_address>0x14fb</run_address>
         <size>0x2b</size>
         <input_file_ref idref="fl-cb"/>
      </object_component>
      <object_component id="oc-e4">
         <name>.debug_line</name>
         <load_address>0x1526</load_address>
         <run_address>0x1526</run_address>
         <size>0xa9</size>
         <input_file_ref idref="fl-cc"/>
      </object_component>
      <object_component id="oc-6b">
         <name>.debug_line</name>
         <load_address>0x15cf</load_address>
         <run_address>0x15cf</run_address>
         <size>0x8b</size>
         <input_file_ref idref="fl-cc"/>
      </object_component>
      <object_component id="oc-e8">
         <name>.debug_line</name>
         <load_address>0x165a</load_address>
         <run_address>0x165a</run_address>
         <size>0x2e</size>
         <input_file_ref idref="fl-cc"/>
      </object_component>
      <object_component id="oc-116">
         <name>.debug_line</name>
         <load_address>0x1688</load_address>
         <run_address>0x1688</run_address>
         <size>0x8a</size>
         <input_file_ref idref="fl-cc"/>
      </object_component>
      <object_component id="oc-ed">
         <name>.debug_line</name>
         <load_address>0x1712</load_address>
         <run_address>0x1712</run_address>
         <size>0x8b</size>
         <input_file_ref idref="fl-cc"/>
      </object_component>
      <object_component id="oc-10d">
         <name>.debug_line</name>
         <load_address>0x179d</load_address>
         <run_address>0x179d</run_address>
         <size>0x98</size>
         <input_file_ref idref="fl-cd"/>
      </object_component>
      <object_component id="oc-b2">
         <name>.debug_line</name>
         <load_address>0x1835</load_address>
         <run_address>0x1835</run_address>
         <size>0x68</size>
         <input_file_ref idref="fl-cd"/>
      </object_component>
      <object_component id="oc-111">
         <name>.debug_line</name>
         <load_address>0x189d</load_address>
         <run_address>0x189d</run_address>
         <size>0x2e</size>
         <input_file_ref idref="fl-cd"/>
      </object_component>
      <object_component id="oc-b9">
         <name>.debug_line</name>
         <load_address>0x18cb</load_address>
         <run_address>0x18cb</run_address>
         <size>0x3c</size>
         <input_file_ref idref="fl-ce"/>
      </object_component>
      <object_component id="oc-86">
         <name>.debug_frame</name>
         <load_address>0x0</load_address>
         <run_address>0x0</run_address>
         <size>0x62</size>
         <input_file_ref idref="fl-2"/>
      </object_component>
      <object_component id="oc-f4">
         <name>.debug_frame</name>
         <load_address>0x62</load_address>
         <run_address>0x62</run_address>
         <size>0x15a</size>
         <input_file_ref idref="fl-3"/>
      </object_component>
      <object_component id="oc-37">
         <name>.debug_frame</name>
         <load_address>0x1bc</load_address>
         <run_address>0x1bc</run_address>
         <size>0xbd</size>
         <input_file_ref idref="fl-4"/>
      </object_component>
      <object_component id="oc-be">
         <name>.debug_frame</name>
         <load_address>0x279</load_address>
         <run_address>0x279</run_address>
         <size>0x58</size>
         <input_file_ref idref="fl-5"/>
      </object_component>
      <object_component id="oc-2d">
         <name>.debug_frame</name>
         <load_address>0x2d1</load_address>
         <run_address>0x2d1</run_address>
         <size>0x3d6</size>
         <input_file_ref idref="fl-6"/>
      </object_component>
      <object_component id="oc-14">
         <name>.debug_frame</name>
         <load_address>0x6a7</load_address>
         <run_address>0x6a7</run_address>
         <size>0x60</size>
         <input_file_ref idref="fl-c1"/>
      </object_component>
      <object_component id="oc-1e">
         <name>.debug_frame</name>
         <load_address>0x707</load_address>
         <run_address>0x707</run_address>
         <size>0x51</size>
         <input_file_ref idref="fl-c2"/>
      </object_component>
      <object_component id="oc-24">
         <name>.debug_frame</name>
         <load_address>0x758</load_address>
         <run_address>0x758</run_address>
         <size>0x51</size>
         <input_file_ref idref="fl-c3"/>
      </object_component>
      <object_component id="oc-7b">
         <name>.debug_frame</name>
         <load_address>0x7a9</load_address>
         <run_address>0x7a9</run_address>
         <size>0x85</size>
         <input_file_ref idref="fl-c4"/>
      </object_component>
      <object_component id="oc-60">
         <name>.debug_frame</name>
         <load_address>0x82e</load_address>
         <run_address>0x82e</run_address>
         <size>0x51</size>
         <input_file_ref idref="fl-c7"/>
      </object_component>
      <object_component id="oc-69">
         <name>.debug_frame</name>
         <load_address>0x87f</load_address>
         <run_address>0x87f</run_address>
         <size>0x51</size>
         <input_file_ref idref="fl-c8"/>
      </object_component>
      <object_component id="oc-104">
         <name>.debug_frame</name>
         <load_address>0x8d0</load_address>
         <run_address>0x8d0</run_address>
         <size>0x73</size>
         <input_file_ref idref="fl-ca"/>
      </object_component>
      <object_component id="oc-75">
         <name>.debug_frame</name>
         <load_address>0x943</load_address>
         <run_address>0x943</run_address>
         <size>0x51</size>
         <input_file_ref idref="fl-cb"/>
      </object_component>
      <object_component id="oc-6c">
         <name>.debug_frame</name>
         <load_address>0x994</load_address>
         <run_address>0x994</run_address>
         <size>0x5c</size>
         <input_file_ref idref="fl-cc"/>
      </object_component>
      <object_component id="oc-b3">
         <name>.debug_frame</name>
         <load_address>0x9f0</load_address>
         <run_address>0x9f0</run_address>
         <size>0x60</size>
         <input_file_ref idref="fl-cd"/>
      </object_component>
      <object_component id="oc-b8">
         <name>.debug_frame</name>
         <load_address>0xa50</load_address>
         <run_address>0xa50</run_address>
         <size>0x51</size>
         <input_file_ref idref="fl-ce"/>
      </object_component>
      <object_component id="oc-120">
         <name>.debug_abbrev</name>
         <load_address>0x0</load_address>
         <run_address>0x0</run_address>
         <size>0x5d</size>
         <input_file_ref idref="fl-2"/>
      </object_component>
      <object_component id="oc-cf">
         <name>.debug_abbrev</name>
         <load_address>0x5d</load_address>
         <run_address>0x5d</run_address>
         <size>0x7f</size>
         <input_file_ref idref="fl-2"/>
      </object_component>
      <object_component id="oc-d4">
         <name>.debug_abbrev</name>
         <load_address>0xdc</load_address>
         <run_address>0xdc</run_address>
         <size>0xbd</size>
         <input_file_ref idref="fl-2"/>
      </object_component>
      <object_component id="oc-d9">
         <name>.debug_abbrev</name>
         <load_address>0x199</load_address>
         <run_address>0x199</run_address>
         <size>0x97</size>
         <input_file_ref idref="fl-2"/>
      </object_component>
      <object_component id="oc-43">
         <name>.debug_abbrev</name>
         <load_address>0x230</load_address>
         <run_address>0x230</run_address>
         <size>0x1f</size>
         <input_file_ref idref="fl-2"/>
      </object_component>
      <object_component id="oc-91">
         <name>.debug_abbrev</name>
         <load_address>0x24f</load_address>
         <run_address>0x24f</run_address>
         <size>0x35</size>
         <input_file_ref idref="fl-2"/>
      </object_component>
      <object_component id="oc-122">
         <name>.debug_abbrev</name>
         <load_address>0x284</load_address>
         <run_address>0x284</run_address>
         <size>0x99</size>
         <input_file_ref idref="fl-3"/>
      </object_component>
      <object_component id="oc-11c">
         <name>.debug_abbrev</name>
         <load_address>0x31d</load_address>
         <run_address>0x31d</run_address>
         <size>0x7a</size>
         <input_file_ref idref="fl-3"/>
      </object_component>
      <object_component id="oc-d0">
         <name>.debug_abbrev</name>
         <load_address>0x397</load_address>
         <run_address>0x397</run_address>
         <size>0xd0</size>
         <input_file_ref idref="fl-4"/>
      </object_component>
      <object_component id="oc-8e">
         <name>.debug_abbrev</name>
         <load_address>0x467</load_address>
         <run_address>0x467</run_address>
         <size>0xa9</size>
         <input_file_ref idref="fl-4"/>
      </object_component>
      <object_component id="oc-dc">
         <name>.debug_abbrev</name>
         <load_address>0x510</load_address>
         <run_address>0x510</run_address>
         <size>0xca</size>
         <input_file_ref idref="fl-5"/>
      </object_component>
      <object_component id="oc-f5">
         <name>.debug_abbrev</name>
         <load_address>0x5da</load_address>
         <run_address>0x5da</run_address>
         <size>0x52</size>
         <input_file_ref idref="fl-5"/>
      </object_component>
      <object_component id="oc-94">
         <name>.debug_abbrev</name>
         <load_address>0x62c</load_address>
         <run_address>0x62c</run_address>
         <size>0x54</size>
         <input_file_ref idref="fl-6"/>
      </object_component>
      <object_component id="oc-38">
         <name>.debug_abbrev</name>
         <load_address>0x680</load_address>
         <run_address>0x680</run_address>
         <size>0x29</size>
         <input_file_ref idref="fl-6"/>
      </object_component>
      <object_component id="oc-80">
         <name>.debug_abbrev</name>
         <load_address>0x6a9</load_address>
         <run_address>0x6a9</run_address>
         <size>0xf8</size>
         <input_file_ref idref="fl-6"/>
      </object_component>
      <object_component id="oc-7f">
         <name>.debug_abbrev</name>
         <load_address>0x7a1</load_address>
         <run_address>0x7a1</run_address>
         <size>0x3e</size>
         <input_file_ref idref="fl-c0"/>
      </object_component>
      <object_component id="oc-de">
         <name>.debug_abbrev</name>
         <load_address>0x7df</load_address>
         <run_address>0x7df</run_address>
         <size>0x2c</size>
         <input_file_ref idref="fl-c1"/>
      </object_component>
      <object_component id="oc-3b">
         <name>.debug_abbrev</name>
         <load_address>0x80b</load_address>
         <run_address>0x80b</run_address>
         <size>0x6f</size>
         <input_file_ref idref="fl-c1"/>
      </object_component>
      <object_component id="oc-3e">
         <name>.debug_abbrev</name>
         <load_address>0x87a</load_address>
         <run_address>0x87a</run_address>
         <size>0x24</size>
         <input_file_ref idref="fl-c1"/>
      </object_component>
      <object_component id="oc-98">
         <name>.debug_abbrev</name>
         <load_address>0x89e</load_address>
         <run_address>0x89e</run_address>
         <size>0x35</size>
         <input_file_ref idref="fl-c1"/>
      </object_component>
      <object_component id="oc-a2">
         <name>.debug_abbrev</name>
         <load_address>0x8d3</load_address>
         <run_address>0x8d3</run_address>
         <size>0x52</size>
         <input_file_ref idref="fl-c2"/>
      </object_component>
      <object_component id="oc-4b">
         <name>.debug_abbrev</name>
         <load_address>0x925</load_address>
         <run_address>0x925</run_address>
         <size>0x74</size>
         <input_file_ref idref="fl-c2"/>
      </object_component>
      <object_component id="oc-4e">
         <name>.debug_abbrev</name>
         <load_address>0x999</load_address>
         <run_address>0x999</run_address>
         <size>0x24</size>
         <input_file_ref idref="fl-c2"/>
      </object_component>
      <object_component id="oc-9f">
         <name>.debug_abbrev</name>
         <load_address>0x9bd</load_address>
         <run_address>0x9bd</run_address>
         <size>0x24</size>
         <input_file_ref idref="fl-c2"/>
      </object_component>
      <object_component id="oc-aa">
         <name>.debug_abbrev</name>
         <load_address>0x9e1</load_address>
         <run_address>0x9e1</run_address>
         <size>0x52</size>
         <input_file_ref idref="fl-c3"/>
      </object_component>
      <object_component id="oc-57">
         <name>.debug_abbrev</name>
         <load_address>0xa33</load_address>
         <run_address>0xa33</run_address>
         <size>0x74</size>
         <input_file_ref idref="fl-c3"/>
      </object_component>
      <object_component id="oc-5a">
         <name>.debug_abbrev</name>
         <load_address>0xaa7</load_address>
         <run_address>0xaa7</run_address>
         <size>0x24</size>
         <input_file_ref idref="fl-c3"/>
      </object_component>
      <object_component id="oc-a7">
         <name>.debug_abbrev</name>
         <load_address>0xacb</load_address>
         <run_address>0xacb</run_address>
         <size>0x24</size>
         <input_file_ref idref="fl-c3"/>
      </object_component>
      <object_component id="oc-109">
         <name>.debug_abbrev</name>
         <load_address>0xaef</load_address>
         <run_address>0xaef</run_address>
         <size>0xa8</size>
         <input_file_ref idref="fl-c4"/>
      </object_component>
      <object_component id="oc-fd">
         <name>.debug_abbrev</name>
         <load_address>0xb97</load_address>
         <run_address>0xb97</run_address>
         <size>0x29</size>
         <input_file_ref idref="fl-c4"/>
      </object_component>
      <object_component id="oc-ca">
         <name>.debug_abbrev</name>
         <load_address>0xbc0</load_address>
         <run_address>0xbc0</run_address>
         <size>0xba</size>
         <input_file_ref idref="fl-c4"/>
      </object_component>
      <object_component id="oc-9c">
         <name>.debug_abbrev</name>
         <load_address>0xc7a</load_address>
         <run_address>0xc7a</run_address>
         <size>0x3e</size>
         <input_file_ref idref="fl-c5"/>
      </object_component>
      <object_component id="oc-a4">
         <name>.debug_abbrev</name>
         <load_address>0xcb8</load_address>
         <run_address>0xcb8</run_address>
         <size>0x4f</size>
         <input_file_ref idref="fl-c6"/>
      </object_component>
      <object_component id="oc-ac">
         <name>.debug_abbrev</name>
         <load_address>0xd07</load_address>
         <run_address>0xd07</run_address>
         <size>0x53</size>
         <input_file_ref idref="fl-c7"/>
      </object_component>
      <object_component id="oc-ad">
         <name>.debug_abbrev</name>
         <load_address>0xd5a</load_address>
         <run_address>0xd5a</run_address>
         <size>0x55</size>
         <input_file_ref idref="fl-c8"/>
      </object_component>
      <object_component id="oc-cd">
         <name>.debug_abbrev</name>
         <load_address>0xdaf</load_address>
         <run_address>0xdaf</run_address>
         <size>0x27</size>
         <input_file_ref idref="fl-c9"/>
      </object_component>
      <object_component id="oc-11e">
         <name>.debug_abbrev</name>
         <load_address>0xdd6</load_address>
         <run_address>0xdd6</run_address>
         <size>0x45</size>
         <input_file_ref idref="fl-ca"/>
      </object_component>
      <object_component id="oc-105">
         <name>.debug_abbrev</name>
         <load_address>0xe1b</load_address>
         <run_address>0xe1b</run_address>
         <size>0x29</size>
         <input_file_ref idref="fl-ca"/>
      </object_component>
      <object_component id="oc-11d">
         <name>.debug_abbrev</name>
         <load_address>0xe44</load_address>
         <run_address>0xe44</run_address>
         <size>0x6f</size>
         <input_file_ref idref="fl-ca"/>
      </object_component>
      <object_component id="oc-f6">
         <name>.debug_abbrev</name>
         <load_address>0xeb3</load_address>
         <run_address>0xeb3</run_address>
         <size>0x8e</size>
         <input_file_ref idref="fl-cb"/>
      </object_component>
      <object_component id="oc-c2">
         <name>.debug_abbrev</name>
         <load_address>0xf41</load_address>
         <run_address>0xf41</run_address>
         <size>0x68</size>
         <input_file_ref idref="fl-cb"/>
      </object_component>
      <object_component id="oc-fa">
         <name>.debug_abbrev</name>
         <load_address>0xfa9</load_address>
         <run_address>0xfa9</run_address>
         <size>0x49</size>
         <input_file_ref idref="fl-cb"/>
      </object_component>
      <object_component id="oc-e3">
         <name>.debug_abbrev</name>
         <load_address>0xff2</load_address>
         <run_address>0xff2</run_address>
         <size>0xae</size>
         <input_file_ref idref="fl-cc"/>
      </object_component>
      <object_component id="oc-ba">
         <name>.debug_abbrev</name>
         <load_address>0x10a0</load_address>
         <run_address>0x10a0</run_address>
         <size>0x7e</size>
         <input_file_ref idref="fl-cc"/>
      </object_component>
      <object_component id="oc-e7">
         <name>.debug_abbrev</name>
         <load_address>0x111e</load_address>
         <run_address>0x111e</run_address>
         <size>0x24</size>
         <input_file_ref idref="fl-cc"/>
      </object_component>
      <object_component id="oc-115">
         <name>.debug_abbrev</name>
         <load_address>0x1142</load_address>
         <run_address>0x1142</run_address>
         <size>0x24</size>
         <input_file_ref idref="fl-cc"/>
      </object_component>
      <object_component id="oc-ec">
         <name>.debug_abbrev</name>
         <load_address>0x1166</load_address>
         <run_address>0x1166</run_address>
         <size>0x4b</size>
         <input_file_ref idref="fl-cc"/>
      </object_component>
      <object_component id="oc-10c">
         <name>.debug_abbrev</name>
         <load_address>0x11b1</load_address>
         <run_address>0x11b1</run_address>
         <size>0x9c</size>
         <input_file_ref idref="fl-cd"/>
      </object_component>
      <object_component id="oc-e0">
         <name>.debug_abbrev</name>
         <load_address>0x124d</load_address>
         <run_address>0x124d</run_address>
         <size>0x8c</size>
         <input_file_ref idref="fl-cd"/>
      </object_component>
      <object_component id="oc-110">
         <name>.debug_abbrev</name>
         <load_address>0x12d9</load_address>
         <run_address>0x12d9</run_address>
         <size>0x24</size>
         <input_file_ref idref="fl-cd"/>
      </object_component>
      <object_component id="oc-e2">
         <name>.debug_abbrev</name>
         <load_address>0x12fd</load_address>
         <run_address>0x12fd</run_address>
         <size>0x53</size>
         <input_file_ref idref="fl-ce"/>
      </object_component>
      <object_component id="oc-149">
         <name>.debug_abbrev</name>
         <load_address>0x1350</load_address>
         <run_address>0x1350</run_address>
         <size>0xf</size>
      </object_component>
      <object_component id="oc-d6">
         <name>.debug_str</name>
         <load_address>0x0</load_address>
         <run_address>0x0</run_address>
         <size>0x15c9</size>
         <input_file_ref idref="fl-2"/>
      </object_component>
      <object_component id="oc-db">
         <name>.debug_str</name>
         <load_address>0x15c9</load_address>
         <run_address>0x15c9</run_address>
         <size>0x485</size>
         <input_file_ref idref="fl-2"/>
      </object_component>
      <object_component id="oc-45">
         <name>.debug_str</name>
         <load_address>0x1a4e</load_address>
         <run_address>0x1a4e</run_address>
         <size>0xfa</size>
         <input_file_ref idref="fl-2"/>
      </object_component>
      <object_component id="oc-93">
         <name>.debug_str</name>
         <load_address>0x1b48</load_address>
         <run_address>0x1b48</run_address>
         <size>0x21f</size>
         <input_file_ref idref="fl-2"/>
      </object_component>
      <object_component id="oc-40">
         <name>.debug_str</name>
         <load_address>0x1d67</load_address>
         <run_address>0x1d67</run_address>
         <size>0x10d</size>
         <input_file_ref idref="fl-c1"/>
      </object_component>
      <object_component id="oc-9a">
         <name>.debug_str</name>
         <load_address>0x1e74</load_address>
         <run_address>0x1e74</run_address>
         <size>0x14a</size>
         <input_file_ref idref="fl-c1"/>
      </object_component>
      <object_component id="oc-50">
         <name>.debug_str</name>
         <load_address>0x1fbe</load_address>
         <run_address>0x1fbe</run_address>
         <size>0x100</size>
         <input_file_ref idref="fl-c2"/>
      </object_component>
      <object_component id="oc-a1">
         <name>.debug_str</name>
         <load_address>0x20be</load_address>
         <run_address>0x20be</run_address>
         <size>0x12d</size>
         <input_file_ref idref="fl-c2"/>
      </object_component>
      <object_component id="oc-5c">
         <name>.debug_str</name>
         <load_address>0x21eb</load_address>
         <run_address>0x21eb</run_address>
         <size>0xfa</size>
         <input_file_ref idref="fl-c3"/>
      </object_component>
      <object_component id="oc-a9">
         <name>.debug_str</name>
         <load_address>0x22e5</load_address>
         <run_address>0x22e5</run_address>
         <size>0x12d</size>
         <input_file_ref idref="fl-c3"/>
      </object_component>
      <object_component id="oc-fc">
         <name>.debug_str</name>
         <load_address>0x2412</load_address>
         <run_address>0x2412</run_address>
         <size>0xd6</size>
         <input_file_ref idref="fl-cb"/>
      </object_component>
      <object_component id="oc-e9">
         <name>.debug_str</name>
         <load_address>0x24e8</load_address>
         <run_address>0x24e8</run_address>
         <size>0xe2</size>
         <input_file_ref idref="fl-cc"/>
      </object_component>
      <object_component id="oc-117">
         <name>.debug_str</name>
         <load_address>0x25ca</load_address>
         <run_address>0x25ca</run_address>
         <size>0x138</size>
         <input_file_ref idref="fl-cc"/>
      </object_component>
      <object_component id="oc-ee">
         <name>.debug_str</name>
         <load_address>0x2702</load_address>
         <run_address>0x2702</run_address>
         <size>0x184</size>
         <input_file_ref idref="fl-cc"/>
      </object_component>
      <object_component id="oc-112">
         <name>.debug_str</name>
         <load_address>0x2886</load_address>
         <run_address>0x2886</run_address>
         <size>0xd7</size>
         <input_file_ref idref="fl-cd"/>
      </object_component>
      <object_component id="oc-83">
         <name>.debug_aranges</name>
         <load_address>0x0</load_address>
         <run_address>0x0</run_address>
         <size>0x28</size>
         <input_file_ref idref="fl-2"/>
      </object_component>
      <object_component id="oc-f1">
         <name>.debug_aranges</name>
         <load_address>0x28</load_address>
         <run_address>0x28</run_address>
         <size>0x78</size>
         <input_file_ref idref="fl-3"/>
      </object_component>
      <object_component id="oc-35">
         <name>.debug_aranges</name>
         <load_address>0xa0</load_address>
         <run_address>0xa0</run_address>
         <size>0x40</size>
         <input_file_ref idref="fl-4"/>
      </object_component>
      <object_component id="oc-c0">
         <name>.debug_aranges</name>
         <load_address>0xe0</load_address>
         <run_address>0xe0</run_address>
         <size>0x20</size>
         <input_file_ref idref="fl-5"/>
      </object_component>
      <object_component id="oc-2f">
         <name>.debug_aranges</name>
         <load_address>0x100</load_address>
         <run_address>0x100</run_address>
         <size>0x1c8</size>
         <input_file_ref idref="fl-6"/>
      </object_component>
      <object_component id="oc-27">
         <name>.debug_aranges</name>
         <load_address>0x2c8</load_address>
         <run_address>0x2c8</run_address>
         <size>0x20</size>
         <input_file_ref idref="fl-c0"/>
      </object_component>
      <object_component id="oc-15">
         <name>.debug_aranges</name>
         <load_address>0x2e8</load_address>
         <run_address>0x2e8</run_address>
         <size>0x20</size>
         <input_file_ref idref="fl-c1"/>
      </object_component>
      <object_component id="oc-1b">
         <name>.debug_aranges</name>
         <load_address>0x308</load_address>
         <run_address>0x308</run_address>
         <size>0x20</size>
         <input_file_ref idref="fl-c2"/>
      </object_component>
      <object_component id="oc-21">
         <name>.debug_aranges</name>
         <load_address>0x328</load_address>
         <run_address>0x328</run_address>
         <size>0x20</size>
         <input_file_ref idref="fl-c3"/>
      </object_component>
      <object_component id="oc-79">
         <name>.debug_aranges</name>
         <load_address>0x348</load_address>
         <run_address>0x348</run_address>
         <size>0x30</size>
         <input_file_ref idref="fl-c4"/>
      </object_component>
      <object_component id="oc-49">
         <name>.debug_aranges</name>
         <load_address>0x378</load_address>
         <run_address>0x378</run_address>
         <size>0x20</size>
         <input_file_ref idref="fl-c5"/>
      </object_component>
      <object_component id="oc-54">
         <name>.debug_aranges</name>
         <load_address>0x398</load_address>
         <run_address>0x398</run_address>
         <size>0x28</size>
         <input_file_ref idref="fl-c6"/>
      </object_component>
      <object_component id="oc-5f">
         <name>.debug_aranges</name>
         <load_address>0x3c0</load_address>
         <run_address>0x3c0</run_address>
         <size>0x20</size>
         <input_file_ref idref="fl-c7"/>
      </object_component>
      <object_component id="oc-66">
         <name>.debug_aranges</name>
         <load_address>0x3e0</load_address>
         <run_address>0x3e0</run_address>
         <size>0x20</size>
         <input_file_ref idref="fl-c8"/>
      </object_component>
      <object_component id="oc-101">
         <name>.debug_aranges</name>
         <load_address>0x400</load_address>
         <run_address>0x400</run_address>
         <size>0x30</size>
         <input_file_ref idref="fl-ca"/>
      </object_component>
      <object_component id="oc-74">
         <name>.debug_aranges</name>
         <load_address>0x430</load_address>
         <run_address>0x430</run_address>
         <size>0x20</size>
         <input_file_ref idref="fl-cb"/>
      </object_component>
      <object_component id="oc-6e">
         <name>.debug_aranges</name>
         <load_address>0x450</load_address>
         <run_address>0x450</run_address>
         <size>0x20</size>
         <input_file_ref idref="fl-cc"/>
      </object_component>
      <object_component id="oc-af">
         <name>.debug_aranges</name>
         <load_address>0x470</load_address>
         <run_address>0x470</run_address>
         <size>0x20</size>
         <input_file_ref idref="fl-cd"/>
      </object_component>
      <object_component id="oc-b5">
         <name>.debug_aranges</name>
         <load_address>0x490</load_address>
         <run_address>0x490</run_address>
         <size>0x20</size>
         <input_file_ref idref="fl-ce"/>
      </object_component>
      <object_component id="oc-84">
         <name>.debug_pubnames</name>
         <load_address>0x0</load_address>
         <run_address>0x0</run_address>
         <size>0x37</size>
         <input_file_ref idref="fl-2"/>
      </object_component>
      <object_component id="oc-11a">
         <name>.debug_pubnames</name>
         <load_address>0x37</load_address>
         <run_address>0x37</run_address>
         <size>0x27</size>
         <input_file_ref idref="fl-3"/>
      </object_component>
      <object_component id="oc-f2">
         <name>.debug_pubnames</name>
         <load_address>0x5e</load_address>
         <run_address>0x5e</run_address>
         <size>0xc2</size>
         <input_file_ref idref="fl-3"/>
      </object_component>
      <object_component id="oc-89">
         <name>.debug_pubnames</name>
         <load_address>0x120</load_address>
         <run_address>0x120</run_address>
         <size>0x37</size>
         <input_file_ref idref="fl-4"/>
      </object_component>
      <object_component id="oc-34">
         <name>.debug_pubnames</name>
         <load_address>0x157</load_address>
         <run_address>0x157</run_address>
         <size>0x71</size>
         <input_file_ref idref="fl-4"/>
      </object_component>
      <object_component id="oc-8d">
         <name>.debug_pubnames</name>
         <load_address>0x1c8</load_address>
         <run_address>0x1c8</run_address>
         <size>0x1f</size>
         <input_file_ref idref="fl-5"/>
      </object_component>
      <object_component id="oc-c1">
         <name>.debug_pubnames</name>
         <load_address>0x1e7</load_address>
         <run_address>0x1e7</run_address>
         <size>0x1b</size>
         <input_file_ref idref="fl-5"/>
      </object_component>
      <object_component id="oc-12">
         <name>.debug_pubnames</name>
         <load_address>0x202</load_address>
         <run_address>0x202</run_address>
         <size>0x27</size>
         <input_file_ref idref="fl-6"/>
      </object_component>
      <object_component id="oc-30">
         <name>.debug_pubnames</name>
         <load_address>0x229</load_address>
         <run_address>0x229</run_address>
         <size>0x474</size>
         <input_file_ref idref="fl-6"/>
      </object_component>
      <object_component id="oc-28">
         <name>.debug_pubnames</name>
         <load_address>0x69d</load_address>
         <run_address>0x69d</run_address>
         <size>0x1f</size>
         <input_file_ref idref="fl-c0"/>
      </object_component>
      <object_component id="oc-17">
         <name>.debug_pubnames</name>
         <load_address>0x6bc</load_address>
         <run_address>0x6bc</run_address>
         <size>0x2b</size>
         <input_file_ref idref="fl-c1"/>
      </object_component>
      <object_component id="oc-1c">
         <name>.debug_pubnames</name>
         <load_address>0x6e7</load_address>
         <run_address>0x6e7</run_address>
         <size>0x2b</size>
         <input_file_ref idref="fl-c2"/>
      </object_component>
      <object_component id="oc-22">
         <name>.debug_pubnames</name>
         <load_address>0x712</load_address>
         <run_address>0x712</run_address>
         <size>0x25</size>
         <input_file_ref idref="fl-c3"/>
      </object_component>
      <object_component id="oc-c6">
         <name>.debug_pubnames</name>
         <load_address>0x737</load_address>
         <run_address>0x737</run_address>
         <size>0x5e</size>
         <input_file_ref idref="fl-c4"/>
      </object_component>
      <object_component id="oc-78">
         <name>.debug_pubnames</name>
         <load_address>0x795</load_address>
         <run_address>0x795</run_address>
         <size>0x35</size>
         <input_file_ref idref="fl-c4"/>
      </object_component>
      <object_component id="oc-48">
         <name>.debug_pubnames</name>
         <load_address>0x7ca</load_address>
         <run_address>0x7ca</run_address>
         <size>0x1d</size>
         <input_file_ref idref="fl-c5"/>
      </object_component>
      <object_component id="oc-55">
         <name>.debug_pubnames</name>
         <load_address>0x7e7</load_address>
         <run_address>0x7e7</run_address>
         <size>0x37</size>
         <input_file_ref idref="fl-c6"/>
      </object_component>
      <object_component id="oc-62">
         <name>.debug_pubnames</name>
         <load_address>0x81e</load_address>
         <run_address>0x81e</run_address>
         <size>0x21</size>
         <input_file_ref idref="fl-c7"/>
      </object_component>
      <object_component id="oc-67">
         <name>.debug_pubnames</name>
         <load_address>0x83f</load_address>
         <run_address>0x83f</run_address>
         <size>0x27</size>
         <input_file_ref idref="fl-c8"/>
      </object_component>
      <object_component id="oc-7e">
         <name>.debug_pubnames</name>
         <load_address>0x866</load_address>
         <run_address>0x866</run_address>
         <size>0x23</size>
         <input_file_ref idref="fl-c9"/>
      </object_component>
      <object_component id="oc-c9">
         <name>.debug_pubnames</name>
         <load_address>0x889</load_address>
         <run_address>0x889</run_address>
         <size>0x28</size>
         <input_file_ref idref="fl-ca"/>
      </object_component>
      <object_component id="oc-103">
         <name>.debug_pubnames</name>
         <load_address>0x8b1</load_address>
         <run_address>0x8b1</run_address>
         <size>0x43</size>
         <input_file_ref idref="fl-ca"/>
      </object_component>
      <object_component id="oc-73">
         <name>.debug_pubnames</name>
         <load_address>0x8f4</load_address>
         <run_address>0x8f4</run_address>
         <size>0x21</size>
         <input_file_ref idref="fl-cb"/>
      </object_component>
      <object_component id="oc-6f">
         <name>.debug_pubnames</name>
         <load_address>0x915</load_address>
         <run_address>0x915</run_address>
         <size>0x25</size>
         <input_file_ref idref="fl-cc"/>
      </object_component>
      <object_component id="oc-b1">
         <name>.debug_pubnames</name>
         <load_address>0x93a</load_address>
         <run_address>0x93a</run_address>
         <size>0x1e</size>
         <input_file_ref idref="fl-cd"/>
      </object_component>
      <object_component id="oc-b7">
         <name>.debug_pubnames</name>
         <load_address>0x958</load_address>
         <run_address>0x958</run_address>
         <size>0x29</size>
         <input_file_ref idref="fl-ce"/>
      </object_component>
      <object_component id="oc-d3">
         <name>.debug_pubtypes</name>
         <load_address>0x0</load_address>
         <run_address>0x0</run_address>
         <size>0x2ce</size>
         <input_file_ref idref="fl-2"/>
      </object_component>
      <object_component id="oc-d8">
         <name>.debug_pubtypes</name>
         <load_address>0x2ce</load_address>
         <run_address>0x2ce</run_address>
         <size>0xdd</size>
         <input_file_ref idref="fl-2"/>
      </object_component>
      <object_component id="oc-42">
         <name>.debug_pubtypes</name>
         <load_address>0x3ab</load_address>
         <run_address>0x3ab</run_address>
         <size>0xed</size>
         <input_file_ref idref="fl-2"/>
      </object_component>
      <object_component id="oc-90">
         <name>.debug_pubtypes</name>
         <load_address>0x498</load_address>
         <run_address>0x498</run_address>
         <size>0x1c6</size>
         <input_file_ref idref="fl-2"/>
      </object_component>
      <object_component id="oc-3d">
         <name>.debug_pubtypes</name>
         <load_address>0x65e</load_address>
         <run_address>0x65e</run_address>
         <size>0x5d</size>
         <input_file_ref idref="fl-c1"/>
      </object_component>
      <object_component id="oc-97">
         <name>.debug_pubtypes</name>
         <load_address>0x6bb</load_address>
         <run_address>0x6bb</run_address>
         <size>0x42</size>
         <input_file_ref idref="fl-c1"/>
      </object_component>
      <object_component id="oc-4d">
         <name>.debug_pubtypes</name>
         <load_address>0x6fd</load_address>
         <run_address>0x6fd</run_address>
         <size>0x48</size>
         <input_file_ref idref="fl-c2"/>
      </object_component>
      <object_component id="oc-9e">
         <name>.debug_pubtypes</name>
         <load_address>0x745</load_address>
         <run_address>0x745</run_address>
         <size>0x1d</size>
         <input_file_ref idref="fl-c2"/>
      </object_component>
      <object_component id="oc-59">
         <name>.debug_pubtypes</name>
         <load_address>0x762</load_address>
         <run_address>0x762</run_address>
         <size>0x48</size>
         <input_file_ref idref="fl-c3"/>
      </object_component>
      <object_component id="oc-a6">
         <name>.debug_pubtypes</name>
         <load_address>0x7aa</load_address>
         <run_address>0x7aa</run_address>
         <size>0x1d</size>
         <input_file_ref idref="fl-c3"/>
      </object_component>
      <object_component id="oc-cc">
         <name>.debug_pubtypes</name>
         <load_address>0x7c7</load_address>
         <run_address>0x7c7</run_address>
         <size>0x1f</size>
         <input_file_ref idref="fl-c4"/>
      </object_component>
      <object_component id="oc-108">
         <name>.debug_pubtypes</name>
         <load_address>0x7e6</load_address>
         <run_address>0x7e6</run_address>
         <size>0x1f</size>
         <input_file_ref idref="fl-ca"/>
      </object_component>
      <object_component id="oc-f9">
         <name>.debug_pubtypes</name>
         <load_address>0x805</load_address>
         <run_address>0x805</run_address>
         <size>0x1b</size>
         <input_file_ref idref="fl-cb"/>
      </object_component>
      <object_component id="oc-e6">
         <name>.debug_pubtypes</name>
         <load_address>0x820</load_address>
         <run_address>0x820</run_address>
         <size>0x32</size>
         <input_file_ref idref="fl-cc"/>
      </object_component>
      <object_component id="oc-114">
         <name>.debug_pubtypes</name>
         <load_address>0x852</load_address>
         <run_address>0x852</run_address>
         <size>0x2c</size>
         <input_file_ref idref="fl-cc"/>
      </object_component>
      <object_component id="oc-eb">
         <name>.debug_pubtypes</name>
         <load_address>0x87e</load_address>
         <run_address>0x87e</run_address>
         <size>0x50</size>
         <input_file_ref idref="fl-cc"/>
      </object_component>
      <object_component id="oc-10f">
         <name>.debug_pubtypes</name>
         <load_address>0x8ce</load_address>
         <run_address>0x8ce</run_address>
         <size>0x23</size>
         <input_file_ref idref="fl-cd"/>
      </object_component>
   </object_component_list>
   <logical_group_list>
      <logical_group id="lg-4" display="no" color="cyan">
         <name>.intvecs</name>
         <load_address>0x0</load_address>
         <run_address>0x0</run_address>
         <size>0x144</size>
         <contents>
            <object_component_ref idref="oc-10"/>
         </contents>
      </logical_group>
      <logical_group id="lg-5" display="no" color="cyan">
         <name>.text</name>
         <load_address>0x144</load_address>
         <run_address>0x144</run_address>
         <size>0x8a2</size>
         <contents>
            <object_component_ref idref="oc-ef"/>
            <object_component_ref idref="oc-32"/>
            <object_component_ref idref="oc-81"/>
            <object_component_ref idref="oc-46"/>
            <object_component_ref idref="oc-2c"/>
            <object_component_ref idref="oc-52"/>
            <object_component_ref idref="oc-6a"/>
            <object_component_ref idref="oc-13"/>
            <object_component_ref idref="oc-bc"/>
            <object_component_ref idref="oc-25"/>
            <object_component_ref idref="oc-76"/>
            <object_component_ref idref="oc-ae"/>
            <object_component_ref idref="oc-70"/>
            <object_component_ref idref="oc-ff"/>
            <object_component_ref idref="oc-19"/>
            <object_component_ref idref="oc-1f"/>
            <object_component_ref idref="oc-64"/>
            <object_component_ref idref="oc-5e"/>
            <object_component_ref idref="oc-b4"/>
         </contents>
      </logical_group>
      <logical_group id="lg-6" display="no" color="cyan">
         <name>.const</name>
         <run_address>0x0</run_address>
         <size>0x0</size>
         <contents>
         </contents>
      </logical_group>
      <logical_group id="lg-7" display="no" color="cyan">
         <name>.cinit</name>
         <load_address>0x9e8</load_address>
         <run_address>0x9e8</run_address>
         <size>0x38</size>
         <contents>
            <object_component_ref idref="oc-145"/>
            <object_component_ref idref="oc-143"/>
            <object_component_ref idref="oc-146"/>
            <object_component_ref idref="oc-144"/>
         </contents>
      </logical_group>
      <logical_group id="lg-8" display="no" color="cyan">
         <name>.pinit</name>
         <run_address>0x0</run_address>
         <size>0x0</size>
         <contents>
         </contents>
      </logical_group>
      <logical_group id="lg-9" display="no" color="cyan">
         <name>.flashMailbox</name>
         <run_address>0x0</run_address>
         <size>0x0</size>
         <contents>
         </contents>
      </logical_group>
      <logical_group id="lg-a" display="no" color="cyan">
         <name>.vtable</name>
         <run_address>0x0</run_address>
         <size>0x0</size>
         <contents>
         </contents>
      </logical_group>
      <logical_group id="lg-b" display="no" color="cyan">
         <name>.data</name>
         <run_address>0x20000000</run_address>
         <size>0x18</size>
         <contents>
            <object_component_ref idref="oc-c4"/>
            <object_component_ref idref="oc-7c"/>
            <object_component_ref idref="oc-c7"/>
         </contents>
      </logical_group>
      <logical_group id="lg-c" display="no" color="cyan">
         <name>.bss</name>
         <run_address>0x20000018</run_address>
         <size>0xe</size>
         <contents>
            <object_component_ref idref="oc-118"/>
            <object_component_ref idref="oc-11b"/>
            <object_component_ref idref="oc-8b"/>
            <object_component_ref idref="oc-8a"/>
            <object_component_ref idref="oc-87"/>
         </contents>
      </logical_group>
      <logical_group id="lg-d" display="no" color="cyan">
         <name>.sysmem</name>
         <run_address>0x0</run_address>
         <size>0x0</size>
         <contents>
         </contents>
      </logical_group>
      <logical_group id="lg-e" display="no" color="cyan">
         <name>.stack</name>
         <run_address>0x2000fe00</run_address>
         <size>0x200</size>
         <contents>
            <object_component_ref idref="oc-2b"/>
            <object_component_ref idref="oc-147"/>
         </contents>
      </logical_group>
      <logical_group id="lg-124" display="no" color="cyan">
         <name>.TI.noinit</name>
         <run_address>0x0</run_address>
         <size>0x0</size>
         <contents>
[...]
               <logical_group_ref idref="lg-e"/>
            </allocated_space>
         </usage_details>
      </memory_area>
   </placement_map>
   <cptbl_list>
      <cptbl>
         <name>__TI_cinit_table</name>
         <cprec>
            <name>.data</name>
            <load_address>0x9e8</load_address>
            <load_size>0x11</load_size>
            <run_address>0x20000000</run_address>
            <run_size>0x18</run_size>
            <compression>lzss</compression>
         </cprec>
         <cprec>
            <name>.bss</name>
            <load_address>0xa08</load_address>
            <load_size>0x8</load_size>
            <run_address>0x20000018</run_address>
            <run_size>0xe</run_size>
            <compression>zero_init</compression>
         </cprec>
      </cptbl>
   </cptbl_list>
   <handler_table>
      <handler_table_name>__TI_handler_table</handler_table_name>
      <handler>
         <index>0x0</index>
         <name>__TI_decompress_lzss</name>
      </handler>
      <handler>
         <index>0x1</index>
         <name>__TI_decompress_none</name>
      </handler>
      <handler>
         <index>0x2</index>
         <name>__TI_zero_init</name>
      </handler>
   </handler_table>
   <symbol_table>
      <symbol id="sm-1">
         <name>WDTCTL_SYM</name>
         <value>0x4000480c</value>
      </symbol>
      <symbol id="sm-2">
         <name>__TI_CINIT_Base</name>
         <value>0xa10</value>
      </symbol>
      <symbol id="sm-3">
         <name>__TI_CINIT_Limit</name>
         <value>0xa20</value>
      </symbol>
      <symbol id="sm-4">
         <name>__TI_Handler_Table_Base</name>
         <value>0x9fc</value>
      </symbol>
      <symbol id="sm-5">
         <name>__TI_Handler_Table_Limit</name>
         <value>0xa08</value>
      </symbol>
      <symbol id="sm-6">
         <name>binit</name>
         <value>0xffffffff</value>
      </symbol>
      <symbol id="sm-7">
         <name>__binit__</name>
         <value>0xffffffff</value>
      </symbol>
      <symbol id="sm-8">
         <name>__STACK_SIZE</name>
         <value>0x200</value>
      </symbol>
      <symbol id="sm-9">
         <name>__STACK_END</name>
         <value>0x20010000</value>
      </symbol>
      <symbol id="sm-a">
         <name>__c_args__</name>
         <value>0xffffffff</value>
      </symbol>
      <symbol id="sm-b">
         <name>__TI_pprof_out_hndl</name>
         <value>0xffffffff</value>
      </symbol>
      <symbol id="sm-c">
         <name>__TI_prof_data_start</name>
         <value>0xffffffff</value>
      </symbol>
      <symbol id="sm-d">
         <name>__TI_prof_data_size</name>
         <value>0xffffffff</value>
      </symbol>
      <symbol id="sm-55">
         <name>ADC0_InitSWTriggerCh0</name>
         <value>0x501</value>
         <object_component_ref idref="oc-81"/>
      </symbol>
      <symbol id="sm-56">
         <name>ADC_In</name>
         <value>0x569</value>
         <object_component_ref idref="oc-81"/>
      </symbol>
      <symbol id="sm-85">
         <name>LCD_RS</name>
         <value>0x20000025</value>
      </symbol>
      <symbol id="sm-86">
         <name>LCD_E</name>
         <value>0x20000024</value>
      </symbol>
      <symbol id="sm-87">
         <name>LCD_OutString</name>
         <value>0x2e1</value>
         <object_component_ref idref="oc-ef"/>
      </symbol>
      <symbol id="sm-88">
         <name>LCD_OutUDec</name>
         <value>0x2ff</value>
         <object_component_ref idref="oc-ef"/>
      </symbol>
      <symbol id="sm-89">
         <name>LCD_OutUHex</name>
         <value>0x32f</value>
         <object_component_ref idref="oc-ef"/>
      </symbol>
      <symbol id="sm-8a">
         <name>OutPort6</name>
         <value>0x145</value>
         <object_component_ref idref="oc-ef"/>
      </symbol>
      <symbol id="sm-8b">
         <name>LCD_Init</name>
         <value>0x1c7</value>
         <object_component_ref idref="oc-ef"/>
      </symbol>
      <symbol id="sm-8c">
         <name>LCD_OutCmd</name>
         <value>0x29f</value>
         <object_component_ref idref="oc-ef"/>
      </symbol>
      <symbol id="sm-8d">
         <name>SendPulse</name>
         <value>0x159</value>
         <object_component_ref idref="oc-ef"/>
      </symbol>
      <symbol id="sm-8e">
         <name>LCD_Clear</name>
         <value>0x1b7</value>
         <object_component_ref idref="oc-ef"/>
      </symbol>
      <symbol id="sm-8f">
         <name>SendCmd</name>
         <value>0x19d</value>
         <object_component_ref idref="oc-ef"/>
      </symbol>
      <symbol id="sm-90">
         <name>SendChar</name>
         <value>0x181</value>
         <object_component_ref idref="oc-ef"/>
      </symbol>
      <symbol id="sm-91">
         <name>LCD_OutUFix</name>
         <value>0x36b</value>
         <object_component_ref idref="oc-ef"/>
      </symbol>
      <symbol id="sm-92">
         <name>LCD_OutChar</name>
         <value>0x25d</value>
         <object_component_ref idref="oc-ef"/>
      </symbol>
      <symbol id="sm-b0">
         <name>ADCvalue</name>
         <value>0x20000018</value>
      </symbol>
      <symbol id="sm-b1">
         <name>Counts</name>
         <value>0x2000001c</value>
      </symbol>
      <symbol id="sm-b2">
         <name>wait_per</name>
         <value>0x20000020</value>
      </symbol>
      <symbol id="sm-b3">
         <name>SysTick_Handler</name>
         <value>0x465</value>
         <object_component_ref idref="oc-32"/>
      </symbol>
      <symbol id="sm-b4">
         <name>SysTick_Mailbox</name>
         <value>0x471</value>
         <object_component_ref idref="oc-32"/>
      </symbol>
      <symbol id="sm-b5">
         <name>SysTick_Wait</name>
         <value>0x477</value>
         <object_component_ref idref="oc-32"/>
      </symbol>
      <symbol id="sm-b6">
         <name>SysTick_Wait10ms</name>
         <value>0x4af</value>
         <object_component_ref idref="oc-32"/>
      </symbol>
      <symbol id="sm-b7">
         <name>SysTick_Init</name>
         <value>0x415</value>
         <object_component_ref idref="oc-32"/>
      </symbol>
      <symbol id="sm-cc">
         <name>main</name>
         <value>0x83d</value>
         <object_component_ref idref="oc-bc"/>
      </symbol>
      <symbol id="sm-14c">
         <name>T32_INT2_IRQHandler</name>
         <value>0x6a9</value>
         <object_component_ref idref="oc-2c"/>
      </symbol>
      <symbol id="sm-14d">
         <name>PendSV_Handler</name>
         <value>0x671</value>
         <object_component_ref idref="oc-2c"/>
      </symbol>
      <symbol id="sm-14e">
         <name>EUSCIA3_IRQHandler</name>
         <value>0x69b</value>
         <object_component_ref idref="oc-2c"/>
      </symbol>
      <symbol id="sm-14f">
         <name>SVC_Handler</name>
         <value>0x66d</value>
         <object_component_ref idref="oc-2c"/>
      </symbol>
      <symbol id="sm-150">
         <name>EUSCIB1_IRQHandler</name>
         <value>0x69f</value>
         <object_component_ref idref="oc-2c"/>
      </symbol>
      <symbol id="sm-151">
         <name>PORT4_IRQHandler</name>
         <value>0x6c1</value>
         <object_component_ref idref="oc-2c"/>
      </symbol>
      <symbol id="sm-152">
         <name>AES256_IRQHandler</name>
         <value>0x6ad</value>
         <object_component_ref idref="oc-2c"/>
      </symbol>
      <symbol id="sm-153">
         <name>FPU_IRQHandler</name>
         <value>0x67d</value>
         <object_component_ref idref="oc-2c"/>
      </symbol>
      <symbol id="sm-154">
         <name>EUSCIB2_IRQHandler</name>
         <value>0x6a1</value>
         <object_component_ref idref="oc-2c"/>
      </symbol>
      <symbol id="sm-155">
         <name>PORT1_IRQHandler</name>
         <value>0x6bb</value>
         <object_component_ref idref="oc-2c"/>
      </symbol>
      <symbol id="sm-156">
         <name>RTC_C_IRQHandler</name>
         <value>0x6af</value>
         <object_component_ref idref="oc-2c"/>
      </symbol>
      <symbol id="sm-157">
         <name>TA2_0_IRQHandler</name>
         <value>0x68d</value>
         <object_component_ref idref="oc-2c"/>
      </symbol>
      <symbol id="sm-158">
         <name>TA3_N_IRQHandler</name>
         <value>0x693</value>
         <object_component_ref idref="oc-2c"/>
      </symbol>
      <symbol id="sm-159">
         <name>DMA_INT3_IRQHandler</name>
         <value>0x6b3</value>
         <object_component_ref idref="oc-2c"/>
      </symbol>
      <symbol id="sm-15a">
         <name>PORT2_IRQHandler</name>
         <value>0x6bd</value>
         <object_component_ref idref="oc-2c"/>
      </symbol>
      <symbol id="sm-15b">
         <name>StartCritical</name>
         <value>0x6d3</value>
         <object_component_ref idref="oc-2c"/>
      </symbol>
      <symbol id="sm-15c">
         <name>TA0_0_IRQHandler</name>
         <value>0x685</value>
         <object_component_ref idref="oc-2c"/>
      </symbol>
      <symbol id="sm-15d">
         <name>PSS_IRQHandler</name>
         <value>0x675</value>
         <object_component_ref idref="oc-2c"/>
      </symbol>
      <symbol id="sm-15e">
         <name>TA1_N_IRQHandler</name>
         <value>0x68b</value>
         <object_component_ref idref="oc-2c"/>
      </symbol>
      <symbol id="sm-15f">
         <name>EUSCIA1_IRQHandler</name>
         <value>0x697</value>
         <object_component_ref idref="oc-2c"/>
      </symbol>
      <symbol id="sm-160">
         <name>EUSCIA2_IRQHandler</name>
         <value>0x699</value>
         <object_component_ref idref="oc-2c"/>
      </symbol>
      <symbol id="sm-161">
         <name>COMP_E0_IRQHandler</name>
         <value>0x681</value>
         <object_component_ref idref="oc-2c"/>
      </symbol>
      <symbol id="sm-162">
         <name>WDT_A_IRQHandler</name>
         <value>0x67b</value>
         <object_component_ref idref="oc-2c"/>
      </symbol>
      <symbol id="sm-163">
         <name>EUSCIB0_IRQHandler</name>
         <value>0x69d</value>
         <object_component_ref idref="oc-2c"/>
      </symbol>
      <symbol id="sm-164">
         <name>FLCTL_IRQHandler</name>
         <value>0x67f</value>
         <object_component_ref idref="oc-2c"/>
      </symbol>
      <symbol id="sm-165">
         <name>EndCritical</name>
         <value>0x6dd</value>
         <object_component_ref idref="oc-2c"/>
      </symbol>
      <symbol id="sm-166">
         <name>DMA_INT1_IRQHandler</name>
         <value>0x6b7</value>
         <object_component_ref idref="oc-2c"/>
      </symbol>
      <symbol id="sm-167">
         <name>PCM_IRQHandler</name>
         <value>0x679</value>
         <object_component_ref idref="oc-2c"/>
      </symbol>
      <symbol id="sm-168">
         <name>ADC14_IRQHandler</name>
         <value>0x6a5</value>
         <object_component_ref idref="oc-2c"/>
      </symbol>
      <symbol id="sm-169">
         <name>T32_INTC_IRQHandler</name>
         <value>0x6ab</value>
         <object_component_ref idref="oc-2c"/>
      </symbol>
      <symbol id="sm-16a">
         <name>DMA_INT2_IRQHandler</name>
         <value>0x6b5</value>
         <object_component_ref idref="oc-2c"/>
      </symbol>
      <symbol id="sm-16b">
         <name>TA3_0_IRQHandler</name>
         <value>0x691</value>
         <object_component_ref idref="oc-2c"/>
      </symbol>
      <symbol id="sm-16c">
         <name>EUSCIA0_IRQHandler</name>
         <value>0x695</value>
         <object_component_ref idref="oc-2c"/>
      </symbol>
      <symbol id="sm-16d">
         <name>DMA_ERR_IRQHandler</name>
         <value>0x6b1</value>
         <object_component_ref idref="oc-2c"/>
      </symbol>
      <symbol id="sm-16e">
         <name>DisableInterrupts</name>
         <value>0x6c7</value>
         <object_component_ref idref="oc-2c"/>
      </symbol>
      <symbol id="sm-16f">
         <name>PORT5_IRQHandler</name>
         <value>0x6c3</value>
         <object_component_ref idref="oc-2c"/>
      </symbol>
      <symbol id="sm-170">
         <name>TA1_0_IRQHandler</name>
         <value>0x689</value>
         <object_component_ref idref="oc-2c"/>
      </symbol>
      <symbol id="sm-171">
         <name>TA2_N_IRQHandler</name>
         <value>0x68f</value>
         <object_component_ref idref="oc-2c"/>
      </symbol>
      <symbol id="sm-172">
         <name>COMP_E1_IRQHandler</name>
         <value>0x683</value>
         <object_component_ref idref="oc-2c"/>
      </symbol>
      <symbol id="sm-173">
         <name>EUSCIB3_IRQHandler</name>
         <value>0x6a3</value>
         <object_component_ref idref="oc-2c"/>
      </symbol>
      <symbol id="sm-174">
         <name>WaitForInterrupt</name>
         <value>0x6e5</value>
         <object_component_ref idref="oc-2c"/>
      </symbol>
      <symbol id="sm-175">
         <name>interruptVectors</name>
         <value>0x0</value>
         <object_component_ref idref="oc-10"/>
      </symbol>
      <symbol id="sm-176">
         <name>EnableInterrupts</name>
         <value>0x6cd</value>
         <object_component_ref idref="oc-2c"/>
      </symbol>
      <symbol id="sm-177">
         <name>PORT6_IRQHandler</name>
         <value>0x6c5</value>
         <object_component_ref idref="oc-2c"/>
      </symbol>
      <symbol id="sm-178">
         <name>TA0_N_IRQHandler</name>
         <value>0x687</value>
         <object_component_ref idref="oc-2c"/>
      </symbol>
      <symbol id="sm-179">
         <name>T32_INT1_IRQHandler</name>
         <value>0x6a7</value>
         <object_component_ref idref="oc-2c"/>
      </symbol>
      <symbol id="sm-17a">
         <name>DebugMon_Handler</name>
         <value>0x66f</value>
         <object_component_ref idref="oc-2c"/>
      </symbol>
      <symbol id="sm-17b">
         <name>DMA_INT0_IRQHandler</name>
         <value>0x6b9</value>
         <object_component_ref idref="oc-2c"/>
      </symbol>
      <symbol id="sm-17c">
         <name>PORT3_IRQHandler</name>
         <value>0x6bf</value>
         <object_component_ref idref="oc-2c"/>
      </symbol>
      <symbol id="sm-17d">
         <name>CS_IRQHandler</name>
         <value>0x677</value>
         <object_component_ref idref="oc-2c"/>
      </symbol>
      <symbol id="sm-18e">
         <name>_c_int00</name>
         <value>0x8a5</value>
         <object_component_ref idref="oc-25"/>
      </symbol>
      <symbol id="sm-18f">
         <name>__stack</name>
         <value>0x2000fe00</value>
         <object_component_ref idref="oc-2b"/>
      </symbol>
      <symbol id="sm-1ad">
         <name>__TI_decompress_lzss</name>
         <value>0x7d5</value>
         <object_component_ref idref="oc-13"/>
      </symbol>
      <symbol id="sm-1c4">
         <name>__TI_decompress_none</name>
         <value>0x9c5</value>
         <object_component_ref idref="oc-19"/>
      </symbol>
      <symbol id="sm-1db">
         <name>__TI_zero_init</name>
         <value>0x9d3</value>
         <object_component_ref idref="oc-1f"/>
      </symbol>
      <symbol id="sm-1fc">
         <name>C$$EXIT</name>
         <value>0x8f9</value>
         <object_component_ref idref="oc-76"/>
      </symbol>
      <symbol id="sm-1fd">
         <name>abort</name>
         <value>0x8fd</value>
         <object_component_ref idref="oc-76"/>
      </symbol>
      <symbol id="sm-1fe">
         <name>exit</name>
         <value>0x905</value>
         <object_component_ref idref="oc-76"/>
      </symbol>
      <symbol id="sm-1ff">
         <name>__TI_dtors_ptr</name>
         <value>0x20000004</value>
         <object_component_ref idref="oc-c4"/>
      </symbol>
      <symbol id="sm-200">
         <name>__TI_cleanup_ptr</name>
         <value>0x20000000</value>
         <object_component_ref idref="oc-c4"/>
      </symbol>
      <symbol id="sm-201">
         <name>__TI_enable_exit_profile_output</name>
         <value>0x20000008</value>
         <object_component_ref idref="oc-c4"/>
      </symbol>
      <symbol id="sm-21c">
         <name>memcpy</name>
         <value>0x5b5</value>
         <object_component_ref idref="oc-46"/>
      </symbol>
      <symbol id="sm-21d">
         <name>__aeabi_memcpy</name>
         <value>0x5b5</value>
         <object_component_ref idref="oc-46"/>
      </symbol>
      <symbol id="sm-21e">
         <name>__aeabi_memcpy8</name>
         <value>0x5b5</value>
         <object_component_ref idref="oc-46"/>
      </symbol>
      <symbol id="sm-21f">
         <name>__aeabi_memcpy4</name>
         <value>0x5b5</value>
         <object_component_ref idref="oc-46"/>
      </symbol>
      <symbol id="sm-22e">
         <name>__aeabi_memset</name>
         <value>0x6ed</value>
         <object_component_ref idref="oc-52"/>
      </symbol>
      <symbol id="sm-22f">
         <name>memset</name>
         <value>0x6f3</value>
         <object_component_ref idref="oc-52"/>
      </symbol>
      <symbol id="sm-230">
         <name>__aeabi_memset8</name>
         <value>0x6ed</value>
         <object_component_ref idref="oc-52"/>
      </symbol>
      <symbol id="sm-231">
         <name>__aeabi_memset4</name>
         <value>0x6ed</value>
         <object_component_ref idref="oc-52"/>
      </symbol>
      <symbol id="sm-232">
         <name>__aeabi_memclr8</name>
         <value>0x6eb</value>
         <object_component_ref idref="oc-52"/>
      </symbol>
      <symbol id="sm-233">
         <name>__aeabi_memclr4</name>
         <value>0x6eb</value>
         <object_component_ref idref="oc-52"/>
      </symbol>
      <symbol id="sm-234">
         <name>__aeabi_memclr</name>
         <value>0x6eb</value>
         <object_component_ref idref="oc-52"/>
      </symbol>
      <symbol id="sm-23e">
         <name>__mpu_init</name>
         <value>0x9e3</value>
         <object_component_ref idref="oc-5e"/>
      </symbol>
      <symbol id="sm-248">
         <name>_system_pre_init</name>
         <value>0x9df</value>
         <object_component_ref idref="oc-64"/>
      </symbol>
      <symbol id="sm-250">
         <name>main_func_sp</name>
         <value>0x20000014</value>
         <object_component_ref idref="oc-7c"/>
      </symbol>
      <symbol id="sm-269">
         <name>_nop</name>
         <value>0x9bf</value>
         <object_component_ref idref="oc-ff"/>
      </symbol>
      <symbol id="sm-26a">
         <name>_lock</name>
         <value>0x2000000c</value>
         <object_component_ref idref="oc-c7"/>
      </symbol>
      <symbol id="sm-26b">
         <name>_unlock</name>
         <value>0x20000010</value>
         <object_component_ref idref="oc-c7"/>
      </symbol>
      <symbol id="sm-26c">
         <name>_register_lock</name>
         <value>0x9b7</value>
         <object_component_ref idref="oc-ff"/>
      </symbol>
      <symbol id="sm-26d">
         <name>_register_unlock</name>
         <value>0x9b1</value>
         <object_component_ref idref="oc-ff"/>
      </symbol>
      <symbol id="sm-281">
         <name>_args_main</name>
         <value>0x999</value>
         <object_component_ref idref="oc-70"/>
      </symbol>
      <symbol id="sm-2ab">
         <name>__TI_auto_init</name>
         <value>0x765</value>
         <object_component_ref idref="oc-6a"/>
      </symbol>
      <symbol id="sm-2c5">
         <name>copy_in</name>
         <value>0x94d</value>
         <object_component_ref idref="oc-ae"/>
      </symbol>
      <symbol id="sm-2cf">
         <name>_system_post_cinit</name>
         <value>0x9e5</value>
         <object_component_ref idref="oc-b4"/>
      </symbol>
      <symbol id="sm-2d0">
         <name>__TI_static_base__</name>
         <value>0x0</value>
      </symbol>
      <symbol id="sm-2d3">
         <name>SHT$$INIT_ARRAY$$Limit</name>
         <value>0x0</value>
      </symbol>
      <symbol id="sm-2d4">
         <name>SHT$$INIT_ARRAY$$Base</name>
         <value>0x0</value>
      </symbol>
   </symbol_table>
   <title>Link successful</title>
</link_info>
