******************************************************************************
                  TI ARM Linker PC v5.2.4                      
******************************************************************************
>> Linked Tue Oct 13 22:59:53 2015

OUTPUT FILE NAME:   <LCD_MSP432.out>
ENTRY POINT SYMBOL: "_c_int00"  address: 00000965


MEMORY CONFIGURATION

         name            origin    length      used     unused   attr    fill
----------------------  --------  ---------  --------  --------  ----  --------
  MAIN                  00000000   00040000  00000afc  0003f504  R  X
  INFO                  00200000   00004000  00000000  00004000  R  X
  SRAM_CODE             01000000   00010000  00000000  00010000  RW X
  SRAM_DATA             20000000   00010000  00000228  0000fdd8  RW  


SEGMENT ALLOCATION MAP

run origin  load origin   length   init length attrs members
----------  ----------- ---------- ----------- ----- -------
00000000    00000000    00000afc   00000afc    r-x
  00000000    00000000    00000144   00000144    r-- .intvecs
  00000144    00000144    00000994   00000994    r-x .text
  00000ad8    00000ad8    00000024   00000024    r-- .cinit
20000000    20000000    00000028   00000000    rw-
  20000000    20000000    00000028   00000000    rw- .data
2000fe00    2000fe00    00000200   00000000    rw-
  2000fe00    2000fe00    00000200   00000000    rw- .stack


SECTION ALLOCATION MAP

 output                                  attributes/
section   page    origin      length       input sections
--------  ----  ----------  ----------   ----------------
.intvecs   0    00000000    00000144     
                  00000000    00000144     msp432_startup_ccs.obj (.intvecs)

.text      0    00000144    00000994     
                  00000144    00000330     ClockSystem.obj (.text)
                  00000474    000001f0     LCD.obj (.text)
                  00000664    0000009c     rtsv7M4_T_le_v4SPD16_eabi.lib : memcpy_t2.obj (.text)
                  00000700    0000009a     msp432_startup_ccs.obj (.text)
                  0000079a    0000007a     rtsv7M4_T_le_v4SPD16_eabi.lib : memset_t2.obj (.text)
                  00000814    00000078     SysTick.obj (.text)
                  0000088c    0000006c     rtsv7M4_T_le_v4SPD16_eabi.lib : autoinit.obj (.text)
                  000008f8    0000006a                                   : copy_decompress_rle.obj (.text)
                  00000962    00000002     --HOLE-- [fill = 0]
                  00000964    00000050                                   : boot.obj (.text)
                  000009b4    0000004e     LCDTestMain.obj (.text)
                  00000a02    00000002     --HOLE-- [fill = 0]
                  00000a04    0000004c     rtsv7M4_T_le_v4SPD16_eabi.lib : cpy_tbl.obj (.text)
                  00000a50    00000044                                   : exit.obj (.text)
                  00000a94    00000018                                   : args_main.obj (.text)
                  00000aac    00000014                                   : _lock.obj (.text)
                  00000ac0    0000000e                                   : copy_decompress_none.obj (.text:decompress:none)
                  00000ace    00000006                                   : copy_decompress_rle.obj (.text:decompress:rle24)
                  00000ad4    00000004                                   : pre_init.obj (.text)

.cinit     0    00000ad8    00000024     
                  00000ad8    00000012     (.cinit..data.load) [load image, compression = rle]
                  00000aea    00000002     --HOLE-- [fill = 0]
                  00000aec    00000008     (__TI_handler_table)
                  00000af4    00000008     (__TI_cinit_table)

.data      0    20000000    00000028     UNINITIALIZED
                  20000000    00000014     ClockSystem.obj (.data)
                  20000014    00000008     rtsv7M4_T_le_v4SPD16_eabi.lib : _lock.obj (.data)
                  2000001c    00000008                                   : exit.obj (.data)
                  20000024    00000004                                   : stkdepth_vars.obj (.data)

.TI.persistent 
*          0    20000000    00000000     UNINITIALIZED

.stack     0    2000fe00    00000200     UNINITIALIZED
                  2000fe00    00000200     --HOLE--


LINKER GENERATED COPY TABLES

__TI_cinit_table @ 00000af4 records: 1, size/record: 8, table size: 8
	.data: load addr=00000ad8, load size=00000012 bytes, run addr=20000000, run size=00000028 bytes, compression=rle


LINKER GENERATED HANDLER TABLE

__TI_handler_table @ 00000aec records: 2, size/record: 4, table size: 8
	index: 0, handler: __TI_decompress_rle24
	index: 1, handler: __TI_decompress_none


GLOBAL SYMBOLS: SORTED ALPHABETICALLY BY Name 

address   name                    
-------   ----                    
00000755  ADC14_IRQHandler        
0000075d  AES256_IRQHandler       
00000a51  C$$EXIT                 
00000731  COMP_E0_IRQHandler      
00000733  COMP_E1_IRQHandler      
20000004  CPMwait                 
00000727  CS_IRQHandler           
00000145  Clock_Init              
0000027f  Clock_Init32kHz         
0000018f  Clock_Init48MHz         
00000371  Clock_InitLowPower      
20000010  Crystalstable           
00000761  DMA_ERR_IRQHandler      
00000769  DMA_INT0_IRQHandler     
00000767  DMA_INT1_IRQHandler     
00000765  DMA_INT2_IRQHandler     
00000763  DMA_INT3_IRQHandler     
0000071f  DebugMon_Handler        
00000777  DisableInterrupts       
00000745  EUSCIA0_IRQHandler      
00000747  EUSCIA1_IRQHandler      
00000749  EUSCIA2_IRQHandler      
0000074b  EUSCIA3_IRQHandler      
0000074d  EUSCIB0_IRQHandler      
0000074f  EUSCIB1_IRQHandler      
00000751  EUSCIB2_IRQHandler      
00000753  EUSCIB3_IRQHandler      
0000077d  EnableInterrupts        
0000078d  EndCritical             
0000072f  FLCTL_IRQHandler        
0000072d  FPU_IRQHandler          
2000000c  IFlags                  
0000058f  LCD_Clear               
000004b5  LCD_Init                
0000054f  LCD_OutChar             
000005af  LCD_OutString           
000005cd  LCD_OutUDec             
000005fd  LCD_OutUHex             
00000729  PCM_IRQHandler          
0000076b  PORT1_IRQHandler        
0000076d  PORT2_IRQHandler        
0000076f  PORT3_IRQHandler        
00000771  PORT4_IRQHandler        
00000773  PORT5_IRQHandler        
00000775  PORT6_IRQHandler        
00000725  PSS_IRQHandler          
00000721  PendSV_Handler          
20000008  Postwait                
20000000  Prewait                 
0000075f  RTC_C_IRQHandler        
UNDEFED   SHT$$INIT_ARRAY$$Base   
UNDEFED   SHT$$INIT_ARRAY$$Limit  
0000071d  SVC_Handler             
00000783  StartCritical           
00000723  SysTick_Handler         
00000815  SysTick_Init            
00000831  SysTick_Wait            
00000857  SysTick_Wait10ms        
00000757  T32_INT1_IRQHandler     
00000759  T32_INT2_IRQHandler     
0000075b  T32_INTC_IRQHandler     
00000735  TA0_0_IRQHandler        
00000737  TA0_N_IRQHandler        
00000739  TA1_0_IRQHandler        
0000073b  TA1_N_IRQHandler        
0000073d  TA2_0_IRQHandler        
0000073f  TA2_N_IRQHandler        
00000741  TA3_0_IRQHandler        
00000743  TA3_N_IRQHandler        
4000480c  WDTCTL_SYM              
0000072b  WDT_A_IRQHandler        
00000795  WaitForInterrupt        
20010000  __STACK_END             
00000200  __STACK_SIZE            
00000af4  __TI_CINIT_Base         
00000afc  __TI_CINIT_Limit        
00000aec  __TI_Handler_Table_Base 
00000af4  __TI_Handler_Table_Limit
0000088d  __TI_auto_init          
2000001c  __TI_cleanup_ptr        
00000ac1  __TI_decompress_none    
00000acf  __TI_decompress_rle24   
20000020  __TI_dtors_ptr          
00000000  __TI_static_base__      
0000079b  __aeabi_memclr          
0000079b  __aeabi_memclr4         
0000079b  __aeabi_memclr8         
00000665  __aeabi_memcpy          
00000665  __aeabi_memcpy4         
00000665  __aeabi_memcpy8         
0000079d  __aeabi_memset          
0000079d  __aeabi_memset4         
0000079d  __aeabi_memset8         
ffffffff  __binit__               
ffffffff  __c_args__              
2000fe00  __stack                 
00000a95  _args_main              
00000965  _c_int00                
20000014  _lock                   
00000abb  _nop                    
00000ab3  _register_lock          
00000aad  _register_unlock        
00000ad5  _system_pre_init        
20000018  _unlock                 
00000a55  abort                   
ffffffff  binit                   
00000a05  copy_in                 
00000a5d  exit                    
00000000  interruptVectors        
000009b5  main                    
20000024  main_func_sp            
00000665  memcpy                  
000007a3  memset                  


GLOBAL SYMBOLS: SORTED BY Symbol Address 

address   name                    
-------   ----                    
00000000  __TI_static_base__      
00000000  interruptVectors        
00000145  Clock_Init              
0000018f  Clock_Init48MHz         
00000200  __STACK_SIZE            
0000027f  Clock_Init32kHz         
00000371  Clock_InitLowPower      
000004b5  LCD_Init                
0000054f  LCD_OutChar             
0000058f  LCD_Clear               
000005af  LCD_OutString           
000005cd  LCD_OutUDec             
000005fd  LCD_OutUHex             
00000665  __aeabi_memcpy          
00000665  __aeabi_memcpy4         
00000665  __aeabi_memcpy8         
00000665  memcpy                  
0000071d  SVC_Handler             
0000071f  DebugMon_Handler        
00000721  PendSV_Handler          
00000723  SysTick_Handler         
00000725  PSS_IRQHandler          
00000727  CS_IRQHandler           
00000729  PCM_IRQHandler          
0000072b  WDT_A_IRQHandler        
0000072d  FPU_IRQHandler          
0000072f  FLCTL_IRQHandler        
00000731  COMP_E0_IRQHandler      
00000733  COMP_E1_IRQHandler      
00000735  TA0_0_IRQHandler        
00000737  TA0_N_IRQHandler        
00000739  TA1_0_IRQHandler        
0000073b  TA1_N_IRQHandler        
0000073d  TA2_0_IRQHandler        
0000073f  TA2_N_IRQHandler        
00000741  TA3_0_IRQHandler        
00000743  TA3_N_IRQHandler        
00000745  EUSCIA0_IRQHandler      
00000747  EUSCIA1_IRQHandler      
00000749  EUSCIA2_IRQHandler      
0000074b  EUSCIA3_IRQHandler      
0000074d  EUSCIB0_IRQHandler      
0000074f  EUSCIB1_IRQHandler      
00000751  EUSCIB2_IRQHandler      
00000753  EUSCIB3_IRQHandler      
00000755  ADC14_IRQHandler        
00000757  T32_INT1_IRQHandler     
00000759  T32_INT2_IRQHandler     
0000075b  T32_INTC_IRQHandler     
0000075d  AES256_IRQHandler       
0000075f  RTC_C_IRQHandler        
00000761  DMA_ERR_IRQHandler      
00000763  DMA_INT3_IRQHandler     
00000765  DMA_INT2_IRQHandler     
00000767  DMA_INT1_IRQHandler     
00000769  DMA_INT0_IRQHandler     
0000076b  PORT1_IRQHandler        
0000076d  PORT2_IRQHandler        
0000076f  PORT3_IRQHandler        
00000771  PORT4_IRQHandler        
00000773  PORT5_IRQHandler        
00000775  PORT6_IRQHandler        
00000777  DisableInterrupts       
0000077d  EnableInterrupts        
00000783  StartCritical           
0000078d  EndCritical             
00000795  WaitForInterrupt        
0000079b  __aeabi_memclr          
0000079b  __aeabi_memclr4         
0000079b  __aeabi_memclr8         
0000079d  __aeabi_memset          
0000079d  __aeabi_memset4         
0000079d  __aeabi_memset8         
000007a3  memset                  
00000815  SysTick_Init            
00000831  SysTick_Wait            
00000857  SysTick_Wait10ms        
0000088d  __TI_auto_init          
00000965  _c_int00                
000009b5  main                    
00000a05  copy_in                 
00000a51  C$$EXIT                 
00000a55  abort                   
00000a5d  exit                    
00000a95  _args_main              
00000aad  _register_unlock        
00000ab3  _register_lock          
00000abb  _nop                    
00000ac1  __TI_decompress_none    
00000acf  __TI_decompress_rle24   
00000ad5  _system_pre_init        
00000aec  __TI_Handler_Table_Base 
00000af4  __TI_CINIT_Base         
00000af4  __TI_Handler_Table_Limit
00000afc  __TI_CINIT_Limit        
20000000  Prewait                 
20000004  CPMwait                 
20000008  Postwait                
2000000c  IFlags                  
20000010  Crystalstable           
20000014  _lock                   
20000018  _unlock                 
2000001c  __TI_cleanup_ptr        
20000020  __TI_dtors_ptr          
20000024  main_func_sp            
2000fe00  __stack                 
20010000  __STACK_END             
4000480c  WDTCTL_SYM              
ffffffff  __binit__               
ffffffff  __c_args__              
ffffffff  binit                   
UNDEFED   SHT$$INIT_ARRAY$$Base   
UNDEFED   SHT$$INIT_ARRAY$$Limit  

[113 symbols]
